ARM GAS  C:\Users\Helon\AppData\Local\Temp\cciJCZfq.s 			page 1


   1              		.cpu cortex-m0
   2              		.fpu softvfp
   3              		.eabi_attribute 20, 1
   4              		.eabi_attribute 21, 1
   5              		.eabi_attribute 23, 3
   6              		.eabi_attribute 24, 1
   7              		.eabi_attribute 25, 1
   8              		.eabi_attribute 26, 1
   9              		.eabi_attribute 30, 1
  10              		.eabi_attribute 34, 0
  11              		.eabi_attribute 18, 4
  12              		.code	16
  13              		.file	"cyfitter_cfg.c"
  14              		.text
  15              	.Ltext0:
  16              		.cfi_sections	.debug_frame
  17              		.section	.text.AnalogSetDefault,"ax",%progbits
  18              		.align	2
  19              		.code	16
  20              		.thumb_func
  21              		.type	AnalogSetDefault, %function
  22              	AnalogSetDefault:
  23              	.LFB6:
  24              		.file 1 ".\\Generated_Source\\PSoC4\\cyfitter_cfg.c"
   1:.\Generated_Source\PSoC4/cyfitter_cfg.c **** /*******************************************************************************
   2:.\Generated_Source\PSoC4/cyfitter_cfg.c **** * File Name: cyfitter_cfg.c
   3:.\Generated_Source\PSoC4/cyfitter_cfg.c **** * 
   4:.\Generated_Source\PSoC4/cyfitter_cfg.c **** * PSoC Creator  3.3 CP2
   5:.\Generated_Source\PSoC4/cyfitter_cfg.c **** *
   6:.\Generated_Source\PSoC4/cyfitter_cfg.c **** * Description:
   7:.\Generated_Source\PSoC4/cyfitter_cfg.c **** * This file contains device initialization code.
   8:.\Generated_Source\PSoC4/cyfitter_cfg.c **** * Except for the user defined sections in CyClockStartupError(), this file should not be modified.
   9:.\Generated_Source\PSoC4/cyfitter_cfg.c **** * This file is automatically generated by PSoC Creator.
  10:.\Generated_Source\PSoC4/cyfitter_cfg.c **** *
  11:.\Generated_Source\PSoC4/cyfitter_cfg.c **** ********************************************************************************
  12:.\Generated_Source\PSoC4/cyfitter_cfg.c **** * Copyright (c) 2007-2015 Cypress Semiconductor.  All rights reserved.
  13:.\Generated_Source\PSoC4/cyfitter_cfg.c **** * You may use this file only in accordance with the license, terms, conditions, 
  14:.\Generated_Source\PSoC4/cyfitter_cfg.c **** * disclaimers, and limitations in the end user license agreement accompanying 
  15:.\Generated_Source\PSoC4/cyfitter_cfg.c **** * the software package with which this file was provided.
  16:.\Generated_Source\PSoC4/cyfitter_cfg.c **** ********************************************************************************/
  17:.\Generated_Source\PSoC4/cyfitter_cfg.c **** 
  18:.\Generated_Source\PSoC4/cyfitter_cfg.c **** #include <string.h>
  19:.\Generated_Source\PSoC4/cyfitter_cfg.c **** #include "cytypes.h"
  20:.\Generated_Source\PSoC4/cyfitter_cfg.c **** #include "cydevice_trm.h"
  21:.\Generated_Source\PSoC4/cyfitter_cfg.c **** #include "cyfitter.h"
  22:.\Generated_Source\PSoC4/cyfitter_cfg.c **** #include "CyLib.h"
  23:.\Generated_Source\PSoC4/cyfitter_cfg.c **** #include "CyLFClk.h"
  24:.\Generated_Source\PSoC4/cyfitter_cfg.c **** #include "cyfitter_cfg.h"
  25:.\Generated_Source\PSoC4/cyfitter_cfg.c **** 
  26:.\Generated_Source\PSoC4/cyfitter_cfg.c **** 
  27:.\Generated_Source\PSoC4/cyfitter_cfg.c **** #if defined(__GNUC__) || defined(__ARMCC_VERSION)
  28:.\Generated_Source\PSoC4/cyfitter_cfg.c ****     #define CYPACKED 
  29:.\Generated_Source\PSoC4/cyfitter_cfg.c ****     #define CYPACKED_ATTR __attribute__ ((packed))
  30:.\Generated_Source\PSoC4/cyfitter_cfg.c ****     #define CYALIGNED __attribute__ ((aligned))
  31:.\Generated_Source\PSoC4/cyfitter_cfg.c ****     #define CY_CFG_UNUSED __attribute__ ((unused))
  32:.\Generated_Source\PSoC4/cyfitter_cfg.c ****     #ifndef CY_CFG_SECTION
  33:.\Generated_Source\PSoC4/cyfitter_cfg.c ****         #define CY_CFG_SECTION __attribute__ ((section(".psocinit")))
ARM GAS  C:\Users\Helon\AppData\Local\Temp\cciJCZfq.s 			page 2


  34:.\Generated_Source\PSoC4/cyfitter_cfg.c ****     #endif
  35:.\Generated_Source\PSoC4/cyfitter_cfg.c ****     
  36:.\Generated_Source\PSoC4/cyfitter_cfg.c ****     #if defined(__ARMCC_VERSION)
  37:.\Generated_Source\PSoC4/cyfitter_cfg.c ****         #define CY_CFG_MEMORY_BARRIER() __memory_changed()
  38:.\Generated_Source\PSoC4/cyfitter_cfg.c ****     #else
  39:.\Generated_Source\PSoC4/cyfitter_cfg.c ****         #define CY_CFG_MEMORY_BARRIER() __sync_synchronize()
  40:.\Generated_Source\PSoC4/cyfitter_cfg.c ****     #endif
  41:.\Generated_Source\PSoC4/cyfitter_cfg.c ****     
  42:.\Generated_Source\PSoC4/cyfitter_cfg.c **** #elif defined(__ICCARM__)
  43:.\Generated_Source\PSoC4/cyfitter_cfg.c ****     #include <intrinsics.h>
  44:.\Generated_Source\PSoC4/cyfitter_cfg.c **** 
  45:.\Generated_Source\PSoC4/cyfitter_cfg.c ****     #define CYPACKED __packed
  46:.\Generated_Source\PSoC4/cyfitter_cfg.c ****     #define CYPACKED_ATTR 
  47:.\Generated_Source\PSoC4/cyfitter_cfg.c ****     #define CYALIGNED _Pragma("data_alignment=4")
  48:.\Generated_Source\PSoC4/cyfitter_cfg.c ****     #define CY_CFG_UNUSED _Pragma("diag_suppress=Pe177")
  49:.\Generated_Source\PSoC4/cyfitter_cfg.c ****     #define CY_CFG_SECTION _Pragma("location=\".psocinit\"")
  50:.\Generated_Source\PSoC4/cyfitter_cfg.c ****     
  51:.\Generated_Source\PSoC4/cyfitter_cfg.c ****     #define CY_CFG_MEMORY_BARRIER() __DMB()
  52:.\Generated_Source\PSoC4/cyfitter_cfg.c ****     
  53:.\Generated_Source\PSoC4/cyfitter_cfg.c **** #else
  54:.\Generated_Source\PSoC4/cyfitter_cfg.c ****     #error Unsupported toolchain
  55:.\Generated_Source\PSoC4/cyfitter_cfg.c **** #endif
  56:.\Generated_Source\PSoC4/cyfitter_cfg.c **** 
  57:.\Generated_Source\PSoC4/cyfitter_cfg.c **** 
  58:.\Generated_Source\PSoC4/cyfitter_cfg.c **** CY_CFG_UNUSED
  59:.\Generated_Source\PSoC4/cyfitter_cfg.c **** static void CYMEMZERO(void *s, size_t n);
  60:.\Generated_Source\PSoC4/cyfitter_cfg.c **** CY_CFG_UNUSED
  61:.\Generated_Source\PSoC4/cyfitter_cfg.c **** static void CYMEMZERO(void *s, size_t n)
  62:.\Generated_Source\PSoC4/cyfitter_cfg.c **** {
  63:.\Generated_Source\PSoC4/cyfitter_cfg.c **** 	(void)memset(s, 0, n);
  64:.\Generated_Source\PSoC4/cyfitter_cfg.c **** }
  65:.\Generated_Source\PSoC4/cyfitter_cfg.c **** CY_CFG_UNUSED
  66:.\Generated_Source\PSoC4/cyfitter_cfg.c **** static void CYCONFIGCPY(void *dest, const void *src, size_t n);
  67:.\Generated_Source\PSoC4/cyfitter_cfg.c **** CY_CFG_UNUSED
  68:.\Generated_Source\PSoC4/cyfitter_cfg.c **** static void CYCONFIGCPY(void *dest, const void *src, size_t n)
  69:.\Generated_Source\PSoC4/cyfitter_cfg.c **** {
  70:.\Generated_Source\PSoC4/cyfitter_cfg.c **** 	(void)memcpy(dest, src, n);
  71:.\Generated_Source\PSoC4/cyfitter_cfg.c **** }
  72:.\Generated_Source\PSoC4/cyfitter_cfg.c **** CY_CFG_UNUSED
  73:.\Generated_Source\PSoC4/cyfitter_cfg.c **** static void CYCONFIGCPYCODE(void *dest, const void *src, size_t n);
  74:.\Generated_Source\PSoC4/cyfitter_cfg.c **** CY_CFG_UNUSED
  75:.\Generated_Source\PSoC4/cyfitter_cfg.c **** static void CYCONFIGCPYCODE(void *dest, const void *src, size_t n)
  76:.\Generated_Source\PSoC4/cyfitter_cfg.c **** {
  77:.\Generated_Source\PSoC4/cyfitter_cfg.c **** 	(void)memcpy(dest, src, n);
  78:.\Generated_Source\PSoC4/cyfitter_cfg.c **** }
  79:.\Generated_Source\PSoC4/cyfitter_cfg.c **** 
  80:.\Generated_Source\PSoC4/cyfitter_cfg.c **** 
  81:.\Generated_Source\PSoC4/cyfitter_cfg.c **** 
  82:.\Generated_Source\PSoC4/cyfitter_cfg.c **** /* Clock startup error codes                                                   */
  83:.\Generated_Source\PSoC4/cyfitter_cfg.c **** #define CYCLOCKSTART_NO_ERROR    0u
  84:.\Generated_Source\PSoC4/cyfitter_cfg.c **** #define CYCLOCKSTART_XTAL_ERROR  1u
  85:.\Generated_Source\PSoC4/cyfitter_cfg.c **** #define CYCLOCKSTART_32KHZ_ERROR 2u
  86:.\Generated_Source\PSoC4/cyfitter_cfg.c **** #define CYCLOCKSTART_PLL_ERROR   3u
  87:.\Generated_Source\PSoC4/cyfitter_cfg.c **** 
  88:.\Generated_Source\PSoC4/cyfitter_cfg.c **** #ifdef CY_NEED_CYCLOCKSTARTUPERROR
  89:.\Generated_Source\PSoC4/cyfitter_cfg.c **** /*******************************************************************************
  90:.\Generated_Source\PSoC4/cyfitter_cfg.c **** * Function Name: CyClockStartupError
ARM GAS  C:\Users\Helon\AppData\Local\Temp\cciJCZfq.s 			page 3


  91:.\Generated_Source\PSoC4/cyfitter_cfg.c **** ********************************************************************************
  92:.\Generated_Source\PSoC4/cyfitter_cfg.c **** * Summary:
  93:.\Generated_Source\PSoC4/cyfitter_cfg.c **** *  If an error is encountered during clock configuration (crystal startup error,
  94:.\Generated_Source\PSoC4/cyfitter_cfg.c **** *  PLL lock error, etc.), the system will end up here.  Unless reimplemented by
  95:.\Generated_Source\PSoC4/cyfitter_cfg.c **** *  the customer, this function will stop in an infinite loop.
  96:.\Generated_Source\PSoC4/cyfitter_cfg.c **** *
  97:.\Generated_Source\PSoC4/cyfitter_cfg.c **** * Parameters:
  98:.\Generated_Source\PSoC4/cyfitter_cfg.c **** *   void
  99:.\Generated_Source\PSoC4/cyfitter_cfg.c **** *
 100:.\Generated_Source\PSoC4/cyfitter_cfg.c **** * Return:
 101:.\Generated_Source\PSoC4/cyfitter_cfg.c **** *   void
 102:.\Generated_Source\PSoC4/cyfitter_cfg.c **** *
 103:.\Generated_Source\PSoC4/cyfitter_cfg.c **** *******************************************************************************/
 104:.\Generated_Source\PSoC4/cyfitter_cfg.c **** CY_CFG_UNUSED
 105:.\Generated_Source\PSoC4/cyfitter_cfg.c **** static void CyClockStartupError(uint8 errorCode);
 106:.\Generated_Source\PSoC4/cyfitter_cfg.c **** CY_CFG_UNUSED
 107:.\Generated_Source\PSoC4/cyfitter_cfg.c **** static void CyClockStartupError(uint8 errorCode)
 108:.\Generated_Source\PSoC4/cyfitter_cfg.c **** {
 109:.\Generated_Source\PSoC4/cyfitter_cfg.c ****     /* To remove the compiler warning if errorCode not used.                */
 110:.\Generated_Source\PSoC4/cyfitter_cfg.c ****     errorCode = errorCode;
 111:.\Generated_Source\PSoC4/cyfitter_cfg.c **** 
 112:.\Generated_Source\PSoC4/cyfitter_cfg.c ****     /* `#START CyClockStartupError` */
 113:.\Generated_Source\PSoC4/cyfitter_cfg.c **** 
 114:.\Generated_Source\PSoC4/cyfitter_cfg.c ****     /* If we have a clock startup error (bad MHz crystal, PLL lock, etc.),  */
 115:.\Generated_Source\PSoC4/cyfitter_cfg.c ****     /* we will end up here to allow the customer to implement something to  */
 116:.\Generated_Source\PSoC4/cyfitter_cfg.c ****     /* deal with the clock condition.                                       */
 117:.\Generated_Source\PSoC4/cyfitter_cfg.c **** 
 118:.\Generated_Source\PSoC4/cyfitter_cfg.c ****     /* `#END` */
 119:.\Generated_Source\PSoC4/cyfitter_cfg.c **** 
 120:.\Generated_Source\PSoC4/cyfitter_cfg.c ****     /* If nothing else, stop here since the clocks have not started         */
 121:.\Generated_Source\PSoC4/cyfitter_cfg.c ****     /* correctly.                                                           */
 122:.\Generated_Source\PSoC4/cyfitter_cfg.c ****     while(1) {}
 123:.\Generated_Source\PSoC4/cyfitter_cfg.c **** }
 124:.\Generated_Source\PSoC4/cyfitter_cfg.c **** #endif
 125:.\Generated_Source\PSoC4/cyfitter_cfg.c **** 
 126:.\Generated_Source\PSoC4/cyfitter_cfg.c **** 
 127:.\Generated_Source\PSoC4/cyfitter_cfg.c **** 
 128:.\Generated_Source\PSoC4/cyfitter_cfg.c **** /*******************************************************************************
 129:.\Generated_Source\PSoC4/cyfitter_cfg.c **** * Function Name: ClockSetup
 130:.\Generated_Source\PSoC4/cyfitter_cfg.c **** ********************************************************************************
 131:.\Generated_Source\PSoC4/cyfitter_cfg.c **** *
 132:.\Generated_Source\PSoC4/cyfitter_cfg.c **** * Summary:
 133:.\Generated_Source\PSoC4/cyfitter_cfg.c **** *   Performs the initialization of all of the clocks in the device based on the
 134:.\Generated_Source\PSoC4/cyfitter_cfg.c **** *   settings in the Clock tab of the DWR.  This includes enabling the requested
 135:.\Generated_Source\PSoC4/cyfitter_cfg.c **** *   clocks and setting the necessary dividers to produce the desired frequency. 
 136:.\Generated_Source\PSoC4/cyfitter_cfg.c **** *
 137:.\Generated_Source\PSoC4/cyfitter_cfg.c **** * Parameters:
 138:.\Generated_Source\PSoC4/cyfitter_cfg.c **** *   void
 139:.\Generated_Source\PSoC4/cyfitter_cfg.c **** *
 140:.\Generated_Source\PSoC4/cyfitter_cfg.c **** * Return:
 141:.\Generated_Source\PSoC4/cyfitter_cfg.c **** *   void
 142:.\Generated_Source\PSoC4/cyfitter_cfg.c **** *
 143:.\Generated_Source\PSoC4/cyfitter_cfg.c **** *******************************************************************************/
 144:.\Generated_Source\PSoC4/cyfitter_cfg.c **** static void ClockSetup(void);
 145:.\Generated_Source\PSoC4/cyfitter_cfg.c **** CY_CFG_SECTION
 146:.\Generated_Source\PSoC4/cyfitter_cfg.c **** static void ClockSetup(void)
 147:.\Generated_Source\PSoC4/cyfitter_cfg.c **** {
ARM GAS  C:\Users\Helon\AppData\Local\Temp\cciJCZfq.s 			page 4


 148:.\Generated_Source\PSoC4/cyfitter_cfg.c **** 
 149:.\Generated_Source\PSoC4/cyfitter_cfg.c **** 	/* Set Flash Cycles based on max possible frequency in case a glitch occurs during ClockSetup(). *
 150:.\Generated_Source\PSoC4/cyfitter_cfg.c **** 	CY_SET_REG32((void CYXDATA *)(CYREG_CPUSS_FLASH_CTL), (0x0012u));
 151:.\Generated_Source\PSoC4/cyfitter_cfg.c **** 
 152:.\Generated_Source\PSoC4/cyfitter_cfg.c **** 	/* Start the WCO */
 153:.\Generated_Source\PSoC4/cyfitter_cfg.c **** 	CySysClkWcoStart();
 154:.\Generated_Source\PSoC4/cyfitter_cfg.c **** 	CyDelayCycles(12000000u); /* WCO may take up to 500ms to start */
 155:.\Generated_Source\PSoC4/cyfitter_cfg.c **** 	(void)CySysClkWcoSetPowerMode(CY_SYS_CLK_WCO_LPM);    /* Switch to the low power mode */
 156:.\Generated_Source\PSoC4/cyfitter_cfg.c **** 
 157:.\Generated_Source\PSoC4/cyfitter_cfg.c **** 	/* Setup and trim IMO based on desired frequency. */
 158:.\Generated_Source\PSoC4/cyfitter_cfg.c **** 	CySysClkWriteImoFreq(48u);
 159:.\Generated_Source\PSoC4/cyfitter_cfg.c **** 	/* CYDEV_CLK_ILO_CONFIG Starting address: CYDEV_CLK_ILO_CONFIG */
 160:.\Generated_Source\PSoC4/cyfitter_cfg.c **** 	CY_SET_XTND_REG32((void CYFAR *)(CYREG_CLK_ILO_CONFIG), 0x80000006u);
 161:.\Generated_Source\PSoC4/cyfitter_cfg.c **** 
 162:.\Generated_Source\PSoC4/cyfitter_cfg.c **** 	/* CYDEV_WDT_CONFIG Starting address: CYDEV_WDT_CONFIG */
 163:.\Generated_Source\PSoC4/cyfitter_cfg.c **** 	CY_SET_XTND_REG32((void CYFAR *)(CYREG_WDT_CONFIG), 0x40000000u);
 164:.\Generated_Source\PSoC4/cyfitter_cfg.c **** 
 165:.\Generated_Source\PSoC4/cyfitter_cfg.c **** 
 166:.\Generated_Source\PSoC4/cyfitter_cfg.c **** 	/* Enable fast start mode for XO */
 167:.\Generated_Source\PSoC4/cyfitter_cfg.c **** 	CY_SET_REG32((void*)CYREG_BLE_BLERD_BB_XO, CY_GET_REG32((void*)CYREG_BLE_BLERD_BB_XO) | (uint32)0x
 168:.\Generated_Source\PSoC4/cyfitter_cfg.c **** 	CY_SET_XTND_REG32((void CYFAR *)(CYREG_BLE_BLERD_BB_XO_CAPTRIM), 0x00003E2Du);
 169:.\Generated_Source\PSoC4/cyfitter_cfg.c **** 	/* Disable Crystal Stable Interrupt before enabling ECO */
 170:.\Generated_Source\PSoC4/cyfitter_cfg.c **** 	CY_SET_REG32((void*)CYREG_BLE_BLESS_LL_DSM_CTRL, CY_GET_REG32((void*)CYREG_BLE_BLESS_LL_DSM_CTRL) 
 171:.\Generated_Source\PSoC4/cyfitter_cfg.c **** 	/* Start the ECO and do not check status since it is not needed for HFCLK */
 172:.\Generated_Source\PSoC4/cyfitter_cfg.c **** 	(void)CySysClkEcoStart(2000u);
 173:.\Generated_Source\PSoC4/cyfitter_cfg.c **** 	CyDelayUs(1500u); /* Wait to stabalize */
 174:.\Generated_Source\PSoC4/cyfitter_cfg.c **** 
 175:.\Generated_Source\PSoC4/cyfitter_cfg.c **** 	/* Setup phase aligned clocks */
 176:.\Generated_Source\PSoC4/cyfitter_cfg.c **** 	CY_SET_REG32((void *)CYREG_PERI_DIV_16_CTL1, 0x00257F00u);
 177:.\Generated_Source\PSoC4/cyfitter_cfg.c **** 	CY_SET_REG32((void *)CYREG_PERI_DIV_CMD, 0x8000FF41u);
 178:.\Generated_Source\PSoC4/cyfitter_cfg.c **** 	CY_SET_REG32((void *)CYREG_PERI_DIV_16_CTL0, 0x00002200u);
 179:.\Generated_Source\PSoC4/cyfitter_cfg.c **** 	CY_SET_REG32((void *)CYREG_PERI_DIV_CMD, 0x8000FF40u);
 180:.\Generated_Source\PSoC4/cyfitter_cfg.c **** 
 181:.\Generated_Source\PSoC4/cyfitter_cfg.c **** 	/* CYDEV_CLK_IMO_CONFIG Starting address: CYDEV_CLK_IMO_CONFIG */
 182:.\Generated_Source\PSoC4/cyfitter_cfg.c **** 	CY_SET_XTND_REG32((void CYFAR *)(CYREG_CLK_IMO_CONFIG), 0x80000000u);
 183:.\Generated_Source\PSoC4/cyfitter_cfg.c **** 
 184:.\Generated_Source\PSoC4/cyfitter_cfg.c **** 	/* CYDEV_CLK_SELECT Starting address: CYDEV_CLK_SELECT */
 185:.\Generated_Source\PSoC4/cyfitter_cfg.c **** 	CY_SET_XTND_REG32((void CYFAR *)(CYREG_CLK_SELECT), 0x00040000u);
 186:.\Generated_Source\PSoC4/cyfitter_cfg.c **** 
 187:.\Generated_Source\PSoC4/cyfitter_cfg.c **** 	/* CYDEV_PERI_PCLK_CTL7 Starting address: CYDEV_PERI_PCLK_CTL7 */
 188:.\Generated_Source\PSoC4/cyfitter_cfg.c **** 	CY_SET_XTND_REG32((void CYFAR *)(CYREG_PERI_PCLK_CTL7), 0x00000041u);
 189:.\Generated_Source\PSoC4/cyfitter_cfg.c **** 
 190:.\Generated_Source\PSoC4/cyfitter_cfg.c **** 	/* CYDEV_PERI_PCLK_CTL2 Starting address: CYDEV_PERI_PCLK_CTL2 */
 191:.\Generated_Source\PSoC4/cyfitter_cfg.c **** 	CY_SET_XTND_REG32((void CYFAR *)(CYREG_PERI_PCLK_CTL2), 0x00000040u);
 192:.\Generated_Source\PSoC4/cyfitter_cfg.c **** 
 193:.\Generated_Source\PSoC4/cyfitter_cfg.c **** 	(void)CyIntSetVector(8u, &CySysWdtIsr);
 194:.\Generated_Source\PSoC4/cyfitter_cfg.c **** 	CyIntEnable(8u);
 195:.\Generated_Source\PSoC4/cyfitter_cfg.c **** 	CY_SET_XTND_REG32((void CYFAR *)(CYREG_WDT_CONFIG), 0x40000000u);
 196:.\Generated_Source\PSoC4/cyfitter_cfg.c **** }
 197:.\Generated_Source\PSoC4/cyfitter_cfg.c **** 
 198:.\Generated_Source\PSoC4/cyfitter_cfg.c **** 
 199:.\Generated_Source\PSoC4/cyfitter_cfg.c **** /* Analog API Functions */
 200:.\Generated_Source\PSoC4/cyfitter_cfg.c **** 
 201:.\Generated_Source\PSoC4/cyfitter_cfg.c **** 
 202:.\Generated_Source\PSoC4/cyfitter_cfg.c **** /*******************************************************************************
 203:.\Generated_Source\PSoC4/cyfitter_cfg.c **** * Function Name: AnalogSetDefault
 204:.\Generated_Source\PSoC4/cyfitter_cfg.c **** ********************************************************************************
ARM GAS  C:\Users\Helon\AppData\Local\Temp\cciJCZfq.s 			page 5


 205:.\Generated_Source\PSoC4/cyfitter_cfg.c **** *
 206:.\Generated_Source\PSoC4/cyfitter_cfg.c **** * Summary:
 207:.\Generated_Source\PSoC4/cyfitter_cfg.c **** *  Sets up the analog portions of the chip to default values based on chip
 208:.\Generated_Source\PSoC4/cyfitter_cfg.c **** *  configuration options from the project.
 209:.\Generated_Source\PSoC4/cyfitter_cfg.c **** *
 210:.\Generated_Source\PSoC4/cyfitter_cfg.c **** * Parameters:
 211:.\Generated_Source\PSoC4/cyfitter_cfg.c **** *  void
 212:.\Generated_Source\PSoC4/cyfitter_cfg.c **** *
 213:.\Generated_Source\PSoC4/cyfitter_cfg.c **** * Return:
 214:.\Generated_Source\PSoC4/cyfitter_cfg.c **** *  void
 215:.\Generated_Source\PSoC4/cyfitter_cfg.c **** *
 216:.\Generated_Source\PSoC4/cyfitter_cfg.c **** *******************************************************************************/
 217:.\Generated_Source\PSoC4/cyfitter_cfg.c **** static void AnalogSetDefault(void);
 218:.\Generated_Source\PSoC4/cyfitter_cfg.c **** static void AnalogSetDefault(void)
 219:.\Generated_Source\PSoC4/cyfitter_cfg.c **** {
  25              		.loc 1 219 0
  26              		.cfi_startproc
 220:.\Generated_Source\PSoC4/cyfitter_cfg.c **** 	CY_SET_XTND_REG32((void CYFAR *)CYREG_CTBM0_DFT_CTRL, 0x00000003u);
  27              		.loc 1 220 0
  28 0000 0323     		mov	r3, #3
  29 0002 044A     		ldr	r2, .L2
  30 0004 1360     		str	r3, [r2]
 221:.\Generated_Source\PSoC4/cyfitter_cfg.c **** 	CY_SET_XTND_REG32((void CYFAR *)CYREG_CTBM1_DFT_CTRL, 0x00000003u);
  31              		.loc 1 221 0
  32 0006 044A     		ldr	r2, .L2+4
  33 0008 1360     		str	r3, [r2]
 222:.\Generated_Source\PSoC4/cyfitter_cfg.c **** 	CY_SET_XTND_REG32((void CYFAR *)CYREG_PASS_DSAB_DSAB_CTRL, 0x00000000u);
  34              		.loc 1 222 0
  35 000a 0022     		mov	r2, #0
  36 000c 034B     		ldr	r3, .L2+8
  37 000e 1A60     		str	r2, [r3]
 223:.\Generated_Source\PSoC4/cyfitter_cfg.c **** }
  38              		.loc 1 223 0
  39              		@ sp needed
  40 0010 7047     		bx	lr
  41              	.L3:
  42 0012 C046     		.align	2
  43              	.L2:
  44 0014 30003040 		.word	1076887600
  45 0018 30003140 		.word	1076953136
  46 001c 000E3F40 		.word	1077874176
  47              		.cfi_endproc
  48              	.LFE6:
  49              		.size	AnalogSetDefault, .-AnalogSetDefault
  50              		.section	.text.CYMEMZERO,"ax",%progbits
  51              		.align	2
  52              		.code	16
  53              		.thumb_func
  54              		.type	CYMEMZERO, %function
  55              	CYMEMZERO:
  56              	.LFB2:
  62:.\Generated_Source\PSoC4/cyfitter_cfg.c **** 	(void)memset(s, 0, n);
  57              		.loc 1 62 0
  58              		.cfi_startproc
  59              	.LVL0:
  60 0000 08B5     		push	{r3, lr}
  61              		.cfi_def_cfa_offset 8
ARM GAS  C:\Users\Helon\AppData\Local\Temp\cciJCZfq.s 			page 6


  62              		.cfi_offset 3, -8
  63              		.cfi_offset 14, -4
  64 0002 0A1C     		mov	r2, r1
  63:.\Generated_Source\PSoC4/cyfitter_cfg.c **** }
  65              		.loc 1 63 0
  66 0004 0021     		mov	r1, #0
  67              	.LVL1:
  68 0006 FFF7FEFF 		bl	memset
  69              	.LVL2:
  64:.\Generated_Source\PSoC4/cyfitter_cfg.c **** CY_CFG_UNUSED
  70              		.loc 1 64 0
  71              		@ sp needed
  72 000a 08BD     		pop	{r3, pc}
  73              		.cfi_endproc
  74              	.LFE2:
  75              		.size	CYMEMZERO, .-CYMEMZERO
  76              		.section	.psocinit,"ax",%progbits
  77              		.align	2
  78              		.code	16
  79              		.thumb_func
  80              		.type	ClockSetup, %function
  81              	ClockSetup:
  82              	.LFB5:
 147:.\Generated_Source\PSoC4/cyfitter_cfg.c **** 
  83              		.loc 1 147 0
  84              		.cfi_startproc
  85 0000 38B5     		push	{r3, r4, r5, lr}
  86              		.cfi_def_cfa_offset 16
  87              		.cfi_offset 3, -16
  88              		.cfi_offset 4, -12
  89              		.cfi_offset 5, -8
  90              		.cfi_offset 14, -4
 150:.\Generated_Source\PSoC4/cyfitter_cfg.c **** 
  91              		.loc 1 150 0
  92 0002 1222     		mov	r2, #18
  93 0004 254B     		ldr	r3, .L6
  94 0006 1A60     		str	r2, [r3]
 153:.\Generated_Source\PSoC4/cyfitter_cfg.c **** 	CyDelayCycles(12000000u); /* WCO may take up to 500ms to start */
  95              		.loc 1 153 0
  96 0008 FFF7FEFF 		bl	CySysClkWcoStart
  97              	.LVL3:
 154:.\Generated_Source\PSoC4/cyfitter_cfg.c **** 	(void)CySysClkWcoSetPowerMode(CY_SYS_CLK_WCO_LPM);    /* Switch to the low power mode */
  98              		.loc 1 154 0
  99 000c 2448     		ldr	r0, .L6+4
 100 000e FFF7FEFF 		bl	CyDelayCycles
 101              	.LVL4:
 155:.\Generated_Source\PSoC4/cyfitter_cfg.c **** 
 102              		.loc 1 155 0
 103 0012 0120     		mov	r0, #1
 104 0014 FFF7FEFF 		bl	CySysClkWcoSetPowerMode
 105              	.LVL5:
 158:.\Generated_Source\PSoC4/cyfitter_cfg.c **** 	/* CYDEV_CLK_ILO_CONFIG Starting address: CYDEV_CLK_ILO_CONFIG */
 106              		.loc 1 158 0
 107 0018 3020     		mov	r0, #48
 108 001a FFF7FEFF 		bl	CySysClkWriteImoFreq
 109              	.LVL6:
 160:.\Generated_Source\PSoC4/cyfitter_cfg.c **** 
ARM GAS  C:\Users\Helon\AppData\Local\Temp\cciJCZfq.s 			page 7


 110              		.loc 1 160 0
 111 001e 214A     		ldr	r2, .L6+8
 112 0020 214B     		ldr	r3, .L6+12
 113 0022 1A60     		str	r2, [r3]
 163:.\Generated_Source\PSoC4/cyfitter_cfg.c **** 
 114              		.loc 1 163 0
 115 0024 214C     		ldr	r4, .L6+16
 116 0026 8025     		mov	r5, #128
 117 0028 ED05     		lsl	r5, r5, #23
 118 002a 2560     		str	r5, [r4]
 167:.\Generated_Source\PSoC4/cyfitter_cfg.c **** 	CY_SET_XTND_REG32((void CYFAR *)(CYREG_BLE_BLERD_BB_XO_CAPTRIM), 0x00003E2Du);
 119              		.loc 1 167 0
 120 002c 204A     		ldr	r2, .L6+20
 121 002e 1168     		ldr	r1, [r2]
 122 0030 0223     		mov	r3, #2
 123 0032 0B43     		orr	r3, r1
 124 0034 1360     		str	r3, [r2]
 168:.\Generated_Source\PSoC4/cyfitter_cfg.c **** 	/* Disable Crystal Stable Interrupt before enabling ECO */
 125              		.loc 1 168 0
 126 0036 1F4A     		ldr	r2, .L6+24
 127 0038 1F4B     		ldr	r3, .L6+28
 128 003a 1A60     		str	r2, [r3]
 170:.\Generated_Source\PSoC4/cyfitter_cfg.c **** 	/* Start the ECO and do not check status since it is not needed for HFCLK */
 129              		.loc 1 170 0
 130 003c 1F4A     		ldr	r2, .L6+32
 131 003e 1368     		ldr	r3, [r2]
 132 0040 0821     		mov	r1, #8
 133 0042 8B43     		bic	r3, r1
 134 0044 1360     		str	r3, [r2]
 172:.\Generated_Source\PSoC4/cyfitter_cfg.c **** 	CyDelayUs(1500u); /* Wait to stabalize */
 135              		.loc 1 172 0
 136 0046 FA20     		mov	r0, #250
 137 0048 C000     		lsl	r0, r0, #3
 138 004a FFF7FEFF 		bl	CySysClkEcoStart
 139              	.LVL7:
 173:.\Generated_Source\PSoC4/cyfitter_cfg.c **** 
 140              		.loc 1 173 0
 141 004e 1C48     		ldr	r0, .L6+36
 142 0050 FFF7FEFF 		bl	CyDelayUs
 143              	.LVL8:
 176:.\Generated_Source\PSoC4/cyfitter_cfg.c **** 	CY_SET_REG32((void *)CYREG_PERI_DIV_CMD, 0x8000FF41u);
 144              		.loc 1 176 0
 145 0054 1B4A     		ldr	r2, .L6+40
 146 0056 1C4B     		ldr	r3, .L6+44
 147 0058 1A60     		str	r2, [r3]
 177:.\Generated_Source\PSoC4/cyfitter_cfg.c **** 	CY_SET_REG32((void *)CYREG_PERI_DIV_16_CTL0, 0x00002200u);
 148              		.loc 1 177 0
 149 005a 1C4B     		ldr	r3, .L6+48
 150 005c 1C4A     		ldr	r2, .L6+52
 151 005e 1A60     		str	r2, [r3]
 178:.\Generated_Source\PSoC4/cyfitter_cfg.c **** 	CY_SET_REG32((void *)CYREG_PERI_DIV_CMD, 0x8000FF40u);
 152              		.loc 1 178 0
 153 0060 8821     		mov	r1, #136
 154 0062 8901     		lsl	r1, r1, #6
 155 0064 1B4A     		ldr	r2, .L6+56
 156 0066 1160     		str	r1, [r2]
 179:.\Generated_Source\PSoC4/cyfitter_cfg.c **** 
ARM GAS  C:\Users\Helon\AppData\Local\Temp\cciJCZfq.s 			page 8


 157              		.loc 1 179 0
 158 0068 1B4A     		ldr	r2, .L6+60
 159 006a 1A60     		str	r2, [r3]
 182:.\Generated_Source\PSoC4/cyfitter_cfg.c **** 
 160              		.loc 1 182 0
 161 006c 8022     		mov	r2, #128
 162 006e 1206     		lsl	r2, r2, #24
 163 0070 1A4B     		ldr	r3, .L6+64
 164 0072 1A60     		str	r2, [r3]
 185:.\Generated_Source\PSoC4/cyfitter_cfg.c **** 
 165              		.loc 1 185 0
 166 0074 8022     		mov	r2, #128
 167 0076 D202     		lsl	r2, r2, #11
 168 0078 194B     		ldr	r3, .L6+68
 169 007a 1A60     		str	r2, [r3]
 188:.\Generated_Source\PSoC4/cyfitter_cfg.c **** 
 170              		.loc 1 188 0
 171 007c 4122     		mov	r2, #65
 172 007e 194B     		ldr	r3, .L6+72
 173 0080 1A60     		str	r2, [r3]
 191:.\Generated_Source\PSoC4/cyfitter_cfg.c **** 
 174              		.loc 1 191 0
 175 0082 013A     		sub	r2, r2, #1
 176 0084 184B     		ldr	r3, .L6+76
 177 0086 1A60     		str	r2, [r3]
 193:.\Generated_Source\PSoC4/cyfitter_cfg.c **** 	CyIntEnable(8u);
 178              		.loc 1 193 0
 179 0088 0820     		mov	r0, #8
 180 008a 1849     		ldr	r1, .L6+80
 181 008c FFF7FEFF 		bl	CyIntSetVector
 182              	.LVL9:
 194:.\Generated_Source\PSoC4/cyfitter_cfg.c **** 	CY_SET_XTND_REG32((void CYFAR *)(CYREG_WDT_CONFIG), 0x40000000u);
 183              		.loc 1 194 0
 184 0090 0820     		mov	r0, #8
 185 0092 FFF7FEFF 		bl	CyIntEnable
 186              	.LVL10:
 195:.\Generated_Source\PSoC4/cyfitter_cfg.c **** }
 187              		.loc 1 195 0
 188 0096 2560     		str	r5, [r4]
 196:.\Generated_Source\PSoC4/cyfitter_cfg.c **** 
 189              		.loc 1 196 0
 190              		@ sp needed
 191 0098 38BD     		pop	{r3, r4, r5, pc}
 192              	.L7:
 193 009a C046     		.align	2
 194              	.L6:
 195 009c 30001040 		.word	1074790448
 196 00a0 001BB700 		.word	12000000
 197 00a4 06000080 		.word	-2147483642
 198 00a8 04010B40 		.word	1074462980
 199 00ac 0C020B40 		.word	1074463244
 200 00b0 78002E40 		.word	1076756600
 201 00b4 2D3E0000 		.word	15917
 202 00b8 7C002E40 		.word	1076756604
 203 00bc 6CF02E40 		.word	1076818028
 204 00c0 DC050000 		.word	1500
 205 00c4 007F2500 		.word	2457344
ARM GAS  C:\Users\Helon\AppData\Local\Temp\cciJCZfq.s 			page 9


 206 00c8 04030140 		.word	1073808132
 207 00cc 00000140 		.word	1073807360
 208 00d0 41FF0080 		.word	-2147418303
 209 00d4 00030140 		.word	1073808128
 210 00d8 40FF0080 		.word	-2147418304
 211 00dc 08010B40 		.word	1074462984
 212 00e0 00010B40 		.word	1074462976
 213 00e4 1C010140 		.word	1073807644
 214 00e8 08010140 		.word	1073807624
 215 00ec 00000000 		.word	CySysWdtIsr
 216              		.cfi_endproc
 217              	.LFE5:
 218              		.size	ClockSetup, .-ClockSetup
 219              		.align	2
 220              		.global	cyfitter_cfg
 221              		.code	16
 222              		.thumb_func
 223              		.type	cyfitter_cfg, %function
 224              	cyfitter_cfg:
 225              	.LFB7:
 224:.\Generated_Source\PSoC4/cyfitter_cfg.c **** 
 225:.\Generated_Source\PSoC4/cyfitter_cfg.c **** #define CY_AMUX_UNUSED CYREG_CM0_ROM_DWT
 226:.\Generated_Source\PSoC4/cyfitter_cfg.c **** 
 227:.\Generated_Source\PSoC4/cyfitter_cfg.c **** 
 228:.\Generated_Source\PSoC4/cyfitter_cfg.c **** /*******************************************************************************
 229:.\Generated_Source\PSoC4/cyfitter_cfg.c **** * Function Name: cyfitter_cfg
 230:.\Generated_Source\PSoC4/cyfitter_cfg.c **** ********************************************************************************
 231:.\Generated_Source\PSoC4/cyfitter_cfg.c **** * Summary:
 232:.\Generated_Source\PSoC4/cyfitter_cfg.c **** *  This function is called by the start-up code for the selected device. It
 233:.\Generated_Source\PSoC4/cyfitter_cfg.c **** *  performs all of the necessary device configuration based on the design
 234:.\Generated_Source\PSoC4/cyfitter_cfg.c **** *  settings.  This includes settings from the Design Wide Resources (DWR) such
 235:.\Generated_Source\PSoC4/cyfitter_cfg.c **** *  as Clocks and Pins as well as any component configuration that is necessary.
 236:.\Generated_Source\PSoC4/cyfitter_cfg.c **** *
 237:.\Generated_Source\PSoC4/cyfitter_cfg.c **** * Parameters:  
 238:.\Generated_Source\PSoC4/cyfitter_cfg.c **** *   void
 239:.\Generated_Source\PSoC4/cyfitter_cfg.c **** *
 240:.\Generated_Source\PSoC4/cyfitter_cfg.c **** * Return:
 241:.\Generated_Source\PSoC4/cyfitter_cfg.c **** *   void
 242:.\Generated_Source\PSoC4/cyfitter_cfg.c **** *
 243:.\Generated_Source\PSoC4/cyfitter_cfg.c **** *******************************************************************************/
 244:.\Generated_Source\PSoC4/cyfitter_cfg.c **** CY_CFG_SECTION
 245:.\Generated_Source\PSoC4/cyfitter_cfg.c **** void cyfitter_cfg(void)
 246:.\Generated_Source\PSoC4/cyfitter_cfg.c **** {
 226              		.loc 1 246 0
 227              		.cfi_startproc
 228 00f0 10B5     		push	{r4, lr}
 229              		.cfi_def_cfa_offset 8
 230              		.cfi_offset 4, -8
 231              		.cfi_offset 14, -4
 247:.\Generated_Source\PSoC4/cyfitter_cfg.c **** 	/* Disable interrupts by default. Let user enable if/when they want. */
 248:.\Generated_Source\PSoC4/cyfitter_cfg.c **** 	CyGlobalIntDisable;
 232              		.loc 1 248 0
 233              	@ 248 ".\Generated_Source\PSoC4\cyfitter_cfg.c" 1
 234 00f2 72B6     		CPSID   i
 235              	@ 0 "" 2
 249:.\Generated_Source\PSoC4/cyfitter_cfg.c **** 
 250:.\Generated_Source\PSoC4/cyfitter_cfg.c **** 	CY_SET_XTND_REG32((void CYFAR *)(CYREG_BLE_BLESS_LL_DSM_CTRL), 0x00000000u);
ARM GAS  C:\Users\Helon\AppData\Local\Temp\cciJCZfq.s 			page 10


 236              		.loc 1 250 0
 237              		.code	16
 238 00f4 0022     		mov	r2, #0
 239 00f6 264B     		ldr	r3, .L11
 240 00f8 1A60     		str	r2, [r3]
 241              	.LVL11:
 242              	.LBB2:
 251:.\Generated_Source\PSoC4/cyfitter_cfg.c **** 
 252:.\Generated_Source\PSoC4/cyfitter_cfg.c **** 	{
 253:.\Generated_Source\PSoC4/cyfitter_cfg.c **** 
 254:.\Generated_Source\PSoC4/cyfitter_cfg.c **** 		CYPACKED typedef struct {
 255:.\Generated_Source\PSoC4/cyfitter_cfg.c **** 			void CYFAR *address;
 256:.\Generated_Source\PSoC4/cyfitter_cfg.c **** 			uint16 size;
 257:.\Generated_Source\PSoC4/cyfitter_cfg.c **** 		} CYPACKED_ATTR cfg_memset_t;
 258:.\Generated_Source\PSoC4/cyfitter_cfg.c **** 
 259:.\Generated_Source\PSoC4/cyfitter_cfg.c **** 		static const cfg_memset_t CYCODE cfg_memset_list [] = {
 260:.\Generated_Source\PSoC4/cyfitter_cfg.c **** 			/* address, size */
 261:.\Generated_Source\PSoC4/cyfitter_cfg.c **** 			{(void CYFAR *)(CYDEV_UDB_P0_U0_BASE), 1024u},
 262:.\Generated_Source\PSoC4/cyfitter_cfg.c **** 			{(void CYFAR *)(CYDEV_UDB_DSI0_BASE), 1024u},
 263:.\Generated_Source\PSoC4/cyfitter_cfg.c **** 		};
 264:.\Generated_Source\PSoC4/cyfitter_cfg.c **** 
 265:.\Generated_Source\PSoC4/cyfitter_cfg.c **** 		uint8 CYDATA i;
 266:.\Generated_Source\PSoC4/cyfitter_cfg.c **** 
 267:.\Generated_Source\PSoC4/cyfitter_cfg.c **** 		/* Zero out critical memory blocks before beginning configuration */
 268:.\Generated_Source\PSoC4/cyfitter_cfg.c **** 		for (i = 0u; i < (sizeof(cfg_memset_list)/sizeof(cfg_memset_list[0])); i++)
 243              		.loc 1 268 0
 244 00fa 0024     		mov	r4, #0
 245 00fc 10E0     		b	.L9
 246              	.LVL12:
 247              	.L10:
 248              	.LBB3:
 269:.\Generated_Source\PSoC4/cyfitter_cfg.c **** 		{
 270:.\Generated_Source\PSoC4/cyfitter_cfg.c **** 			const cfg_memset_t CYCODE * CYDATA ms = &cfg_memset_list[i];
 271:.\Generated_Source\PSoC4/cyfitter_cfg.c **** 			CYMEMZERO(ms->address, (size_t)(uint32)(ms->size));
 249              		.loc 1 271 0 discriminator 3
 250 00fe 2548     		ldr	r0, .L11+4
 251 0100 6300     		lsl	r3, r4, #1
 252 0102 1A19     		add	r2, r3, r4
 253 0104 5200     		lsl	r2, r2, #1
 254 0106 8218     		add	r2, r0, r2
 255 0108 9188     		ldrh	r1, [r2, #4]
 256 010a 1B19     		add	r3, r3, r4
 257 010c 5B00     		lsl	r3, r3, #1
 258 010e 1A5A     		ldrh	r2, [r3, r0]
 259 0110 C318     		add	r3, r0, r3
 260 0112 5888     		ldrh	r0, [r3, #2]
 261 0114 0004     		lsl	r0, r0, #16
 262 0116 1043     		orr	r0, r2
 263 0118 FFF7FEFF 		bl	CYMEMZERO
 264              	.LVL13:
 265              	.LBE3:
 268:.\Generated_Source\PSoC4/cyfitter_cfg.c **** 		{
 266              		.loc 1 268 0 discriminator 3
 267 011c 0134     		add	r4, r4, #1
 268              	.LVL14:
 269 011e E4B2     		uxtb	r4, r4
 270              	.LVL15:
ARM GAS  C:\Users\Helon\AppData\Local\Temp\cciJCZfq.s 			page 11


 271              	.L9:
 268:.\Generated_Source\PSoC4/cyfitter_cfg.c **** 		{
 272              		.loc 1 268 0 is_stmt 0 discriminator 1
 273 0120 012C     		cmp	r4, #1
 274 0122 ECD9     		bls	.L10
 272:.\Generated_Source\PSoC4/cyfitter_cfg.c **** 		}
 273:.\Generated_Source\PSoC4/cyfitter_cfg.c **** 
 274:.\Generated_Source\PSoC4/cyfitter_cfg.c **** 		/* HSIOM Starting address: CYDEV_HSIOM_BASE */
 275:.\Generated_Source\PSoC4/cyfitter_cfg.c **** 		CY_SET_XTND_REG32((void CYFAR *)(CYREG_HSIOM_PORT_SEL3), 0x00990000u);
 275              		.loc 1 275 0 is_stmt 1
 276 0124 9923     		mov	r3, #153
 277 0126 1B04     		lsl	r3, r3, #16
 278 0128 1B4A     		ldr	r2, .L11+8
 279 012a 1360     		str	r3, [r2]
 276:.\Generated_Source\PSoC4/cyfitter_cfg.c **** 
 277:.\Generated_Source\PSoC4/cyfitter_cfg.c **** 		/* FORCED_HSIOM Starting address: CYDEV_HSIOM_PORT_SEL0 */
 278:.\Generated_Source\PSoC4/cyfitter_cfg.c **** 		CY_SET_XTND_REG32((void CYFAR *)(CYREG_HSIOM_PORT_SEL0), 0x00000000u);
 280              		.loc 1 278 0
 281 012c 0022     		mov	r2, #0
 282 012e 1B49     		ldr	r1, .L11+12
 283 0130 0A60     		str	r2, [r1]
 279:.\Generated_Source\PSoC4/cyfitter_cfg.c **** 
 280:.\Generated_Source\PSoC4/cyfitter_cfg.c **** 		/* IOPINS0_0 Starting address: CYDEV_GPIO_PRT0_PC */
 281:.\Generated_Source\PSoC4/cyfitter_cfg.c **** 		CY_SET_XTND_REG32((void CYFAR *)(CYREG_GPIO_PRT0_PC), 0x00000000u);
 284              		.loc 1 281 0
 285 0132 1B49     		ldr	r1, .L11+16
 286 0134 0A60     		str	r2, [r1]
 282:.\Generated_Source\PSoC4/cyfitter_cfg.c **** 
 283:.\Generated_Source\PSoC4/cyfitter_cfg.c **** 		/* UDB_PA_2 Starting address: CYDEV_UDB_PA2_BASE */
 284:.\Generated_Source\PSoC4/cyfitter_cfg.c **** 		CY_SET_XTND_REG32((void CYFAR *)(CYDEV_UDB_PA2_BASE), 0x00990000u);
 287              		.loc 1 284 0
 288 0136 1B4A     		ldr	r2, .L11+20
 289 0138 1360     		str	r3, [r2]
 285:.\Generated_Source\PSoC4/cyfitter_cfg.c **** 
 286:.\Generated_Source\PSoC4/cyfitter_cfg.c **** 		/* UDB_PA_3 Starting address: CYDEV_UDB_PA3_BASE */
 287:.\Generated_Source\PSoC4/cyfitter_cfg.c **** 		CY_SET_XTND_REG32((void CYFAR *)(CYDEV_UDB_PA3_BASE), 0x00990000u);
 290              		.loc 1 287 0
 291 013a 1B4A     		ldr	r2, .L11+24
 292 013c 1360     		str	r3, [r2]
 288:.\Generated_Source\PSoC4/cyfitter_cfg.c **** 
 289:.\Generated_Source\PSoC4/cyfitter_cfg.c **** 		/* Enable digital routing */
 290:.\Generated_Source\PSoC4/cyfitter_cfg.c **** 		CY_SET_XTND_REG8((void *)CYREG_UDB_UDBIF_BANK_CTL, CY_GET_XTND_REG8((void *)CYREG_UDB_UDBIF_BANK_
 293              		.loc 1 290 0
 294 013e 1B4B     		ldr	r3, .L11+28
 295 0140 1978     		ldrb	r1, [r3]
 296 0142 0222     		mov	r2, #2
 297 0144 0A43     		orr	r2, r1
 298 0146 1A70     		strb	r2, [r3]
 291:.\Generated_Source\PSoC4/cyfitter_cfg.c **** 
 292:.\Generated_Source\PSoC4/cyfitter_cfg.c **** 		/* Enable UDB array */
 293:.\Generated_Source\PSoC4/cyfitter_cfg.c **** 		CY_SET_XTND_REG8((void *)CYREG_UDB_UDBIF_WAIT_CFG, (uint8)((CY_GET_XTND_REG8((void *)CYREG_UDB_UD
 299              		.loc 1 293 0
 300 0148 1948     		ldr	r0, .L11+32
 301 014a 0278     		ldrb	r2, [r0]
 302 014c 3C21     		mov	r1, #60
 303 014e 8A43     		bic	r2, r1
 304 0150 2839     		sub	r1, r1, #40
ARM GAS  C:\Users\Helon\AppData\Local\Temp\cciJCZfq.s 			page 12


 305 0152 0A43     		orr	r2, r1
 306 0154 0270     		strb	r2, [r0]
 294:.\Generated_Source\PSoC4/cyfitter_cfg.c **** 		CY_SET_XTND_REG8((void *)CYREG_UDB_UDBIF_BANK_CTL, (uint8)(CY_GET_XTND_REG8((void *)CYREG_UDB_UDB
 307              		.loc 1 294 0
 308 0156 1978     		ldrb	r1, [r3]
 309 0158 1622     		mov	r2, #22
 310 015a 0A43     		orr	r2, r1
 311 015c 1A70     		strb	r2, [r3]
 312              	.LBE2:
 295:.\Generated_Source\PSoC4/cyfitter_cfg.c **** 	}
 296:.\Generated_Source\PSoC4/cyfitter_cfg.c **** 
 297:.\Generated_Source\PSoC4/cyfitter_cfg.c **** 	/* Perform second pass device configuration. These items must be configured in specific order afte
 298:.\Generated_Source\PSoC4/cyfitter_cfg.c **** 	/* IOPINS0_2 Starting address: CYDEV_GPIO_PRT2_BASE */
 299:.\Generated_Source\PSoC4/cyfitter_cfg.c **** 	CY_SET_XTND_REG32((void CYFAR *)(CYDEV_GPIO_PRT2_BASE), 0x00000040u);
 313              		.loc 1 299 0
 314 015e 4022     		mov	r2, #64
 315 0160 144B     		ldr	r3, .L11+36
 316 0162 1A60     		str	r2, [r3]
 300:.\Generated_Source\PSoC4/cyfitter_cfg.c **** 	CY_SET_XTND_REG32((void CYFAR *)(CYREG_GPIO_PRT2_PC), 0x00180C00u);
 317              		.loc 1 300 0
 318 0164 144A     		ldr	r2, .L11+40
 319 0166 154B     		ldr	r3, .L11+44
 320 0168 1A60     		str	r2, [r3]
 301:.\Generated_Source\PSoC4/cyfitter_cfg.c **** 
 302:.\Generated_Source\PSoC4/cyfitter_cfg.c **** 	/* IOPINS0_3 Starting address: CYDEV_GPIO_PRT3_BASE */
 303:.\Generated_Source\PSoC4/cyfitter_cfg.c **** 	CY_SET_XTND_REG32((void CYFAR *)(CYDEV_GPIO_PRT3_BASE), 0x00000060u);
 321              		.loc 1 303 0
 322 016a 6022     		mov	r2, #96
 323 016c 144B     		ldr	r3, .L11+48
 324 016e 1A60     		str	r2, [r3]
 304:.\Generated_Source\PSoC4/cyfitter_cfg.c **** 	CY_SET_XTND_REG32((void CYFAR *)(CYREG_GPIO_PRT3_PC), 0x001B1000u);
 325              		.loc 1 304 0
 326 0170 144A     		ldr	r2, .L11+52
 327 0172 154B     		ldr	r3, .L11+56
 328 0174 1A60     		str	r2, [r3]
 305:.\Generated_Source\PSoC4/cyfitter_cfg.c **** 	CY_SET_XTND_REG32((void CYFAR *)(CYREG_GPIO_PRT3_INTR_CFG), 0x00000200u);
 329              		.loc 1 305 0
 330 0176 8022     		mov	r2, #128
 331 0178 9200     		lsl	r2, r2, #2
 332 017a 144B     		ldr	r3, .L11+60
 333 017c 1A60     		str	r2, [r3]
 306:.\Generated_Source\PSoC4/cyfitter_cfg.c **** 	CY_SET_XTND_REG32((void CYFAR *)(CYREG_GPIO_PRT3_PC2), 0x00000020u);
 334              		.loc 1 306 0
 335 017e E13A     		sub	r2, r2, #225
 336 0180 FF3A     		sub	r2, r2, #255
 337 0182 134B     		ldr	r3, .L11+64
 338 0184 1A60     		str	r2, [r3]
 307:.\Generated_Source\PSoC4/cyfitter_cfg.c **** 
 308:.\Generated_Source\PSoC4/cyfitter_cfg.c **** 
 309:.\Generated_Source\PSoC4/cyfitter_cfg.c **** 	/* Setup clocks based on selections from Clock DWR */
 310:.\Generated_Source\PSoC4/cyfitter_cfg.c **** 	ClockSetup();
 339              		.loc 1 310 0
 340 0186 FFF73BFF 		bl	ClockSetup
 341              	.LVL16:
 311:.\Generated_Source\PSoC4/cyfitter_cfg.c **** 
 312:.\Generated_Source\PSoC4/cyfitter_cfg.c **** 	/* Perform basic analog initialization to defaults */
 313:.\Generated_Source\PSoC4/cyfitter_cfg.c **** 	AnalogSetDefault();
ARM GAS  C:\Users\Helon\AppData\Local\Temp\cciJCZfq.s 			page 13


 342              		.loc 1 313 0
 343 018a FFF7FEFF 		bl	AnalogSetDefault
 344              	.LVL17:
 314:.\Generated_Source\PSoC4/cyfitter_cfg.c **** 
 315:.\Generated_Source\PSoC4/cyfitter_cfg.c **** }
 345              		.loc 1 315 0
 346              		@ sp needed
 347              	.LVL18:
 348 018e 10BD     		pop	{r4, pc}
 349              	.L12:
 350              		.align	2
 351              	.L11:
 352 0190 6CF02E40 		.word	1076818028
 353 0194 00000000 		.word	.LANCHOR0
 354 0198 00030240 		.word	1073873664
 355 019c 00000240 		.word	1073872896
 356 01a0 08000440 		.word	1074003976
 357 01a4 20500F40 		.word	1074745376
 358 01a8 30500F40 		.word	1074745392
 359 01ac 00700F40 		.word	1074753536
 360 01b0 01700F40 		.word	1074753537
 361 01b4 00020440 		.word	1074004480
 362 01b8 000C1800 		.word	1575936
 363 01bc 08020440 		.word	1074004488
 364 01c0 00030440 		.word	1074004736
 365 01c4 00101B00 		.word	1773568
 366 01c8 08030440 		.word	1074004744
 367 01cc 0C030440 		.word	1074004748
 368 01d0 18030440 		.word	1074004760
 369              		.cfi_endproc
 370              	.LFE7:
 371              		.size	cyfitter_cfg, .-cyfitter_cfg
 372              		.section	.rodata
 373              		.align	2
 374              		.set	.LANCHOR0,. + 0
 375              		.type	cfg_memset_list.4742, %object
 376              		.size	cfg_memset_list.4742, 12
 377              	cfg_memset_list.4742:
 378 0000 00300F40 		.word	1074737152
 379 0004 0004     		.short	1024
 380 0006 00400F40 		.4byte	1074741248
 381 000a 0004     		.short	1024
 382              		.text
 383              	.Letext0:
 384              		.file 2 "c:\\program files (x86)\\cypress\\psoc creator\\3.3\\psoc creator\\import\\gnu\\arm\\4.9.
 385              		.file 3 ".\\Generated_Source\\PSoC4\\cytypes.h"
 386              		.file 4 ".\\Generated_Source\\PSoC4\\CyLib.h"
 387              		.file 5 ".\\Generated_Source\\PSoC4\\CyLFClk.h"
 388              		.section	.debug_info,"",%progbits
 389              	.Ldebug_info0:
 390 0000 6B030000 		.4byte	0x36b
 391 0004 0400     		.2byte	0x4
 392 0006 00000000 		.4byte	.Ldebug_abbrev0
 393 000a 04       		.byte	0x4
 394 000b 01       		.uleb128 0x1
 395 000c 1A020000 		.4byte	.LASF34
 396 0010 01       		.byte	0x1
ARM GAS  C:\Users\Helon\AppData\Local\Temp\cciJCZfq.s 			page 14


 397 0011 BB010000 		.4byte	.LASF35
 398 0015 6F000000 		.4byte	.LASF36
 399 0019 00000000 		.4byte	.Ldebug_ranges0+0
 400 001d 00000000 		.4byte	0
 401 0021 00000000 		.4byte	.Ldebug_line0
 402 0025 02       		.uleb128 0x2
 403 0026 04       		.byte	0x4
 404 0027 05       		.byte	0x5
 405 0028 696E7400 		.ascii	"int\000"
 406 002c 03       		.uleb128 0x3
 407 002d 14000000 		.4byte	.LASF11
 408 0031 02       		.byte	0x2
 409 0032 D4       		.byte	0xd4
 410 0033 37000000 		.4byte	0x37
 411 0037 04       		.uleb128 0x4
 412 0038 04       		.byte	0x4
 413 0039 07       		.byte	0x7
 414 003a 68010000 		.4byte	.LASF0
 415 003e 04       		.uleb128 0x4
 416 003f 01       		.byte	0x1
 417 0040 06       		.byte	0x6
 418 0041 D0020000 		.4byte	.LASF1
 419 0045 04       		.uleb128 0x4
 420 0046 01       		.byte	0x1
 421 0047 08       		.byte	0x8
 422 0048 29010000 		.4byte	.LASF2
 423 004c 04       		.uleb128 0x4
 424 004d 02       		.byte	0x2
 425 004e 05       		.byte	0x5
 426 004f A8020000 		.4byte	.LASF3
 427 0053 04       		.uleb128 0x4
 428 0054 02       		.byte	0x2
 429 0055 07       		.byte	0x7
 430 0056 56000000 		.4byte	.LASF4
 431 005a 04       		.uleb128 0x4
 432 005b 04       		.byte	0x4
 433 005c 05       		.byte	0x5
 434 005d C7020000 		.4byte	.LASF5
 435 0061 04       		.uleb128 0x4
 436 0062 04       		.byte	0x4
 437 0063 07       		.byte	0x7
 438 0064 F6000000 		.4byte	.LASF6
 439 0068 04       		.uleb128 0x4
 440 0069 08       		.byte	0x8
 441 006a 05       		.byte	0x5
 442 006b EC010000 		.4byte	.LASF7
 443 006f 04       		.uleb128 0x4
 444 0070 08       		.byte	0x8
 445 0071 07       		.byte	0x7
 446 0072 8A010000 		.4byte	.LASF8
 447 0076 04       		.uleb128 0x4
 448 0077 04       		.byte	0x4
 449 0078 07       		.byte	0x7
 450 0079 E3010000 		.4byte	.LASF9
 451 007d 05       		.uleb128 0x5
 452 007e 04       		.byte	0x4
 453 007f 06       		.uleb128 0x6
ARM GAS  C:\Users\Helon\AppData\Local\Temp\cciJCZfq.s 			page 15


 454 0080 04       		.byte	0x4
 455 0081 85000000 		.4byte	0x85
 456 0085 07       		.uleb128 0x7
 457 0086 04       		.uleb128 0x4
 458 0087 01       		.byte	0x1
 459 0088 08       		.byte	0x8
 460 0089 04020000 		.4byte	.LASF10
 461 008d 08       		.uleb128 0x8
 462 008e 08010000 		.4byte	.LASF12
 463 0092 03       		.byte	0x3
 464 0093 3801     		.2byte	0x138
 465 0095 45000000 		.4byte	0x45
 466 0099 08       		.uleb128 0x8
 467 009a 51010000 		.4byte	.LASF13
 468 009e 03       		.byte	0x3
 469 009f 3901     		.2byte	0x139
 470 00a1 53000000 		.4byte	0x53
 471 00a5 08       		.uleb128 0x8
 472 00a6 61010000 		.4byte	.LASF14
 473 00aa 03       		.byte	0x3
 474 00ab 3A01     		.2byte	0x13a
 475 00ad 61000000 		.4byte	0x61
 476 00b1 04       		.uleb128 0x4
 477 00b2 04       		.byte	0x4
 478 00b3 04       		.byte	0x4
 479 00b4 69000000 		.4byte	.LASF15
 480 00b8 04       		.uleb128 0x4
 481 00b9 08       		.byte	0x8
 482 00ba 04       		.byte	0x4
 483 00bb 3E010000 		.4byte	.LASF16
 484 00bf 08       		.uleb128 0x8
 485 00c0 58010000 		.4byte	.LASF17
 486 00c4 03       		.byte	0x3
 487 00c5 DA01     		.2byte	0x1da
 488 00c7 61000000 		.4byte	0x61
 489 00cb 08       		.uleb128 0x8
 490 00cc F1000000 		.4byte	.LASF18
 491 00d0 03       		.byte	0x3
 492 00d1 E201     		.2byte	0x1e2
 493 00d3 D7000000 		.4byte	0xd7
 494 00d7 09       		.uleb128 0x9
 495 00d8 8D000000 		.4byte	0x8d
 496 00dc 08       		.uleb128 0x8
 497 00dd 0E000000 		.4byte	.LASF19
 498 00e1 03       		.byte	0x3
 499 00e2 E401     		.2byte	0x1e4
 500 00e4 E8000000 		.4byte	0xe8
 501 00e8 09       		.uleb128 0x9
 502 00e9 A5000000 		.4byte	0xa5
 503 00ed 08       		.uleb128 0x8
 504 00ee A1010000 		.4byte	.LASF20
 505 00f2 03       		.byte	0x3
 506 00f3 F401     		.2byte	0x1f4
 507 00f5 7F000000 		.4byte	0x7f
 508 00f9 0A       		.uleb128 0xa
 509 00fa 1B000000 		.4byte	.LASF37
 510 00fe 01       		.byte	0x1
ARM GAS  C:\Users\Helon\AppData\Local\Temp\cciJCZfq.s 			page 16


 511 00ff DA       		.byte	0xda
 512 0100 00000000 		.4byte	.LFB6
 513 0104 20000000 		.4byte	.LFE6-.LFB6
 514 0108 01       		.uleb128 0x1
 515 0109 9C       		.byte	0x9c
 516 010a 0B       		.uleb128 0xb
 517 010b 1F010000 		.4byte	.LASF21
 518 010f 01       		.byte	0x1
 519 0110 3D       		.byte	0x3d
 520 0111 00000000 		.4byte	.LFB2
 521 0115 0C000000 		.4byte	.LFE2-.LFB2
 522 0119 01       		.uleb128 0x1
 523 011a 9C       		.byte	0x9c
 524 011b 57010000 		.4byte	0x157
 525 011f 0C       		.uleb128 0xc
 526 0120 7300     		.ascii	"s\000"
 527 0122 01       		.byte	0x1
 528 0123 3D       		.byte	0x3d
 529 0124 7D000000 		.4byte	0x7d
 530 0128 00000000 		.4byte	.LLST0
 531 012c 0C       		.uleb128 0xc
 532 012d 6E00     		.ascii	"n\000"
 533 012f 01       		.byte	0x1
 534 0130 3D       		.byte	0x3d
 535 0131 2C000000 		.4byte	0x2c
 536 0135 21000000 		.4byte	.LLST1
 537 0139 0D       		.uleb128 0xd
 538 013a 0A000000 		.4byte	.LVL2
 539 013e C6020000 		.4byte	0x2c6
 540 0142 0E       		.uleb128 0xe
 541 0143 01       		.uleb128 0x1
 542 0144 52       		.byte	0x52
 543 0145 03       		.uleb128 0x3
 544 0146 F3       		.byte	0xf3
 545 0147 01       		.uleb128 0x1
 546 0148 51       		.byte	0x51
 547 0149 0E       		.uleb128 0xe
 548 014a 01       		.uleb128 0x1
 549 014b 51       		.byte	0x51
 550 014c 01       		.uleb128 0x1
 551 014d 30       		.byte	0x30
 552 014e 0E       		.uleb128 0xe
 553 014f 01       		.uleb128 0x1
 554 0150 50       		.byte	0x50
 555 0151 03       		.uleb128 0x3
 556 0152 F3       		.byte	0xf3
 557 0153 01       		.uleb128 0x1
 558 0154 50       		.byte	0x50
 559 0155 00       		.byte	0
 560 0156 00       		.byte	0
 561 0157 0B       		.uleb128 0xb
 562 0158 4B000000 		.4byte	.LASF22
 563 015c 01       		.byte	0x1
 564 015d 92       		.byte	0x92
 565 015e 00000000 		.4byte	.LFB5
 566 0162 F0000000 		.4byte	.LFE5-.LFB5
 567 0166 01       		.uleb128 0x1
ARM GAS  C:\Users\Helon\AppData\Local\Temp\cciJCZfq.s 			page 17


 568 0167 9C       		.byte	0x9c
 569 0168 00020000 		.4byte	0x200
 570 016c 0F       		.uleb128 0xf
 571 016d 0C000000 		.4byte	.LVL3
 572 0171 E3020000 		.4byte	0x2e3
 573 0175 10       		.uleb128 0x10
 574 0176 12000000 		.4byte	.LVL4
 575 017a EA020000 		.4byte	0x2ea
 576 017e 8C010000 		.4byte	0x18c
 577 0182 0E       		.uleb128 0xe
 578 0183 01       		.uleb128 0x1
 579 0184 50       		.byte	0x50
 580 0185 05       		.uleb128 0x5
 581 0186 0C       		.byte	0xc
 582 0187 001BB700 		.4byte	0xb71b00
 583 018b 00       		.byte	0
 584 018c 10       		.uleb128 0x10
 585 018d 18000000 		.4byte	.LVL5
 586 0191 FB020000 		.4byte	0x2fb
 587 0195 9F010000 		.4byte	0x19f
 588 0199 0E       		.uleb128 0xe
 589 019a 01       		.uleb128 0x1
 590 019b 50       		.byte	0x50
 591 019c 01       		.uleb128 0x1
 592 019d 31       		.byte	0x31
 593 019e 00       		.byte	0
 594 019f 10       		.uleb128 0x10
 595 01a0 1E000000 		.4byte	.LVL6
 596 01a4 10030000 		.4byte	0x310
 597 01a8 B3010000 		.4byte	0x1b3
 598 01ac 0E       		.uleb128 0xe
 599 01ad 01       		.uleb128 0x1
 600 01ae 50       		.byte	0x50
 601 01af 02       		.uleb128 0x2
 602 01b0 08       		.byte	0x8
 603 01b1 30       		.byte	0x30
 604 01b2 00       		.byte	0
 605 01b3 10       		.uleb128 0x10
 606 01b4 4E000000 		.4byte	.LVL7
 607 01b8 21030000 		.4byte	0x321
 608 01bc C8010000 		.4byte	0x1c8
 609 01c0 0E       		.uleb128 0xe
 610 01c1 01       		.uleb128 0x1
 611 01c2 50       		.byte	0x50
 612 01c3 03       		.uleb128 0x3
 613 01c4 0A       		.byte	0xa
 614 01c5 D007     		.2byte	0x7d0
 615 01c7 00       		.byte	0
 616 01c8 10       		.uleb128 0x10
 617 01c9 54000000 		.4byte	.LVL8
 618 01cd 36030000 		.4byte	0x336
 619 01d1 DD010000 		.4byte	0x1dd
 620 01d5 0E       		.uleb128 0xe
 621 01d6 01       		.uleb128 0x1
 622 01d7 50       		.byte	0x50
 623 01d8 03       		.uleb128 0x3
 624 01d9 0A       		.byte	0xa
ARM GAS  C:\Users\Helon\AppData\Local\Temp\cciJCZfq.s 			page 18


 625 01da DC05     		.2byte	0x5dc
 626 01dc 00       		.byte	0
 627 01dd 10       		.uleb128 0x10
 628 01de 90000000 		.4byte	.LVL9
 629 01e2 47030000 		.4byte	0x347
 630 01e6 F0010000 		.4byte	0x1f0
 631 01ea 0E       		.uleb128 0xe
 632 01eb 01       		.uleb128 0x1
 633 01ec 50       		.byte	0x50
 634 01ed 01       		.uleb128 0x1
 635 01ee 38       		.byte	0x38
 636 01ef 00       		.byte	0
 637 01f0 0D       		.uleb128 0xd
 638 01f1 96000000 		.4byte	.LVL10
 639 01f5 61030000 		.4byte	0x361
 640 01f9 0E       		.uleb128 0xe
 641 01fa 01       		.uleb128 0x1
 642 01fb 50       		.byte	0x50
 643 01fc 01       		.uleb128 0x1
 644 01fd 38       		.byte	0x38
 645 01fe 00       		.byte	0
 646 01ff 00       		.byte	0
 647 0200 11       		.uleb128 0x11
 648 0201 75010000 		.4byte	.LASF38
 649 0205 01       		.byte	0x1
 650 0206 F5       		.byte	0xf5
 651 0207 F0000000 		.4byte	.LFB7
 652 020b E4000000 		.4byte	.LFE7-.LFB7
 653 020f 01       		.uleb128 0x1
 654 0210 9C       		.byte	0x9c
 655 0211 C6020000 		.4byte	0x2c6
 656 0215 12       		.uleb128 0x12
 657 0216 FA000000 		.4byte	.LBB2
 658 021a 64000000 		.4byte	.LBE2-.LBB2
 659 021e B3020000 		.4byte	0x2b3
 660 0222 13       		.uleb128 0x13
 661 0223 06       		.byte	0x6
 662 0224 01       		.byte	0x1
 663 0225 FE       		.byte	0xfe
 664 0226 44020000 		.4byte	0x244
 665 022a 14       		.uleb128 0x14
 666 022b 82010000 		.4byte	.LASF23
 667 022f 01       		.byte	0x1
 668 0230 FF       		.byte	0xff
 669 0231 7D000000 		.4byte	0x7d
 670 0235 00       		.byte	0
 671 0236 15       		.uleb128 0x15
 672 0237 D4000000 		.4byte	.LASF24
 673 023b 01       		.byte	0x1
 674 023c 0001     		.2byte	0x100
 675 023e 99000000 		.4byte	0x99
 676 0242 04       		.byte	0x4
 677 0243 00       		.byte	0
 678 0244 08       		.uleb128 0x8
 679 0245 AE010000 		.4byte	.LASF25
 680 0249 01       		.byte	0x1
 681 024a 0101     		.2byte	0x101
ARM GAS  C:\Users\Helon\AppData\Local\Temp\cciJCZfq.s 			page 19


 682 024c 22020000 		.4byte	0x222
 683 0250 16       		.uleb128 0x16
 684 0251 44020000 		.4byte	0x244
 685 0255 60020000 		.4byte	0x260
 686 0259 17       		.uleb128 0x17
 687 025a 76000000 		.4byte	0x76
 688 025e 01       		.byte	0x1
 689 025f 00       		.byte	0
 690 0260 18       		.uleb128 0x18
 691 0261 3B000000 		.4byte	.LASF26
 692 0265 01       		.byte	0x1
 693 0266 0301     		.2byte	0x103
 694 0268 72020000 		.4byte	0x272
 695 026c 05       		.uleb128 0x5
 696 026d 03       		.byte	0x3
 697 026e 00000000 		.4byte	cfg_memset_list.4742
 698 0272 19       		.uleb128 0x19
 699 0273 50020000 		.4byte	0x250
 700 0277 1A       		.uleb128 0x1a
 701 0278 6900     		.ascii	"i\000"
 702 027a 01       		.byte	0x1
 703 027b 0901     		.2byte	0x109
 704 027d 8D000000 		.4byte	0x8d
 705 0281 4D000000 		.4byte	.LLST2
 706 0285 1B       		.uleb128 0x1b
 707 0286 FE000000 		.4byte	.LBB3
 708 028a 1E000000 		.4byte	.LBE3-.LBB3
 709 028e 1A       		.uleb128 0x1a
 710 028f 6D7300   		.ascii	"ms\000"
 711 0292 01       		.byte	0x1
 712 0293 0E01     		.2byte	0x10e
 713 0295 9D020000 		.4byte	0x29d
 714 0299 77000000 		.4byte	.LLST3
 715 029d 06       		.uleb128 0x6
 716 029e 04       		.byte	0x4
 717 029f A3020000 		.4byte	0x2a3
 718 02a3 19       		.uleb128 0x19
 719 02a4 44020000 		.4byte	0x244
 720 02a8 0F       		.uleb128 0xf
 721 02a9 1C010000 		.4byte	.LVL13
 722 02ad 0A010000 		.4byte	0x10a
 723 02b1 00       		.byte	0
 724 02b2 00       		.byte	0
 725 02b3 0F       		.uleb128 0xf
 726 02b4 8A010000 		.4byte	.LVL16
 727 02b8 57010000 		.4byte	0x157
 728 02bc 0F       		.uleb128 0xf
 729 02bd 8E010000 		.4byte	.LVL17
 730 02c1 F9000000 		.4byte	0xf9
 731 02c5 00       		.byte	0
 732 02c6 1C       		.uleb128 0x1c
 733 02c7 37010000 		.4byte	.LASF27
 734 02cb 7D000000 		.4byte	0x7d
 735 02cf E3020000 		.4byte	0x2e3
 736 02d3 1D       		.uleb128 0x1d
 737 02d4 7D000000 		.4byte	0x7d
 738 02d8 1D       		.uleb128 0x1d
ARM GAS  C:\Users\Helon\AppData\Local\Temp\cciJCZfq.s 			page 20


 739 02d9 25000000 		.4byte	0x25
 740 02dd 1D       		.uleb128 0x1d
 741 02de 76000000 		.4byte	0x76
 742 02e2 00       		.byte	0
 743 02e3 1E       		.uleb128 0x1e
 744 02e4 0E010000 		.4byte	.LASF39
 745 02e8 05       		.byte	0x5
 746 02e9 25       		.byte	0x25
 747 02ea 1F       		.uleb128 0x1f
 748 02eb 00000000 		.4byte	.LASF28
 749 02ef 04       		.byte	0x4
 750 02f0 5D       		.byte	0x5d
 751 02f1 FB020000 		.4byte	0x2fb
 752 02f5 1D       		.uleb128 0x1d
 753 02f6 A5000000 		.4byte	0xa5
 754 02fa 00       		.byte	0
 755 02fb 20       		.uleb128 0x20
 756 02fc D9000000 		.4byte	.LASF30
 757 0300 05       		.byte	0x5
 758 0301 27       		.byte	0x27
 759 0302 A5000000 		.4byte	0xa5
 760 0306 10030000 		.4byte	0x310
 761 030a 1D       		.uleb128 0x1d
 762 030b A5000000 		.4byte	0xa5
 763 030f 00       		.byte	0
 764 0310 1F       		.uleb128 0x1f
 765 0311 B2020000 		.4byte	.LASF29
 766 0315 04       		.byte	0x4
 767 0316 38       		.byte	0x38
 768 0317 21030000 		.4byte	0x321
 769 031b 1D       		.uleb128 0x1d
 770 031c A5000000 		.4byte	0xa5
 771 0320 00       		.byte	0
 772 0321 20       		.uleb128 0x20
 773 0322 09020000 		.4byte	.LASF31
 774 0326 04       		.byte	0x4
 775 0327 87       		.byte	0x87
 776 0328 BF000000 		.4byte	0xbf
 777 032c 36030000 		.4byte	0x336
 778 0330 1D       		.uleb128 0x1d
 779 0331 A5000000 		.4byte	0xa5
 780 0335 00       		.byte	0
 781 0336 1F       		.uleb128 0x1f
 782 0337 FA010000 		.4byte	.LASF32
 783 033b 04       		.byte	0x4
 784 033c 5B       		.byte	0x5b
 785 033d 47030000 		.4byte	0x347
 786 0341 1D       		.uleb128 0x1d
 787 0342 99000000 		.4byte	0x99
 788 0346 00       		.byte	0
 789 0347 20       		.uleb128 0x20
 790 0348 2C000000 		.4byte	.LASF33
 791 034c 04       		.byte	0x4
 792 034d 49       		.byte	0x49
 793 034e ED000000 		.4byte	0xed
 794 0352 61030000 		.4byte	0x361
 795 0356 1D       		.uleb128 0x1d
ARM GAS  C:\Users\Helon\AppData\Local\Temp\cciJCZfq.s 			page 21


 796 0357 8D000000 		.4byte	0x8d
 797 035b 1D       		.uleb128 0x1d
 798 035c ED000000 		.4byte	0xed
 799 0360 00       		.byte	0
 800 0361 21       		.uleb128 0x21
 801 0362 45010000 		.4byte	.LASF40
 802 0366 04       		.byte	0x4
 803 0367 4F       		.byte	0x4f
 804 0368 1D       		.uleb128 0x1d
 805 0369 8D000000 		.4byte	0x8d
 806 036d 00       		.byte	0
 807 036e 00       		.byte	0
 808              		.section	.debug_abbrev,"",%progbits
 809              	.Ldebug_abbrev0:
 810 0000 01       		.uleb128 0x1
 811 0001 11       		.uleb128 0x11
 812 0002 01       		.byte	0x1
 813 0003 25       		.uleb128 0x25
 814 0004 0E       		.uleb128 0xe
 815 0005 13       		.uleb128 0x13
 816 0006 0B       		.uleb128 0xb
 817 0007 03       		.uleb128 0x3
 818 0008 0E       		.uleb128 0xe
 819 0009 1B       		.uleb128 0x1b
 820 000a 0E       		.uleb128 0xe
 821 000b 55       		.uleb128 0x55
 822 000c 17       		.uleb128 0x17
 823 000d 11       		.uleb128 0x11
 824 000e 01       		.uleb128 0x1
 825 000f 10       		.uleb128 0x10
 826 0010 17       		.uleb128 0x17
 827 0011 00       		.byte	0
 828 0012 00       		.byte	0
 829 0013 02       		.uleb128 0x2
 830 0014 24       		.uleb128 0x24
 831 0015 00       		.byte	0
 832 0016 0B       		.uleb128 0xb
 833 0017 0B       		.uleb128 0xb
 834 0018 3E       		.uleb128 0x3e
 835 0019 0B       		.uleb128 0xb
 836 001a 03       		.uleb128 0x3
 837 001b 08       		.uleb128 0x8
 838 001c 00       		.byte	0
 839 001d 00       		.byte	0
 840 001e 03       		.uleb128 0x3
 841 001f 16       		.uleb128 0x16
 842 0020 00       		.byte	0
 843 0021 03       		.uleb128 0x3
 844 0022 0E       		.uleb128 0xe
 845 0023 3A       		.uleb128 0x3a
 846 0024 0B       		.uleb128 0xb
 847 0025 3B       		.uleb128 0x3b
 848 0026 0B       		.uleb128 0xb
 849 0027 49       		.uleb128 0x49
 850 0028 13       		.uleb128 0x13
 851 0029 00       		.byte	0
 852 002a 00       		.byte	0
ARM GAS  C:\Users\Helon\AppData\Local\Temp\cciJCZfq.s 			page 22


 853 002b 04       		.uleb128 0x4
 854 002c 24       		.uleb128 0x24
 855 002d 00       		.byte	0
 856 002e 0B       		.uleb128 0xb
 857 002f 0B       		.uleb128 0xb
 858 0030 3E       		.uleb128 0x3e
 859 0031 0B       		.uleb128 0xb
 860 0032 03       		.uleb128 0x3
 861 0033 0E       		.uleb128 0xe
 862 0034 00       		.byte	0
 863 0035 00       		.byte	0
 864 0036 05       		.uleb128 0x5
 865 0037 0F       		.uleb128 0xf
 866 0038 00       		.byte	0
 867 0039 0B       		.uleb128 0xb
 868 003a 0B       		.uleb128 0xb
 869 003b 00       		.byte	0
 870 003c 00       		.byte	0
 871 003d 06       		.uleb128 0x6
 872 003e 0F       		.uleb128 0xf
 873 003f 00       		.byte	0
 874 0040 0B       		.uleb128 0xb
 875 0041 0B       		.uleb128 0xb
 876 0042 49       		.uleb128 0x49
 877 0043 13       		.uleb128 0x13
 878 0044 00       		.byte	0
 879 0045 00       		.byte	0
 880 0046 07       		.uleb128 0x7
 881 0047 15       		.uleb128 0x15
 882 0048 00       		.byte	0
 883 0049 27       		.uleb128 0x27
 884 004a 19       		.uleb128 0x19
 885 004b 00       		.byte	0
 886 004c 00       		.byte	0
 887 004d 08       		.uleb128 0x8
 888 004e 16       		.uleb128 0x16
 889 004f 00       		.byte	0
 890 0050 03       		.uleb128 0x3
 891 0051 0E       		.uleb128 0xe
 892 0052 3A       		.uleb128 0x3a
 893 0053 0B       		.uleb128 0xb
 894 0054 3B       		.uleb128 0x3b
 895 0055 05       		.uleb128 0x5
 896 0056 49       		.uleb128 0x49
 897 0057 13       		.uleb128 0x13
 898 0058 00       		.byte	0
 899 0059 00       		.byte	0
 900 005a 09       		.uleb128 0x9
 901 005b 35       		.uleb128 0x35
 902 005c 00       		.byte	0
 903 005d 49       		.uleb128 0x49
 904 005e 13       		.uleb128 0x13
 905 005f 00       		.byte	0
 906 0060 00       		.byte	0
 907 0061 0A       		.uleb128 0xa
 908 0062 2E       		.uleb128 0x2e
 909 0063 00       		.byte	0
ARM GAS  C:\Users\Helon\AppData\Local\Temp\cciJCZfq.s 			page 23


 910 0064 03       		.uleb128 0x3
 911 0065 0E       		.uleb128 0xe
 912 0066 3A       		.uleb128 0x3a
 913 0067 0B       		.uleb128 0xb
 914 0068 3B       		.uleb128 0x3b
 915 0069 0B       		.uleb128 0xb
 916 006a 27       		.uleb128 0x27
 917 006b 19       		.uleb128 0x19
 918 006c 11       		.uleb128 0x11
 919 006d 01       		.uleb128 0x1
 920 006e 12       		.uleb128 0x12
 921 006f 06       		.uleb128 0x6
 922 0070 40       		.uleb128 0x40
 923 0071 18       		.uleb128 0x18
 924 0072 9742     		.uleb128 0x2117
 925 0074 19       		.uleb128 0x19
 926 0075 00       		.byte	0
 927 0076 00       		.byte	0
 928 0077 0B       		.uleb128 0xb
 929 0078 2E       		.uleb128 0x2e
 930 0079 01       		.byte	0x1
 931 007a 03       		.uleb128 0x3
 932 007b 0E       		.uleb128 0xe
 933 007c 3A       		.uleb128 0x3a
 934 007d 0B       		.uleb128 0xb
 935 007e 3B       		.uleb128 0x3b
 936 007f 0B       		.uleb128 0xb
 937 0080 27       		.uleb128 0x27
 938 0081 19       		.uleb128 0x19
 939 0082 11       		.uleb128 0x11
 940 0083 01       		.uleb128 0x1
 941 0084 12       		.uleb128 0x12
 942 0085 06       		.uleb128 0x6
 943 0086 40       		.uleb128 0x40
 944 0087 18       		.uleb128 0x18
 945 0088 9742     		.uleb128 0x2117
 946 008a 19       		.uleb128 0x19
 947 008b 01       		.uleb128 0x1
 948 008c 13       		.uleb128 0x13
 949 008d 00       		.byte	0
 950 008e 00       		.byte	0
 951 008f 0C       		.uleb128 0xc
 952 0090 05       		.uleb128 0x5
 953 0091 00       		.byte	0
 954 0092 03       		.uleb128 0x3
 955 0093 08       		.uleb128 0x8
 956 0094 3A       		.uleb128 0x3a
 957 0095 0B       		.uleb128 0xb
 958 0096 3B       		.uleb128 0x3b
 959 0097 0B       		.uleb128 0xb
 960 0098 49       		.uleb128 0x49
 961 0099 13       		.uleb128 0x13
 962 009a 02       		.uleb128 0x2
 963 009b 17       		.uleb128 0x17
 964 009c 00       		.byte	0
 965 009d 00       		.byte	0
 966 009e 0D       		.uleb128 0xd
ARM GAS  C:\Users\Helon\AppData\Local\Temp\cciJCZfq.s 			page 24


 967 009f 898201   		.uleb128 0x4109
 968 00a2 01       		.byte	0x1
 969 00a3 11       		.uleb128 0x11
 970 00a4 01       		.uleb128 0x1
 971 00a5 31       		.uleb128 0x31
 972 00a6 13       		.uleb128 0x13
 973 00a7 00       		.byte	0
 974 00a8 00       		.byte	0
 975 00a9 0E       		.uleb128 0xe
 976 00aa 8A8201   		.uleb128 0x410a
 977 00ad 00       		.byte	0
 978 00ae 02       		.uleb128 0x2
 979 00af 18       		.uleb128 0x18
 980 00b0 9142     		.uleb128 0x2111
 981 00b2 18       		.uleb128 0x18
 982 00b3 00       		.byte	0
 983 00b4 00       		.byte	0
 984 00b5 0F       		.uleb128 0xf
 985 00b6 898201   		.uleb128 0x4109
 986 00b9 00       		.byte	0
 987 00ba 11       		.uleb128 0x11
 988 00bb 01       		.uleb128 0x1
 989 00bc 31       		.uleb128 0x31
 990 00bd 13       		.uleb128 0x13
 991 00be 00       		.byte	0
 992 00bf 00       		.byte	0
 993 00c0 10       		.uleb128 0x10
 994 00c1 898201   		.uleb128 0x4109
 995 00c4 01       		.byte	0x1
 996 00c5 11       		.uleb128 0x11
 997 00c6 01       		.uleb128 0x1
 998 00c7 31       		.uleb128 0x31
 999 00c8 13       		.uleb128 0x13
 1000 00c9 01       		.uleb128 0x1
 1001 00ca 13       		.uleb128 0x13
 1002 00cb 00       		.byte	0
 1003 00cc 00       		.byte	0
 1004 00cd 11       		.uleb128 0x11
 1005 00ce 2E       		.uleb128 0x2e
 1006 00cf 01       		.byte	0x1
 1007 00d0 3F       		.uleb128 0x3f
 1008 00d1 19       		.uleb128 0x19
 1009 00d2 03       		.uleb128 0x3
 1010 00d3 0E       		.uleb128 0xe
 1011 00d4 3A       		.uleb128 0x3a
 1012 00d5 0B       		.uleb128 0xb
 1013 00d6 3B       		.uleb128 0x3b
 1014 00d7 0B       		.uleb128 0xb
 1015 00d8 27       		.uleb128 0x27
 1016 00d9 19       		.uleb128 0x19
 1017 00da 11       		.uleb128 0x11
 1018 00db 01       		.uleb128 0x1
 1019 00dc 12       		.uleb128 0x12
 1020 00dd 06       		.uleb128 0x6
 1021 00de 40       		.uleb128 0x40
 1022 00df 18       		.uleb128 0x18
 1023 00e0 9742     		.uleb128 0x2117
ARM GAS  C:\Users\Helon\AppData\Local\Temp\cciJCZfq.s 			page 25


 1024 00e2 19       		.uleb128 0x19
 1025 00e3 01       		.uleb128 0x1
 1026 00e4 13       		.uleb128 0x13
 1027 00e5 00       		.byte	0
 1028 00e6 00       		.byte	0
 1029 00e7 12       		.uleb128 0x12
 1030 00e8 0B       		.uleb128 0xb
 1031 00e9 01       		.byte	0x1
 1032 00ea 11       		.uleb128 0x11
 1033 00eb 01       		.uleb128 0x1
 1034 00ec 12       		.uleb128 0x12
 1035 00ed 06       		.uleb128 0x6
 1036 00ee 01       		.uleb128 0x1
 1037 00ef 13       		.uleb128 0x13
 1038 00f0 00       		.byte	0
 1039 00f1 00       		.byte	0
 1040 00f2 13       		.uleb128 0x13
 1041 00f3 13       		.uleb128 0x13
 1042 00f4 01       		.byte	0x1
 1043 00f5 0B       		.uleb128 0xb
 1044 00f6 0B       		.uleb128 0xb
 1045 00f7 3A       		.uleb128 0x3a
 1046 00f8 0B       		.uleb128 0xb
 1047 00f9 3B       		.uleb128 0x3b
 1048 00fa 0B       		.uleb128 0xb
 1049 00fb 01       		.uleb128 0x1
 1050 00fc 13       		.uleb128 0x13
 1051 00fd 00       		.byte	0
 1052 00fe 00       		.byte	0
 1053 00ff 14       		.uleb128 0x14
 1054 0100 0D       		.uleb128 0xd
 1055 0101 00       		.byte	0
 1056 0102 03       		.uleb128 0x3
 1057 0103 0E       		.uleb128 0xe
 1058 0104 3A       		.uleb128 0x3a
 1059 0105 0B       		.uleb128 0xb
 1060 0106 3B       		.uleb128 0x3b
 1061 0107 0B       		.uleb128 0xb
 1062 0108 49       		.uleb128 0x49
 1063 0109 13       		.uleb128 0x13
 1064 010a 38       		.uleb128 0x38
 1065 010b 0B       		.uleb128 0xb
 1066 010c 00       		.byte	0
 1067 010d 00       		.byte	0
 1068 010e 15       		.uleb128 0x15
 1069 010f 0D       		.uleb128 0xd
 1070 0110 00       		.byte	0
 1071 0111 03       		.uleb128 0x3
 1072 0112 0E       		.uleb128 0xe
 1073 0113 3A       		.uleb128 0x3a
 1074 0114 0B       		.uleb128 0xb
 1075 0115 3B       		.uleb128 0x3b
 1076 0116 05       		.uleb128 0x5
 1077 0117 49       		.uleb128 0x49
 1078 0118 13       		.uleb128 0x13
 1079 0119 38       		.uleb128 0x38
 1080 011a 0B       		.uleb128 0xb
ARM GAS  C:\Users\Helon\AppData\Local\Temp\cciJCZfq.s 			page 26


 1081 011b 00       		.byte	0
 1082 011c 00       		.byte	0
 1083 011d 16       		.uleb128 0x16
 1084 011e 01       		.uleb128 0x1
 1085 011f 01       		.byte	0x1
 1086 0120 49       		.uleb128 0x49
 1087 0121 13       		.uleb128 0x13
 1088 0122 01       		.uleb128 0x1
 1089 0123 13       		.uleb128 0x13
 1090 0124 00       		.byte	0
 1091 0125 00       		.byte	0
 1092 0126 17       		.uleb128 0x17
 1093 0127 21       		.uleb128 0x21
 1094 0128 00       		.byte	0
 1095 0129 49       		.uleb128 0x49
 1096 012a 13       		.uleb128 0x13
 1097 012b 2F       		.uleb128 0x2f
 1098 012c 0B       		.uleb128 0xb
 1099 012d 00       		.byte	0
 1100 012e 00       		.byte	0
 1101 012f 18       		.uleb128 0x18
 1102 0130 34       		.uleb128 0x34
 1103 0131 00       		.byte	0
 1104 0132 03       		.uleb128 0x3
 1105 0133 0E       		.uleb128 0xe
 1106 0134 3A       		.uleb128 0x3a
 1107 0135 0B       		.uleb128 0xb
 1108 0136 3B       		.uleb128 0x3b
 1109 0137 05       		.uleb128 0x5
 1110 0138 49       		.uleb128 0x49
 1111 0139 13       		.uleb128 0x13
 1112 013a 02       		.uleb128 0x2
 1113 013b 18       		.uleb128 0x18
 1114 013c 00       		.byte	0
 1115 013d 00       		.byte	0
 1116 013e 19       		.uleb128 0x19
 1117 013f 26       		.uleb128 0x26
 1118 0140 00       		.byte	0
 1119 0141 49       		.uleb128 0x49
 1120 0142 13       		.uleb128 0x13
 1121 0143 00       		.byte	0
 1122 0144 00       		.byte	0
 1123 0145 1A       		.uleb128 0x1a
 1124 0146 34       		.uleb128 0x34
 1125 0147 00       		.byte	0
 1126 0148 03       		.uleb128 0x3
 1127 0149 08       		.uleb128 0x8
 1128 014a 3A       		.uleb128 0x3a
 1129 014b 0B       		.uleb128 0xb
 1130 014c 3B       		.uleb128 0x3b
 1131 014d 05       		.uleb128 0x5
 1132 014e 49       		.uleb128 0x49
 1133 014f 13       		.uleb128 0x13
 1134 0150 02       		.uleb128 0x2
 1135 0151 17       		.uleb128 0x17
 1136 0152 00       		.byte	0
 1137 0153 00       		.byte	0
ARM GAS  C:\Users\Helon\AppData\Local\Temp\cciJCZfq.s 			page 27


 1138 0154 1B       		.uleb128 0x1b
 1139 0155 0B       		.uleb128 0xb
 1140 0156 01       		.byte	0x1
 1141 0157 11       		.uleb128 0x11
 1142 0158 01       		.uleb128 0x1
 1143 0159 12       		.uleb128 0x12
 1144 015a 06       		.uleb128 0x6
 1145 015b 00       		.byte	0
 1146 015c 00       		.byte	0
 1147 015d 1C       		.uleb128 0x1c
 1148 015e 2E       		.uleb128 0x2e
 1149 015f 01       		.byte	0x1
 1150 0160 3F       		.uleb128 0x3f
 1151 0161 19       		.uleb128 0x19
 1152 0162 03       		.uleb128 0x3
 1153 0163 0E       		.uleb128 0xe
 1154 0164 27       		.uleb128 0x27
 1155 0165 19       		.uleb128 0x19
 1156 0166 49       		.uleb128 0x49
 1157 0167 13       		.uleb128 0x13
 1158 0168 34       		.uleb128 0x34
 1159 0169 19       		.uleb128 0x19
 1160 016a 3C       		.uleb128 0x3c
 1161 016b 19       		.uleb128 0x19
 1162 016c 01       		.uleb128 0x1
 1163 016d 13       		.uleb128 0x13
 1164 016e 00       		.byte	0
 1165 016f 00       		.byte	0
 1166 0170 1D       		.uleb128 0x1d
 1167 0171 05       		.uleb128 0x5
 1168 0172 00       		.byte	0
 1169 0173 49       		.uleb128 0x49
 1170 0174 13       		.uleb128 0x13
 1171 0175 00       		.byte	0
 1172 0176 00       		.byte	0
 1173 0177 1E       		.uleb128 0x1e
 1174 0178 2E       		.uleb128 0x2e
 1175 0179 00       		.byte	0
 1176 017a 3F       		.uleb128 0x3f
 1177 017b 19       		.uleb128 0x19
 1178 017c 03       		.uleb128 0x3
 1179 017d 0E       		.uleb128 0xe
 1180 017e 3A       		.uleb128 0x3a
 1181 017f 0B       		.uleb128 0xb
 1182 0180 3B       		.uleb128 0x3b
 1183 0181 0B       		.uleb128 0xb
 1184 0182 27       		.uleb128 0x27
 1185 0183 19       		.uleb128 0x19
 1186 0184 3C       		.uleb128 0x3c
 1187 0185 19       		.uleb128 0x19
 1188 0186 00       		.byte	0
 1189 0187 00       		.byte	0
 1190 0188 1F       		.uleb128 0x1f
 1191 0189 2E       		.uleb128 0x2e
 1192 018a 01       		.byte	0x1
 1193 018b 3F       		.uleb128 0x3f
 1194 018c 19       		.uleb128 0x19
ARM GAS  C:\Users\Helon\AppData\Local\Temp\cciJCZfq.s 			page 28


 1195 018d 03       		.uleb128 0x3
 1196 018e 0E       		.uleb128 0xe
 1197 018f 3A       		.uleb128 0x3a
 1198 0190 0B       		.uleb128 0xb
 1199 0191 3B       		.uleb128 0x3b
 1200 0192 0B       		.uleb128 0xb
 1201 0193 27       		.uleb128 0x27
 1202 0194 19       		.uleb128 0x19
 1203 0195 3C       		.uleb128 0x3c
 1204 0196 19       		.uleb128 0x19
 1205 0197 01       		.uleb128 0x1
 1206 0198 13       		.uleb128 0x13
 1207 0199 00       		.byte	0
 1208 019a 00       		.byte	0
 1209 019b 20       		.uleb128 0x20
 1210 019c 2E       		.uleb128 0x2e
 1211 019d 01       		.byte	0x1
 1212 019e 3F       		.uleb128 0x3f
 1213 019f 19       		.uleb128 0x19
 1214 01a0 03       		.uleb128 0x3
 1215 01a1 0E       		.uleb128 0xe
 1216 01a2 3A       		.uleb128 0x3a
 1217 01a3 0B       		.uleb128 0xb
 1218 01a4 3B       		.uleb128 0x3b
 1219 01a5 0B       		.uleb128 0xb
 1220 01a6 27       		.uleb128 0x27
 1221 01a7 19       		.uleb128 0x19
 1222 01a8 49       		.uleb128 0x49
 1223 01a9 13       		.uleb128 0x13
 1224 01aa 3C       		.uleb128 0x3c
 1225 01ab 19       		.uleb128 0x19
 1226 01ac 01       		.uleb128 0x1
 1227 01ad 13       		.uleb128 0x13
 1228 01ae 00       		.byte	0
 1229 01af 00       		.byte	0
 1230 01b0 21       		.uleb128 0x21
 1231 01b1 2E       		.uleb128 0x2e
 1232 01b2 01       		.byte	0x1
 1233 01b3 3F       		.uleb128 0x3f
 1234 01b4 19       		.uleb128 0x19
 1235 01b5 03       		.uleb128 0x3
 1236 01b6 0E       		.uleb128 0xe
 1237 01b7 3A       		.uleb128 0x3a
 1238 01b8 0B       		.uleb128 0xb
 1239 01b9 3B       		.uleb128 0x3b
 1240 01ba 0B       		.uleb128 0xb
 1241 01bb 27       		.uleb128 0x27
 1242 01bc 19       		.uleb128 0x19
 1243 01bd 3C       		.uleb128 0x3c
 1244 01be 19       		.uleb128 0x19
 1245 01bf 00       		.byte	0
 1246 01c0 00       		.byte	0
 1247 01c1 00       		.byte	0
 1248              		.section	.debug_loc,"",%progbits
 1249              	.Ldebug_loc0:
 1250              	.LLST0:
 1251 0000 00000000 		.4byte	.LVL0
ARM GAS  C:\Users\Helon\AppData\Local\Temp\cciJCZfq.s 			page 29


 1252 0004 09000000 		.4byte	.LVL2-1
 1253 0008 0100     		.2byte	0x1
 1254 000a 50       		.byte	0x50
 1255 000b 09000000 		.4byte	.LVL2-1
 1256 000f 0C000000 		.4byte	.LFE2
 1257 0013 0400     		.2byte	0x4
 1258 0015 F3       		.byte	0xf3
 1259 0016 01       		.uleb128 0x1
 1260 0017 50       		.byte	0x50
 1261 0018 9F       		.byte	0x9f
 1262 0019 00000000 		.4byte	0
 1263 001d 00000000 		.4byte	0
 1264              	.LLST1:
 1265 0021 00000000 		.4byte	.LVL0
 1266 0025 06000000 		.4byte	.LVL1
 1267 0029 0100     		.2byte	0x1
 1268 002b 51       		.byte	0x51
 1269 002c 06000000 		.4byte	.LVL1
 1270 0030 09000000 		.4byte	.LVL2-1
 1271 0034 0100     		.2byte	0x1
 1272 0036 52       		.byte	0x52
 1273 0037 09000000 		.4byte	.LVL2-1
 1274 003b 0C000000 		.4byte	.LFE2
 1275 003f 0400     		.2byte	0x4
 1276 0041 F3       		.byte	0xf3
 1277 0042 01       		.uleb128 0x1
 1278 0043 51       		.byte	0x51
 1279 0044 9F       		.byte	0x9f
 1280 0045 00000000 		.4byte	0
 1281 0049 00000000 		.4byte	0
 1282              	.LLST2:
 1283 004d FA000000 		.4byte	.LVL11
 1284 0051 FE000000 		.4byte	.LVL12
 1285 0055 0200     		.2byte	0x2
 1286 0057 30       		.byte	0x30
 1287 0058 9F       		.byte	0x9f
 1288 0059 FE000000 		.4byte	.LVL12
 1289 005d 1E010000 		.4byte	.LVL14
 1290 0061 0100     		.2byte	0x1
 1291 0063 54       		.byte	0x54
 1292 0064 20010000 		.4byte	.LVL15
 1293 0068 8E010000 		.4byte	.LVL18
 1294 006c 0100     		.2byte	0x1
 1295 006e 54       		.byte	0x54
 1296 006f 00000000 		.4byte	0
 1297 0073 00000000 		.4byte	0
 1298              	.LLST3:
 1299 0077 FE000000 		.4byte	.LVL12
 1300 007b 1E010000 		.4byte	.LVL14
 1301 007f 0B00     		.2byte	0xb
 1302 0081 74       		.byte	0x74
 1303 0082 00       		.sleb128 0
 1304 0083 36       		.byte	0x36
 1305 0084 1E       		.byte	0x1e
 1306 0085 03       		.byte	0x3
 1307 0086 00000000 		.4byte	cfg_memset_list.4742
 1308 008a 22       		.byte	0x22
ARM GAS  C:\Users\Helon\AppData\Local\Temp\cciJCZfq.s 			page 30


 1309 008b 9F       		.byte	0x9f
 1310 008c 1E010000 		.4byte	.LVL14
 1311 0090 20010000 		.4byte	.LVL15
 1312 0094 0B00     		.2byte	0xb
 1313 0096 74       		.byte	0x74
 1314 0097 7F       		.sleb128 -1
 1315 0098 36       		.byte	0x36
 1316 0099 1E       		.byte	0x1e
 1317 009a 03       		.byte	0x3
 1318 009b 00000000 		.4byte	cfg_memset_list.4742
 1319 009f 22       		.byte	0x22
 1320 00a0 9F       		.byte	0x9f
 1321 00a1 00000000 		.4byte	0
 1322 00a5 00000000 		.4byte	0
 1323              		.section	.debug_aranges,"",%progbits
 1324 0000 34000000 		.4byte	0x34
 1325 0004 0200     		.2byte	0x2
 1326 0006 00000000 		.4byte	.Ldebug_info0
 1327 000a 04       		.byte	0x4
 1328 000b 00       		.byte	0
 1329 000c 0000     		.2byte	0
 1330 000e 0000     		.2byte	0
 1331 0010 00000000 		.4byte	.LFB6
 1332 0014 20000000 		.4byte	.LFE6-.LFB6
 1333 0018 00000000 		.4byte	.LFB2
 1334 001c 0C000000 		.4byte	.LFE2-.LFB2
 1335 0020 00000000 		.4byte	.LFB5
 1336 0024 F0000000 		.4byte	.LFE5-.LFB5
 1337 0028 F0000000 		.4byte	.LFB7
 1338 002c E4000000 		.4byte	.LFE7-.LFB7
 1339 0030 00000000 		.4byte	0
 1340 0034 00000000 		.4byte	0
 1341              		.section	.debug_ranges,"",%progbits
 1342              	.Ldebug_ranges0:
 1343 0000 00000000 		.4byte	.LFB6
 1344 0004 20000000 		.4byte	.LFE6
 1345 0008 00000000 		.4byte	.LFB2
 1346 000c 0C000000 		.4byte	.LFE2
 1347 0010 00000000 		.4byte	.LFB5
 1348 0014 F0000000 		.4byte	.LFE5
 1349 0018 F0000000 		.4byte	.LFB7
 1350 001c D4010000 		.4byte	.LFE7
 1351 0020 00000000 		.4byte	0
 1352 0024 00000000 		.4byte	0
 1353              		.section	.debug_line,"",%progbits
 1354              	.Ldebug_line0:
 1355 0000 64010000 		.section	.debug_str,"MS",%progbits,1
 1355      0200E500 
 1355      00000201 
 1355      FB0E0D00 
 1355      01010101 
 1356              	.LASF28:
 1357 0000 43794465 		.ascii	"CyDelayCycles\000"
 1357      6C617943 
 1357      79636C65 
 1357      7300
 1358              	.LASF19:
ARM GAS  C:\Users\Helon\AppData\Local\Temp\cciJCZfq.s 			page 31


 1359 000e 72656733 		.ascii	"reg32\000"
 1359      3200
 1360              	.LASF11:
 1361 0014 73697A65 		.ascii	"size_t\000"
 1361      5F7400
 1362              	.LASF37:
 1363 001b 416E616C 		.ascii	"AnalogSetDefault\000"
 1363      6F675365 
 1363      74446566 
 1363      61756C74 
 1363      00
 1364              	.LASF33:
 1365 002c 4379496E 		.ascii	"CyIntSetVector\000"
 1365      74536574 
 1365      56656374 
 1365      6F7200
 1366              	.LASF26:
 1367 003b 6366675F 		.ascii	"cfg_memset_list\000"
 1367      6D656D73 
 1367      65745F6C 
 1367      69737400 
 1368              	.LASF22:
 1369 004b 436C6F63 		.ascii	"ClockSetup\000"
 1369      6B536574 
 1369      757000
 1370              	.LASF4:
 1371 0056 73686F72 		.ascii	"short unsigned int\000"
 1371      7420756E 
 1371      7369676E 
 1371      65642069 
 1371      6E7400
 1372              	.LASF15:
 1373 0069 666C6F61 		.ascii	"float\000"
 1373      7400
 1374              	.LASF36:
 1375 006f 473A5C50 		.ascii	"G:\\Project\\LiYangLiu--HanJiang Meter\\Troughpur_C"
 1375      726F6A65 
 1375      63745C4C 
 1375      6959616E 
 1375      674C6975 
 1376 009f 656E7472 		.ascii	"entral_Peripheral\\Troughput_Central_Peripheral.cyd"
 1376      616C5F50 
 1376      65726970 
 1376      68657261 
 1376      6C5C5472 
 1377 00d1 736E00   		.ascii	"sn\000"
 1378              	.LASF24:
 1379 00d4 73697A65 		.ascii	"size\000"
 1379      00
 1380              	.LASF30:
 1381 00d9 43795379 		.ascii	"CySysClkWcoSetPowerMode\000"
 1381      73436C6B 
 1381      57636F53 
 1381      6574506F 
 1381      7765724D 
 1382              	.LASF18:
 1383 00f1 72656738 		.ascii	"reg8\000"
ARM GAS  C:\Users\Helon\AppData\Local\Temp\cciJCZfq.s 			page 32


 1383      00
 1384              	.LASF6:
 1385 00f6 6C6F6E67 		.ascii	"long unsigned int\000"
 1385      20756E73 
 1385      69676E65 
 1385      6420696E 
 1385      7400
 1386              	.LASF12:
 1387 0108 75696E74 		.ascii	"uint8\000"
 1387      3800
 1388              	.LASF39:
 1389 010e 43795379 		.ascii	"CySysClkWcoStart\000"
 1389      73436C6B 
 1389      57636F53 
 1389      74617274 
 1389      00
 1390              	.LASF21:
 1391 011f 43594D45 		.ascii	"CYMEMZERO\000"
 1391      4D5A4552 
 1391      4F00
 1392              	.LASF2:
 1393 0129 756E7369 		.ascii	"unsigned char\000"
 1393      676E6564 
 1393      20636861 
 1393      7200
 1394              	.LASF27:
 1395 0137 6D656D73 		.ascii	"memset\000"
 1395      657400
 1396              	.LASF16:
 1397 013e 646F7562 		.ascii	"double\000"
 1397      6C6500
 1398              	.LASF40:
 1399 0145 4379496E 		.ascii	"CyIntEnable\000"
 1399      74456E61 
 1399      626C6500 
 1400              	.LASF13:
 1401 0151 75696E74 		.ascii	"uint16\000"
 1401      313600
 1402              	.LASF17:
 1403 0158 63797374 		.ascii	"cystatus\000"
 1403      61747573 
 1403      00
 1404              	.LASF14:
 1405 0161 75696E74 		.ascii	"uint32\000"
 1405      333200
 1406              	.LASF0:
 1407 0168 756E7369 		.ascii	"unsigned int\000"
 1407      676E6564 
 1407      20696E74 
 1407      00
 1408              	.LASF38:
 1409 0175 63796669 		.ascii	"cyfitter_cfg\000"
 1409      74746572 
 1409      5F636667 
 1409      00
 1410              	.LASF23:
 1411 0182 61646472 		.ascii	"address\000"
ARM GAS  C:\Users\Helon\AppData\Local\Temp\cciJCZfq.s 			page 33


 1411      65737300 
 1412              	.LASF8:
 1413 018a 6C6F6E67 		.ascii	"long long unsigned int\000"
 1413      206C6F6E 
 1413      6720756E 
 1413      7369676E 
 1413      65642069 
 1414              	.LASF20:
 1415 01a1 63796973 		.ascii	"cyisraddress\000"
 1415      72616464 
 1415      72657373 
 1415      00
 1416              	.LASF25:
 1417 01ae 6366675F 		.ascii	"cfg_memset_t\000"
 1417      6D656D73 
 1417      65745F74 
 1417      00
 1418              	.LASF35:
 1419 01bb 2E5C4765 		.ascii	".\\Generated_Source\\PSoC4\\cyfitter_cfg.c\000"
 1419      6E657261 
 1419      7465645F 
 1419      536F7572 
 1419      63655C50 
 1420              	.LASF9:
 1421 01e3 73697A65 		.ascii	"sizetype\000"
 1421      74797065 
 1421      00
 1422              	.LASF7:
 1423 01ec 6C6F6E67 		.ascii	"long long int\000"
 1423      206C6F6E 
 1423      6720696E 
 1423      7400
 1424              	.LASF32:
 1425 01fa 43794465 		.ascii	"CyDelayUs\000"
 1425      6C617955 
 1425      7300
 1426              	.LASF10:
 1427 0204 63686172 		.ascii	"char\000"
 1427      00
 1428              	.LASF31:
 1429 0209 43795379 		.ascii	"CySysClkEcoStart\000"
 1429      73436C6B 
 1429      45636F53 
 1429      74617274 
 1429      00
 1430              	.LASF34:
 1431 021a 474E5520 		.ascii	"GNU C 4.9.3 20150303 (release) [ARM/embedded-4_9-br"
 1431      4320342E 
 1431      392E3320 
 1431      32303135 
 1431      30333033 
 1432 024d 616E6368 		.ascii	"anch revision 221220] -mcpu=cortex-m0 -mthumb -g -O"
 1432      20726576 
 1432      6973696F 
 1432      6E203232 
 1432      31323230 
 1433 0280 67202D66 		.ascii	"g -ffunction-sections -ffat-lto-objects\000"
ARM GAS  C:\Users\Helon\AppData\Local\Temp\cciJCZfq.s 			page 34


 1433      66756E63 
 1433      74696F6E 
 1433      2D736563 
 1433      74696F6E 
 1434              	.LASF3:
 1435 02a8 73686F72 		.ascii	"short int\000"
 1435      7420696E 
 1435      7400
 1436              	.LASF29:
 1437 02b2 43795379 		.ascii	"CySysClkWriteImoFreq\000"
 1437      73436C6B 
 1437      57726974 
 1437      65496D6F 
 1437      46726571 
 1438              	.LASF5:
 1439 02c7 6C6F6E67 		.ascii	"long int\000"
 1439      20696E74 
 1439      00
 1440              	.LASF1:
 1441 02d0 7369676E 		.ascii	"signed char\000"
 1441      65642063 
 1441      68617200 
 1442              		.ident	"GCC: (GNU Tools for ARM Embedded Processors) 4.9.3 20150303 (release) [ARM/embedded-4_9-br
