ARM GAS  C:\Users\Helon\AppData\Local\Temp\ccKeeQys.s 			page 1


   1              		.cpu cortex-m0
   2              		.fpu softvfp
   3              		.eabi_attribute 20, 1
   4              		.eabi_attribute 21, 1
   5              		.eabi_attribute 23, 3
   6              		.eabi_attribute 24, 1
   7              		.eabi_attribute 25, 1
   8              		.eabi_attribute 26, 1
   9              		.eabi_attribute 30, 4
  10              		.eabi_attribute 34, 0
  11              		.eabi_attribute 18, 4
  12              		.code	16
  13              		.file	"cyfitter_cfg.c"
  14              		.text
  15              	.Ltext0:
  16              		.cfi_sections	.debug_frame
  17              		.section	.psocinit,"ax",%progbits
  18              		.align	1
  19              		.global	cyfitter_cfg
  20              		.code	16
  21              		.thumb_func
  22              		.type	cyfitter_cfg, %function
  23              	cyfitter_cfg:
  24              	.LFB7:
  25              		.file 1 "Generated_Source\\PSoC4\\cyfitter_cfg.c"
   1:Generated_Source\PSoC4/cyfitter_cfg.c **** /*******************************************************************************
   2:Generated_Source\PSoC4/cyfitter_cfg.c **** * File Name: cyfitter_cfg.c
   3:Generated_Source\PSoC4/cyfitter_cfg.c **** * 
   4:Generated_Source\PSoC4/cyfitter_cfg.c **** * PSoC Creator  4.0
   5:Generated_Source\PSoC4/cyfitter_cfg.c **** *
   6:Generated_Source\PSoC4/cyfitter_cfg.c **** * Description:
   7:Generated_Source\PSoC4/cyfitter_cfg.c **** * This file contains device initialization code.
   8:Generated_Source\PSoC4/cyfitter_cfg.c **** * Except for the user defined sections in CyClockStartupError(), this file should not be modified.
   9:Generated_Source\PSoC4/cyfitter_cfg.c **** * This file is automatically generated by PSoC Creator.
  10:Generated_Source\PSoC4/cyfitter_cfg.c **** *
  11:Generated_Source\PSoC4/cyfitter_cfg.c **** ********************************************************************************
  12:Generated_Source\PSoC4/cyfitter_cfg.c **** * Copyright (c) 2007-2016 Cypress Semiconductor.  All rights reserved.
  13:Generated_Source\PSoC4/cyfitter_cfg.c **** * You may use this file only in accordance with the license, terms, conditions, 
  14:Generated_Source\PSoC4/cyfitter_cfg.c **** * disclaimers, and limitations in the end user license agreement accompanying 
  15:Generated_Source\PSoC4/cyfitter_cfg.c **** * the software package with which this file was provided.
  16:Generated_Source\PSoC4/cyfitter_cfg.c **** ********************************************************************************/
  17:Generated_Source\PSoC4/cyfitter_cfg.c **** 
  18:Generated_Source\PSoC4/cyfitter_cfg.c **** #include <string.h>
  19:Generated_Source\PSoC4/cyfitter_cfg.c **** #include "cytypes.h"
  20:Generated_Source\PSoC4/cyfitter_cfg.c **** #include "cydevice_trm.h"
  21:Generated_Source\PSoC4/cyfitter_cfg.c **** #include "cyfitter.h"
  22:Generated_Source\PSoC4/cyfitter_cfg.c **** #include "CyLib.h"
  23:Generated_Source\PSoC4/cyfitter_cfg.c **** #include "CyLFClk.h"
  24:Generated_Source\PSoC4/cyfitter_cfg.c **** #include "cyfitter_cfg.h"
  25:Generated_Source\PSoC4/cyfitter_cfg.c **** #include "cyapicallbacks.h"
  26:Generated_Source\PSoC4/cyfitter_cfg.c **** 
  27:Generated_Source\PSoC4/cyfitter_cfg.c **** 
  28:Generated_Source\PSoC4/cyfitter_cfg.c **** #if defined(__GNUC__) || defined(__ARMCC_VERSION)
  29:Generated_Source\PSoC4/cyfitter_cfg.c ****     #define CYPACKED 
  30:Generated_Source\PSoC4/cyfitter_cfg.c ****     #define CYPACKED_ATTR __attribute__ ((packed))
  31:Generated_Source\PSoC4/cyfitter_cfg.c ****     #define CYALIGNED __attribute__ ((aligned))
  32:Generated_Source\PSoC4/cyfitter_cfg.c ****     #define CY_CFG_UNUSED __attribute__ ((unused))
ARM GAS  C:\Users\Helon\AppData\Local\Temp\ccKeeQys.s 			page 2


  33:Generated_Source\PSoC4/cyfitter_cfg.c ****     #ifndef CY_CFG_SECTION
  34:Generated_Source\PSoC4/cyfitter_cfg.c ****         #define CY_CFG_SECTION __attribute__ ((section(".psocinit")))
  35:Generated_Source\PSoC4/cyfitter_cfg.c ****     #endif
  36:Generated_Source\PSoC4/cyfitter_cfg.c ****     
  37:Generated_Source\PSoC4/cyfitter_cfg.c ****     #if defined(__ARMCC_VERSION)
  38:Generated_Source\PSoC4/cyfitter_cfg.c ****         #define CY_CFG_MEMORY_BARRIER() __memory_changed()
  39:Generated_Source\PSoC4/cyfitter_cfg.c ****     #else
  40:Generated_Source\PSoC4/cyfitter_cfg.c ****         #define CY_CFG_MEMORY_BARRIER() __sync_synchronize()
  41:Generated_Source\PSoC4/cyfitter_cfg.c ****     #endif
  42:Generated_Source\PSoC4/cyfitter_cfg.c ****     
  43:Generated_Source\PSoC4/cyfitter_cfg.c **** #elif defined(__ICCARM__)
  44:Generated_Source\PSoC4/cyfitter_cfg.c ****     #include <intrinsics.h>
  45:Generated_Source\PSoC4/cyfitter_cfg.c **** 
  46:Generated_Source\PSoC4/cyfitter_cfg.c ****     #define CYPACKED __packed
  47:Generated_Source\PSoC4/cyfitter_cfg.c ****     #define CYPACKED_ATTR 
  48:Generated_Source\PSoC4/cyfitter_cfg.c ****     #define CYALIGNED _Pragma("data_alignment=4")
  49:Generated_Source\PSoC4/cyfitter_cfg.c ****     #define CY_CFG_UNUSED _Pragma("diag_suppress=Pe177")
  50:Generated_Source\PSoC4/cyfitter_cfg.c ****     #define CY_CFG_SECTION _Pragma("location=\".psocinit\"")
  51:Generated_Source\PSoC4/cyfitter_cfg.c ****     
  52:Generated_Source\PSoC4/cyfitter_cfg.c ****     #define CY_CFG_MEMORY_BARRIER() __DMB()
  53:Generated_Source\PSoC4/cyfitter_cfg.c ****     
  54:Generated_Source\PSoC4/cyfitter_cfg.c **** #else
  55:Generated_Source\PSoC4/cyfitter_cfg.c ****     #error Unsupported toolchain
  56:Generated_Source\PSoC4/cyfitter_cfg.c **** #endif
  57:Generated_Source\PSoC4/cyfitter_cfg.c **** 
  58:Generated_Source\PSoC4/cyfitter_cfg.c **** 
  59:Generated_Source\PSoC4/cyfitter_cfg.c **** CY_CFG_UNUSED
  60:Generated_Source\PSoC4/cyfitter_cfg.c **** static void CYMEMZERO(void *s, size_t n);
  61:Generated_Source\PSoC4/cyfitter_cfg.c **** CY_CFG_UNUSED
  62:Generated_Source\PSoC4/cyfitter_cfg.c **** static void CYMEMZERO(void *s, size_t n)
  63:Generated_Source\PSoC4/cyfitter_cfg.c **** {
  64:Generated_Source\PSoC4/cyfitter_cfg.c **** 	(void)memset(s, 0, n);
  65:Generated_Source\PSoC4/cyfitter_cfg.c **** }
  66:Generated_Source\PSoC4/cyfitter_cfg.c **** CY_CFG_UNUSED
  67:Generated_Source\PSoC4/cyfitter_cfg.c **** static void CYCONFIGCPY(void *dest, const void *src, size_t n);
  68:Generated_Source\PSoC4/cyfitter_cfg.c **** CY_CFG_UNUSED
  69:Generated_Source\PSoC4/cyfitter_cfg.c **** static void CYCONFIGCPY(void *dest, const void *src, size_t n)
  70:Generated_Source\PSoC4/cyfitter_cfg.c **** {
  71:Generated_Source\PSoC4/cyfitter_cfg.c **** 	(void)memcpy(dest, src, n);
  72:Generated_Source\PSoC4/cyfitter_cfg.c **** }
  73:Generated_Source\PSoC4/cyfitter_cfg.c **** CY_CFG_UNUSED
  74:Generated_Source\PSoC4/cyfitter_cfg.c **** static void CYCONFIGCPYCODE(void *dest, const void *src, size_t n);
  75:Generated_Source\PSoC4/cyfitter_cfg.c **** CY_CFG_UNUSED
  76:Generated_Source\PSoC4/cyfitter_cfg.c **** static void CYCONFIGCPYCODE(void *dest, const void *src, size_t n)
  77:Generated_Source\PSoC4/cyfitter_cfg.c **** {
  78:Generated_Source\PSoC4/cyfitter_cfg.c **** 	(void)memcpy(dest, src, n);
  79:Generated_Source\PSoC4/cyfitter_cfg.c **** }
  80:Generated_Source\PSoC4/cyfitter_cfg.c **** 
  81:Generated_Source\PSoC4/cyfitter_cfg.c **** 
  82:Generated_Source\PSoC4/cyfitter_cfg.c **** 
  83:Generated_Source\PSoC4/cyfitter_cfg.c **** 
  84:Generated_Source\PSoC4/cyfitter_cfg.c **** /* Clock startup error codes                                                   */
  85:Generated_Source\PSoC4/cyfitter_cfg.c **** #define CYCLOCKSTART_NO_ERROR    0u
  86:Generated_Source\PSoC4/cyfitter_cfg.c **** #define CYCLOCKSTART_XTAL_ERROR  1u
  87:Generated_Source\PSoC4/cyfitter_cfg.c **** #define CYCLOCKSTART_32KHZ_ERROR 2u
  88:Generated_Source\PSoC4/cyfitter_cfg.c **** #define CYCLOCKSTART_PLL_ERROR   3u
  89:Generated_Source\PSoC4/cyfitter_cfg.c **** 
ARM GAS  C:\Users\Helon\AppData\Local\Temp\ccKeeQys.s 			page 3


  90:Generated_Source\PSoC4/cyfitter_cfg.c **** 
  91:Generated_Source\PSoC4/cyfitter_cfg.c **** #ifdef CY_NEED_CYCLOCKSTARTUPERROR
  92:Generated_Source\PSoC4/cyfitter_cfg.c **** /*******************************************************************************
  93:Generated_Source\PSoC4/cyfitter_cfg.c **** * Function Name: CyClockStartupError
  94:Generated_Source\PSoC4/cyfitter_cfg.c **** ********************************************************************************
  95:Generated_Source\PSoC4/cyfitter_cfg.c **** * Summary:
  96:Generated_Source\PSoC4/cyfitter_cfg.c **** *  If an error is encountered during clock configuration (crystal startup error,
  97:Generated_Source\PSoC4/cyfitter_cfg.c **** *  PLL lock error, etc.), the system will end up here.  Unless reimplemented by
  98:Generated_Source\PSoC4/cyfitter_cfg.c **** *  the customer, this function will stop in an infinite loop.
  99:Generated_Source\PSoC4/cyfitter_cfg.c **** *
 100:Generated_Source\PSoC4/cyfitter_cfg.c **** * Parameters:
 101:Generated_Source\PSoC4/cyfitter_cfg.c **** *   void
 102:Generated_Source\PSoC4/cyfitter_cfg.c **** *
 103:Generated_Source\PSoC4/cyfitter_cfg.c **** * Return:
 104:Generated_Source\PSoC4/cyfitter_cfg.c **** *   void
 105:Generated_Source\PSoC4/cyfitter_cfg.c **** *
 106:Generated_Source\PSoC4/cyfitter_cfg.c **** *******************************************************************************/
 107:Generated_Source\PSoC4/cyfitter_cfg.c **** CY_CFG_UNUSED
 108:Generated_Source\PSoC4/cyfitter_cfg.c **** static void CyClockStartupError(uint8 errorCode);
 109:Generated_Source\PSoC4/cyfitter_cfg.c **** CY_CFG_UNUSED
 110:Generated_Source\PSoC4/cyfitter_cfg.c **** static void CyClockStartupError(uint8 errorCode)
 111:Generated_Source\PSoC4/cyfitter_cfg.c **** {
 112:Generated_Source\PSoC4/cyfitter_cfg.c ****     /* To remove the compiler warning if errorCode not used.                */
 113:Generated_Source\PSoC4/cyfitter_cfg.c ****     errorCode = errorCode;
 114:Generated_Source\PSoC4/cyfitter_cfg.c **** 
 115:Generated_Source\PSoC4/cyfitter_cfg.c ****     /* If we have a clock startup error (bad MHz crystal, PLL lock, etc.),  */
 116:Generated_Source\PSoC4/cyfitter_cfg.c ****     /* we will end up here to allow the customer to implement something to  */
 117:Generated_Source\PSoC4/cyfitter_cfg.c ****     /* deal with the clock condition.                                       */
 118:Generated_Source\PSoC4/cyfitter_cfg.c **** 
 119:Generated_Source\PSoC4/cyfitter_cfg.c **** #ifdef CY_CFG_CLOCK_STARTUP_ERROR_CALLBACK
 120:Generated_Source\PSoC4/cyfitter_cfg.c **** 	CY_CFG_Clock_Startup_ErrorCallback();
 121:Generated_Source\PSoC4/cyfitter_cfg.c **** #else
 122:Generated_Source\PSoC4/cyfitter_cfg.c **** 	/*  If not using CY_CFG_CLOCK_STARTUP_ERROR_CALLBACK, place your clock startup code here. */
 123:Generated_Source\PSoC4/cyfitter_cfg.c ****     /* `#START CyClockStartupError` */
 124:Generated_Source\PSoC4/cyfitter_cfg.c **** 
 125:Generated_Source\PSoC4/cyfitter_cfg.c ****     /* If we have a clock startup error (bad MHz crystal, PLL lock, etc.),  */
 126:Generated_Source\PSoC4/cyfitter_cfg.c ****     /* we will end up here to allow the customer to implement something to  */
 127:Generated_Source\PSoC4/cyfitter_cfg.c ****     /* deal with the clock condition.                                       */
 128:Generated_Source\PSoC4/cyfitter_cfg.c **** 
 129:Generated_Source\PSoC4/cyfitter_cfg.c ****     /* `#END` */
 130:Generated_Source\PSoC4/cyfitter_cfg.c **** 
 131:Generated_Source\PSoC4/cyfitter_cfg.c ****     /* If nothing else, stop here since the clocks have not started         */
 132:Generated_Source\PSoC4/cyfitter_cfg.c ****     /* correctly.                                                           */
 133:Generated_Source\PSoC4/cyfitter_cfg.c ****     while(1) {}
 134:Generated_Source\PSoC4/cyfitter_cfg.c **** #endif /* CY_CFG_CLOCK_STARTUP_ERROR_CALLBACK */ 
 135:Generated_Source\PSoC4/cyfitter_cfg.c **** }
 136:Generated_Source\PSoC4/cyfitter_cfg.c **** #endif
 137:Generated_Source\PSoC4/cyfitter_cfg.c **** 
 138:Generated_Source\PSoC4/cyfitter_cfg.c **** 
 139:Generated_Source\PSoC4/cyfitter_cfg.c **** 
 140:Generated_Source\PSoC4/cyfitter_cfg.c **** /*******************************************************************************
 141:Generated_Source\PSoC4/cyfitter_cfg.c **** * Function Name: ClockSetup
 142:Generated_Source\PSoC4/cyfitter_cfg.c **** ********************************************************************************
 143:Generated_Source\PSoC4/cyfitter_cfg.c **** *
 144:Generated_Source\PSoC4/cyfitter_cfg.c **** * Summary:
 145:Generated_Source\PSoC4/cyfitter_cfg.c **** *   Performs the initialization of all of the clocks in the device based on the
 146:Generated_Source\PSoC4/cyfitter_cfg.c **** *   settings in the Clock tab of the DWR.  This includes enabling the requested
ARM GAS  C:\Users\Helon\AppData\Local\Temp\ccKeeQys.s 			page 4


 147:Generated_Source\PSoC4/cyfitter_cfg.c **** *   clocks and setting the necessary dividers to produce the desired frequency. 
 148:Generated_Source\PSoC4/cyfitter_cfg.c **** *
 149:Generated_Source\PSoC4/cyfitter_cfg.c **** * Parameters:
 150:Generated_Source\PSoC4/cyfitter_cfg.c **** *   void
 151:Generated_Source\PSoC4/cyfitter_cfg.c **** *
 152:Generated_Source\PSoC4/cyfitter_cfg.c **** * Return:
 153:Generated_Source\PSoC4/cyfitter_cfg.c **** *   void
 154:Generated_Source\PSoC4/cyfitter_cfg.c **** *
 155:Generated_Source\PSoC4/cyfitter_cfg.c **** *******************************************************************************/
 156:Generated_Source\PSoC4/cyfitter_cfg.c **** static void ClockSetup(void);
 157:Generated_Source\PSoC4/cyfitter_cfg.c **** CY_CFG_SECTION
 158:Generated_Source\PSoC4/cyfitter_cfg.c **** static void ClockSetup(void)
 159:Generated_Source\PSoC4/cyfitter_cfg.c **** {
 160:Generated_Source\PSoC4/cyfitter_cfg.c **** 
 161:Generated_Source\PSoC4/cyfitter_cfg.c **** 	/* Set Flash Cycles based on max possible frequency in case a glitch occurs during ClockSetup(). *
 162:Generated_Source\PSoC4/cyfitter_cfg.c **** 	CY_SET_REG32((void CYXDATA *)(CYREG_CPUSS_FLASH_CTL), (0x0012u));
 163:Generated_Source\PSoC4/cyfitter_cfg.c **** 
 164:Generated_Source\PSoC4/cyfitter_cfg.c **** 	/* Start the WCO */
 165:Generated_Source\PSoC4/cyfitter_cfg.c **** 	CySysClkWcoStart();
 166:Generated_Source\PSoC4/cyfitter_cfg.c **** 	CyDelayCycles(12000000u); /* WCO may take up to 500ms to start */
 167:Generated_Source\PSoC4/cyfitter_cfg.c **** 	(void)CySysClkWcoSetPowerMode(CY_SYS_CLK_WCO_LPM);    /* Switch to the low power mode */
 168:Generated_Source\PSoC4/cyfitter_cfg.c **** 
 169:Generated_Source\PSoC4/cyfitter_cfg.c **** 	/* Setup and trim IMO based on desired frequency. */
 170:Generated_Source\PSoC4/cyfitter_cfg.c **** 	CySysClkWriteImoFreq(16u);
 171:Generated_Source\PSoC4/cyfitter_cfg.c **** 	/* CYDEV_WDT_CONFIG Starting address: CYDEV_WDT_CONFIG */
 172:Generated_Source\PSoC4/cyfitter_cfg.c **** 	CY_SET_XTND_REG32((void CYFAR *)(CYREG_WDT_CONFIG), 0x40000000u);
 173:Generated_Source\PSoC4/cyfitter_cfg.c **** 
 174:Generated_Source\PSoC4/cyfitter_cfg.c **** 
 175:Generated_Source\PSoC4/cyfitter_cfg.c **** 	/* Enable fast start mode for XO */
 176:Generated_Source\PSoC4/cyfitter_cfg.c **** 	CY_SET_REG32((void*)CYREG_BLE_BLERD_BB_XO, CY_GET_REG32((void*)CYREG_BLE_BLERD_BB_XO) | (uint32)0x
 177:Generated_Source\PSoC4/cyfitter_cfg.c **** 	CY_SET_XTND_REG32((void CYFAR *)(CYREG_BLE_BLERD_BB_XO_CAPTRIM), 0x00007171u);
 178:Generated_Source\PSoC4/cyfitter_cfg.c **** 	/*Set XTAL(ECO) divider*/
 179:Generated_Source\PSoC4/cyfitter_cfg.c **** 	CY_SET_XTND_REG32((void CYFAR *)(CYREG_BLE_BLESS_XTAL_CLK_DIV_CONFIG), 0x00000000u);
 180:Generated_Source\PSoC4/cyfitter_cfg.c **** 	/* Disable Crystal Stable Interrupt before enabling ECO */
 181:Generated_Source\PSoC4/cyfitter_cfg.c **** 	CY_SET_REG32((void*)CYREG_BLE_BLESS_LL_DSM_CTRL, CY_GET_REG32((void*)CYREG_BLE_BLESS_LL_DSM_CTRL) 
 182:Generated_Source\PSoC4/cyfitter_cfg.c **** 	/* Start the ECO and do not check status since it is not needed for HFCLK */
 183:Generated_Source\PSoC4/cyfitter_cfg.c **** 	(void)CySysClkEcoStart(2000u);
 184:Generated_Source\PSoC4/cyfitter_cfg.c **** 	CyDelayUs(1500u); /* Wait to stabalize */
 185:Generated_Source\PSoC4/cyfitter_cfg.c **** 
 186:Generated_Source\PSoC4/cyfitter_cfg.c **** 	/* Setup phase aligned clocks */
 187:Generated_Source\PSoC4/cyfitter_cfg.c **** 	CY_SET_REG32((void *)CYREG_PERI_DIV_16_CTL1, 0x000C7F00u);
 188:Generated_Source\PSoC4/cyfitter_cfg.c **** 	CY_SET_REG32((void *)CYREG_PERI_DIV_CMD, 0x0000FF41u);
 189:Generated_Source\PSoC4/cyfitter_cfg.c **** 	CY_SET_REG32((void *)CYREG_PERI_DIV_16_CTL0, 0x00008A00u);
 190:Generated_Source\PSoC4/cyfitter_cfg.c **** 	CY_SET_REG32((void *)CYREG_PERI_DIV_CMD, 0x8000FF40u);
 191:Generated_Source\PSoC4/cyfitter_cfg.c **** 
 192:Generated_Source\PSoC4/cyfitter_cfg.c **** 	/* CYDEV_CLK_IMO_CONFIG Starting address: CYDEV_CLK_IMO_CONFIG */
 193:Generated_Source\PSoC4/cyfitter_cfg.c **** 	CY_SET_XTND_REG32((void CYFAR *)(CYREG_CLK_IMO_CONFIG), 0x80000000u);
 194:Generated_Source\PSoC4/cyfitter_cfg.c **** 
 195:Generated_Source\PSoC4/cyfitter_cfg.c **** 	/* CYDEV_CLK_SELECT Starting address: CYDEV_CLK_SELECT */
 196:Generated_Source\PSoC4/cyfitter_cfg.c **** 	CY_SET_XTND_REG32((void CYFAR *)(CYREG_CLK_SELECT), 0x00000000u);
 197:Generated_Source\PSoC4/cyfitter_cfg.c **** 
 198:Generated_Source\PSoC4/cyfitter_cfg.c **** 	/* CYDEV_PERI_PCLK_CTL7 Starting address: CYDEV_PERI_PCLK_CTL7 */
 199:Generated_Source\PSoC4/cyfitter_cfg.c **** 	CY_SET_XTND_REG32((void CYFAR *)(CYREG_PERI_PCLK_CTL7), 0x00000041u);
 200:Generated_Source\PSoC4/cyfitter_cfg.c **** 
 201:Generated_Source\PSoC4/cyfitter_cfg.c **** 	/* CYDEV_PERI_PCLK_CTL2 Starting address: CYDEV_PERI_PCLK_CTL2 */
 202:Generated_Source\PSoC4/cyfitter_cfg.c **** 	CY_SET_XTND_REG32((void CYFAR *)(CYREG_PERI_PCLK_CTL2), 0x00000040u);
 203:Generated_Source\PSoC4/cyfitter_cfg.c **** 
ARM GAS  C:\Users\Helon\AppData\Local\Temp\ccKeeQys.s 			page 5


 204:Generated_Source\PSoC4/cyfitter_cfg.c **** 	(void)CyIntSetVector(8u, &CySysWdtIsr);
 205:Generated_Source\PSoC4/cyfitter_cfg.c **** 	CyIntEnable(8u);
 206:Generated_Source\PSoC4/cyfitter_cfg.c **** 	CY_SET_XTND_REG32((void CYFAR *)(CYREG_WDT_CONFIG), 0x40000000u);
 207:Generated_Source\PSoC4/cyfitter_cfg.c **** 	/* Set Flash Cycles based on newly configured 16.00MHz HFCLK. */
 208:Generated_Source\PSoC4/cyfitter_cfg.c **** 	CY_SET_REG32((void CYXDATA *)(CYREG_CPUSS_FLASH_CTL), (0x0000u));
 209:Generated_Source\PSoC4/cyfitter_cfg.c **** }
 210:Generated_Source\PSoC4/cyfitter_cfg.c **** 
 211:Generated_Source\PSoC4/cyfitter_cfg.c **** 
 212:Generated_Source\PSoC4/cyfitter_cfg.c **** /* Analog API Functions */
 213:Generated_Source\PSoC4/cyfitter_cfg.c **** 
 214:Generated_Source\PSoC4/cyfitter_cfg.c **** 
 215:Generated_Source\PSoC4/cyfitter_cfg.c **** /*******************************************************************************
 216:Generated_Source\PSoC4/cyfitter_cfg.c **** * Function Name: AnalogSetDefault
 217:Generated_Source\PSoC4/cyfitter_cfg.c **** ********************************************************************************
 218:Generated_Source\PSoC4/cyfitter_cfg.c **** *
 219:Generated_Source\PSoC4/cyfitter_cfg.c **** * Summary:
 220:Generated_Source\PSoC4/cyfitter_cfg.c **** *  Sets up the analog portions of the chip to default values based on chip
 221:Generated_Source\PSoC4/cyfitter_cfg.c **** *  configuration options from the project.
 222:Generated_Source\PSoC4/cyfitter_cfg.c **** *
 223:Generated_Source\PSoC4/cyfitter_cfg.c **** * Parameters:
 224:Generated_Source\PSoC4/cyfitter_cfg.c **** *  void
 225:Generated_Source\PSoC4/cyfitter_cfg.c **** *
 226:Generated_Source\PSoC4/cyfitter_cfg.c **** * Return:
 227:Generated_Source\PSoC4/cyfitter_cfg.c **** *  void
 228:Generated_Source\PSoC4/cyfitter_cfg.c **** *
 229:Generated_Source\PSoC4/cyfitter_cfg.c **** *******************************************************************************/
 230:Generated_Source\PSoC4/cyfitter_cfg.c **** static void AnalogSetDefault(void);
 231:Generated_Source\PSoC4/cyfitter_cfg.c **** static void AnalogSetDefault(void)
 232:Generated_Source\PSoC4/cyfitter_cfg.c **** {
 233:Generated_Source\PSoC4/cyfitter_cfg.c **** 	CY_SET_XTND_REG32((void CYFAR *)CYREG_CTBM0_DFT_CTRL, 0x00000003u);
 234:Generated_Source\PSoC4/cyfitter_cfg.c **** 	CY_SET_XTND_REG32((void CYFAR *)CYREG_CTBM1_DFT_CTRL, 0x00000003u);
 235:Generated_Source\PSoC4/cyfitter_cfg.c **** 	CY_SET_XTND_REG32((void CYFAR *)CYREG_PASS_DSAB_DSAB_CTRL, 0x00000000u);
 236:Generated_Source\PSoC4/cyfitter_cfg.c **** }
 237:Generated_Source\PSoC4/cyfitter_cfg.c **** 
 238:Generated_Source\PSoC4/cyfitter_cfg.c **** #define CY_AMUX_UNUSED CYREG_CM0_ROM_DWT
 239:Generated_Source\PSoC4/cyfitter_cfg.c **** 
 240:Generated_Source\PSoC4/cyfitter_cfg.c **** 
 241:Generated_Source\PSoC4/cyfitter_cfg.c **** /*******************************************************************************
 242:Generated_Source\PSoC4/cyfitter_cfg.c **** * Function Name: cyfitter_cfg
 243:Generated_Source\PSoC4/cyfitter_cfg.c **** ********************************************************************************
 244:Generated_Source\PSoC4/cyfitter_cfg.c **** * Summary:
 245:Generated_Source\PSoC4/cyfitter_cfg.c **** *  This function is called by the start-up code for the selected device. It
 246:Generated_Source\PSoC4/cyfitter_cfg.c **** *  performs all of the necessary device configuration based on the design
 247:Generated_Source\PSoC4/cyfitter_cfg.c **** *  settings.  This includes settings from the Design Wide Resources (DWR) such
 248:Generated_Source\PSoC4/cyfitter_cfg.c **** *  as Clocks and Pins as well as any component configuration that is necessary.
 249:Generated_Source\PSoC4/cyfitter_cfg.c **** *
 250:Generated_Source\PSoC4/cyfitter_cfg.c **** * Parameters:  
 251:Generated_Source\PSoC4/cyfitter_cfg.c **** *   void
 252:Generated_Source\PSoC4/cyfitter_cfg.c **** *
 253:Generated_Source\PSoC4/cyfitter_cfg.c **** * Return:
 254:Generated_Source\PSoC4/cyfitter_cfg.c **** *   void
 255:Generated_Source\PSoC4/cyfitter_cfg.c **** *
 256:Generated_Source\PSoC4/cyfitter_cfg.c **** *******************************************************************************/
 257:Generated_Source\PSoC4/cyfitter_cfg.c **** CY_CFG_SECTION
 258:Generated_Source\PSoC4/cyfitter_cfg.c **** void cyfitter_cfg(void)
 259:Generated_Source\PSoC4/cyfitter_cfg.c **** {
  26              		.loc 1 259 0
ARM GAS  C:\Users\Helon\AppData\Local\Temp\ccKeeQys.s 			page 6


  27              		.cfi_startproc
  28 0000 F8B5     		push	{r3, r4, r5, r6, r7, lr}
  29              		.cfi_def_cfa_offset 24
  30              		.cfi_offset 3, -24
  31              		.cfi_offset 4, -20
  32              		.cfi_offset 5, -16
  33              		.cfi_offset 6, -12
  34              		.cfi_offset 7, -8
  35              		.cfi_offset 14, -4
 260:Generated_Source\PSoC4/cyfitter_cfg.c **** 	/* Disable interrupts by default. Let user enable if/when they want. */
 261:Generated_Source\PSoC4/cyfitter_cfg.c **** 	CyGlobalIntDisable;
  36              		.loc 1 261 0
  37              	@ 261 "Generated_Source\PSoC4\cyfitter_cfg.c" 1
  38 0002 72B6     		CPSID   i
  39              	@ 0 "" 2
  40              		.code	16
  41              	.LBB10:
  42              	.LBB11:
  43              	.LBB12:
  44              	.LBB13:
  64:Generated_Source\PSoC4/cyfitter_cfg.c **** }
  45              		.loc 1 64 0
  46 0004 8025     		mov	r5, #128
  47              	.LBE13:
  48              	.LBE12:
  49              	.LBE11:
  50              	.LBE10:
 262:Generated_Source\PSoC4/cyfitter_cfg.c **** 
 263:Generated_Source\PSoC4/cyfitter_cfg.c **** 	CY_SET_XTND_REG32((void CYFAR *)(CYREG_BLE_BLESS_LL_DSM_CTRL), 0x00000000u);
  51              		.loc 1 263 0
  52 0006 0024     		mov	r4, #0
  53 0008 474E     		ldr	r6, .L2
  54              	.LBB20:
  55              	.LBB18:
  56              	.LBB16:
  57              	.LBB14:
  64:Generated_Source\PSoC4/cyfitter_cfg.c **** }
  58              		.loc 1 64 0
  59 000a ED00     		lsl	r5, r5, #3
  60              	.LBE14:
  61              	.LBE16:
  62              	.LBE18:
  63              	.LBE20:
  64              		.loc 1 263 0
  65 000c 3460     		str	r4, [r6]
  66              	.LVL0:
  67              	.LBB21:
  68              	.LBB19:
  69              	.LBB17:
  70              	.LBB15:
  64:Generated_Source\PSoC4/cyfitter_cfg.c **** }
  71              		.loc 1 64 0
  72 000e 211C     		mov	r1, r4
  73 0010 2A1C     		mov	r2, r5
  74 0012 4648     		ldr	r0, .L2+4
  75 0014 FFF7FEFF 		bl	memset
  76              	.LVL1:
ARM GAS  C:\Users\Helon\AppData\Local\Temp\ccKeeQys.s 			page 7


  77 0018 211C     		mov	r1, r4
  78 001a 2A1C     		mov	r2, r5
  79 001c 4448     		ldr	r0, .L2+8
  80 001e FFF7FEFF 		bl	memset
  81              	.LVL2:
  82              	.LBE15:
  83              	.LBE17:
  84              	.LBE19:
 264:Generated_Source\PSoC4/cyfitter_cfg.c **** 
 265:Generated_Source\PSoC4/cyfitter_cfg.c **** 	{
 266:Generated_Source\PSoC4/cyfitter_cfg.c **** 
 267:Generated_Source\PSoC4/cyfitter_cfg.c **** 		CYPACKED typedef struct {
 268:Generated_Source\PSoC4/cyfitter_cfg.c **** 			void CYFAR *address;
 269:Generated_Source\PSoC4/cyfitter_cfg.c **** 			uint16 size;
 270:Generated_Source\PSoC4/cyfitter_cfg.c **** 		} CYPACKED_ATTR cfg_memset_t;
 271:Generated_Source\PSoC4/cyfitter_cfg.c **** 
 272:Generated_Source\PSoC4/cyfitter_cfg.c **** 		static const cfg_memset_t CYCODE cfg_memset_list [] = {
 273:Generated_Source\PSoC4/cyfitter_cfg.c **** 			/* address, size */
 274:Generated_Source\PSoC4/cyfitter_cfg.c **** 			{(void CYFAR *)(CYDEV_UDB_P0_U0_BASE), 1024u},
 275:Generated_Source\PSoC4/cyfitter_cfg.c **** 			{(void CYFAR *)(CYDEV_UDB_DSI0_BASE), 1024u},
 276:Generated_Source\PSoC4/cyfitter_cfg.c **** 		};
 277:Generated_Source\PSoC4/cyfitter_cfg.c **** 
 278:Generated_Source\PSoC4/cyfitter_cfg.c **** 		uint8 CYDATA i;
 279:Generated_Source\PSoC4/cyfitter_cfg.c **** 
 280:Generated_Source\PSoC4/cyfitter_cfg.c **** 		/* Zero out critical memory blocks before beginning configuration */
 281:Generated_Source\PSoC4/cyfitter_cfg.c **** 		for (i = 0u; i < (sizeof(cfg_memset_list)/sizeof(cfg_memset_list[0])); i++)
 282:Generated_Source\PSoC4/cyfitter_cfg.c **** 		{
 283:Generated_Source\PSoC4/cyfitter_cfg.c **** 			const cfg_memset_t CYCODE * CYDATA ms = &cfg_memset_list[i];
 284:Generated_Source\PSoC4/cyfitter_cfg.c **** 			CYMEMZERO(ms->address, (size_t)(uint32)(ms->size));
 285:Generated_Source\PSoC4/cyfitter_cfg.c **** 		}
 286:Generated_Source\PSoC4/cyfitter_cfg.c **** 
 287:Generated_Source\PSoC4/cyfitter_cfg.c **** 		/* HSIOM Starting address: CYDEV_HSIOM_BASE */
 288:Generated_Source\PSoC4/cyfitter_cfg.c **** 		CY_SET_XTND_REG32((void CYFAR *)(CYREG_HSIOM_PORT_SEL3), 0x00990000u);
  85              		.loc 1 288 0
  86 0022 9923     		mov	r3, #153
 289:Generated_Source\PSoC4/cyfitter_cfg.c **** 
 290:Generated_Source\PSoC4/cyfitter_cfg.c **** 		/* FORCED_HSIOM Starting address: CYDEV_HSIOM_PORT_SEL0 */
 291:Generated_Source\PSoC4/cyfitter_cfg.c **** 		CY_SET_XTND_REG32((void CYFAR *)(CYREG_HSIOM_PORT_SEL0), 0x00000000u);
 292:Generated_Source\PSoC4/cyfitter_cfg.c **** 
 293:Generated_Source\PSoC4/cyfitter_cfg.c **** 		/* IOPINS0_0 Starting address: CYDEV_GPIO_PRT0_PC */
 294:Generated_Source\PSoC4/cyfitter_cfg.c **** 		CY_SET_XTND_REG32((void CYFAR *)(CYREG_GPIO_PRT0_PC), 0x00000000u);
 295:Generated_Source\PSoC4/cyfitter_cfg.c **** 
 296:Generated_Source\PSoC4/cyfitter_cfg.c **** 		/* UDB_PA_2 Starting address: CYDEV_UDB_PA2_BASE */
 297:Generated_Source\PSoC4/cyfitter_cfg.c **** 		CY_SET_XTND_REG32((void CYFAR *)(CYDEV_UDB_PA2_BASE), 0x00990000u);
 298:Generated_Source\PSoC4/cyfitter_cfg.c **** 
 299:Generated_Source\PSoC4/cyfitter_cfg.c **** 		/* UDB_PA_3 Starting address: CYDEV_UDB_PA3_BASE */
 300:Generated_Source\PSoC4/cyfitter_cfg.c **** 		CY_SET_XTND_REG32((void CYFAR *)(CYDEV_UDB_PA3_BASE), 0x00990000u);
 301:Generated_Source\PSoC4/cyfitter_cfg.c **** 
 302:Generated_Source\PSoC4/cyfitter_cfg.c **** 		/* Enable digital routing */
 303:Generated_Source\PSoC4/cyfitter_cfg.c **** 		CY_SET_XTND_REG8((void *)CYREG_UDB_UDBIF_BANK_CTL, CY_GET_XTND_REG8((void *)CYREG_UDB_UDBIF_BANK_
  87              		.loc 1 303 0
  88 0024 0225     		mov	r5, #2
 304:Generated_Source\PSoC4/cyfitter_cfg.c **** 
 305:Generated_Source\PSoC4/cyfitter_cfg.c **** 		/* Enable UDB array */
 306:Generated_Source\PSoC4/cyfitter_cfg.c **** 		CY_SET_XTND_REG8((void *)CYREG_UDB_UDBIF_WAIT_CFG, (uint8)((CY_GET_XTND_REG8((void *)CYREG_UDB_UD
  89              		.loc 1 306 0
  90 0026 3C20     		mov	r0, #60
ARM GAS  C:\Users\Helon\AppData\Local\Temp\ccKeeQys.s 			page 8


 288:Generated_Source\PSoC4/cyfitter_cfg.c **** 
  91              		.loc 1 288 0
  92 0028 424A     		ldr	r2, .L2+12
  93 002a 1B04     		lsl	r3, r3, #16
  94 002c 1360     		str	r3, [r2]
 291:Generated_Source\PSoC4/cyfitter_cfg.c **** 
  95              		.loc 1 291 0
  96 002e 424A     		ldr	r2, .L2+16
  97              		.loc 1 306 0
  98 0030 4249     		ldr	r1, .L2+20
 291:Generated_Source\PSoC4/cyfitter_cfg.c **** 
  99              		.loc 1 291 0
 100 0032 1460     		str	r4, [r2]
 294:Generated_Source\PSoC4/cyfitter_cfg.c **** 
 101              		.loc 1 294 0
 102 0034 424A     		ldr	r2, .L2+24
 103              	.LBE21:
 104              	.LBB22:
 105              	.LBB23:
 172:Generated_Source\PSoC4/cyfitter_cfg.c **** 
 106              		.loc 1 172 0
 107 0036 434F     		ldr	r7, .L2+28
 108              	.LBE23:
 109              	.LBE22:
 110              	.LBB26:
 294:Generated_Source\PSoC4/cyfitter_cfg.c **** 
 111              		.loc 1 294 0
 112 0038 1460     		str	r4, [r2]
 297:Generated_Source\PSoC4/cyfitter_cfg.c **** 
 113              		.loc 1 297 0
 114 003a 434A     		ldr	r2, .L2+32
 115              	.LBE26:
 307:Generated_Source\PSoC4/cyfitter_cfg.c **** 		CY_SET_XTND_REG8((void *)CYREG_UDB_UDBIF_BANK_CTL, (uint8)(CY_GET_XTND_REG8((void *)CYREG_UDB_UDB
 308:Generated_Source\PSoC4/cyfitter_cfg.c **** 	}
 309:Generated_Source\PSoC4/cyfitter_cfg.c **** 
 310:Generated_Source\PSoC4/cyfitter_cfg.c **** 	/* Perform second pass device configuration. These items must be configured in specific order afte
 311:Generated_Source\PSoC4/cyfitter_cfg.c **** 	/* IOPINS0_2 Starting address: CYDEV_GPIO_PRT2_BASE */
 312:Generated_Source\PSoC4/cyfitter_cfg.c **** 	CY_SET_XTND_REG32((void CYFAR *)(CYDEV_GPIO_PRT2_BASE), 0x00000040u);
 313:Generated_Source\PSoC4/cyfitter_cfg.c **** 	CY_SET_XTND_REG32((void CYFAR *)(CYREG_GPIO_PRT2_PC), 0x00180C00u);
 314:Generated_Source\PSoC4/cyfitter_cfg.c **** 
 315:Generated_Source\PSoC4/cyfitter_cfg.c **** 	/* IOPINS0_3 Starting address: CYDEV_GPIO_PRT3_BASE */
 316:Generated_Source\PSoC4/cyfitter_cfg.c **** 	CY_SET_XTND_REG32((void CYFAR *)(CYDEV_GPIO_PRT3_BASE), 0x00000060u);
 317:Generated_Source\PSoC4/cyfitter_cfg.c **** 	CY_SET_XTND_REG32((void CYFAR *)(CYREG_GPIO_PRT3_PC), 0x001B1000u);
 318:Generated_Source\PSoC4/cyfitter_cfg.c **** 	CY_SET_XTND_REG32((void CYFAR *)(CYREG_GPIO_PRT3_INTR_CFG), 0x00000200u);
 319:Generated_Source\PSoC4/cyfitter_cfg.c **** 	CY_SET_XTND_REG32((void CYFAR *)(CYREG_GPIO_PRT3_PC2), 0x00000020u);
 320:Generated_Source\PSoC4/cyfitter_cfg.c **** 
 321:Generated_Source\PSoC4/cyfitter_cfg.c **** 
 322:Generated_Source\PSoC4/cyfitter_cfg.c **** 	/* Setup clocks based on selections from Clock DWR */
 323:Generated_Source\PSoC4/cyfitter_cfg.c **** 	ClockSetup();
 324:Generated_Source\PSoC4/cyfitter_cfg.c **** 
 325:Generated_Source\PSoC4/cyfitter_cfg.c **** 	/* Perform basic analog initialization to defaults */
 326:Generated_Source\PSoC4/cyfitter_cfg.c **** 	AnalogSetDefault();
 327:Generated_Source\PSoC4/cyfitter_cfg.c **** 
 328:Generated_Source\PSoC4/cyfitter_cfg.c **** }
 116              		.loc 1 328 0
 117              		@ sp needed
 118              	.LBB27:
ARM GAS  C:\Users\Helon\AppData\Local\Temp\ccKeeQys.s 			page 9


 297:Generated_Source\PSoC4/cyfitter_cfg.c **** 
 119              		.loc 1 297 0
 120 003c 1360     		str	r3, [r2]
 300:Generated_Source\PSoC4/cyfitter_cfg.c **** 
 121              		.loc 1 300 0
 122 003e 434A     		ldr	r2, .L2+36
 123 0040 1360     		str	r3, [r2]
 303:Generated_Source\PSoC4/cyfitter_cfg.c **** 
 124              		.loc 1 303 0
 125 0042 434A     		ldr	r2, .L2+40
 126 0044 1378     		ldrb	r3, [r2]
 127 0046 2B43     		orr	r3, r5
 128 0048 1370     		strb	r3, [r2]
 306:Generated_Source\PSoC4/cyfitter_cfg.c **** 		CY_SET_XTND_REG8((void *)CYREG_UDB_UDBIF_BANK_CTL, (uint8)(CY_GET_XTND_REG8((void *)CYREG_UDB_UDB
 129              		.loc 1 306 0
 130 004a 0B78     		ldrb	r3, [r1]
 131 004c 8343     		bic	r3, r0
 132 004e 2838     		sub	r0, r0, #40
 133 0050 0343     		orr	r3, r0
 134 0052 0B70     		strb	r3, [r1]
 307:Generated_Source\PSoC4/cyfitter_cfg.c **** 	}
 135              		.loc 1 307 0
 136 0054 1621     		mov	r1, #22
 137 0056 1378     		ldrb	r3, [r2]
 138 0058 0B43     		orr	r3, r1
 139 005a 1370     		strb	r3, [r2]
 140              	.LBE27:
 312:Generated_Source\PSoC4/cyfitter_cfg.c **** 	CY_SET_XTND_REG32((void CYFAR *)(CYREG_GPIO_PRT2_PC), 0x00180C00u);
 141              		.loc 1 312 0
 142 005c 4022     		mov	r2, #64
 143 005e 3D4B     		ldr	r3, .L2+44
 144 0060 1A60     		str	r2, [r3]
 313:Generated_Source\PSoC4/cyfitter_cfg.c **** 
 145              		.loc 1 313 0
 146 0062 3D4A     		ldr	r2, .L2+48
 147 0064 3D4B     		ldr	r3, .L2+52
 148 0066 1A60     		str	r2, [r3]
 316:Generated_Source\PSoC4/cyfitter_cfg.c **** 	CY_SET_XTND_REG32((void CYFAR *)(CYREG_GPIO_PRT3_PC), 0x001B1000u);
 149              		.loc 1 316 0
 150 0068 6022     		mov	r2, #96
 151 006a 3D4B     		ldr	r3, .L2+56
 152 006c 1A60     		str	r2, [r3]
 317:Generated_Source\PSoC4/cyfitter_cfg.c **** 	CY_SET_XTND_REG32((void CYFAR *)(CYREG_GPIO_PRT3_INTR_CFG), 0x00000200u);
 153              		.loc 1 317 0
 154 006e 3D4A     		ldr	r2, .L2+60
 155 0070 3D4B     		ldr	r3, .L2+64
 156 0072 1A60     		str	r2, [r3]
 318:Generated_Source\PSoC4/cyfitter_cfg.c **** 	CY_SET_XTND_REG32((void CYFAR *)(CYREG_GPIO_PRT3_PC2), 0x00000020u);
 157              		.loc 1 318 0
 158 0074 8022     		mov	r2, #128
 159 0076 3D4B     		ldr	r3, .L2+68
 160 0078 9200     		lsl	r2, r2, #2
 161 007a 1A60     		str	r2, [r3]
 319:Generated_Source\PSoC4/cyfitter_cfg.c **** 
 162              		.loc 1 319 0
 163 007c 3C4B     		ldr	r3, .L2+72
 164 007e E13A     		sub	r2, r2, #225
ARM GAS  C:\Users\Helon\AppData\Local\Temp\ccKeeQys.s 			page 10


 165 0080 FF3A     		sub	r2, r2, #255
 166 0082 1A60     		str	r2, [r3]
 167              	.LBB28:
 168              	.LBB24:
 162:Generated_Source\PSoC4/cyfitter_cfg.c **** 
 169              		.loc 1 162 0
 170 0084 1223     		mov	r3, #18
 171 0086 3B4A     		ldr	r2, .L2+76
 172 0088 1360     		str	r3, [r2]
 165:Generated_Source\PSoC4/cyfitter_cfg.c **** 	CyDelayCycles(12000000u); /* WCO may take up to 500ms to start */
 173              		.loc 1 165 0
 174 008a FFF7FEFF 		bl	CySysClkWcoStart
 175              	.LVL3:
 166:Generated_Source\PSoC4/cyfitter_cfg.c **** 	(void)CySysClkWcoSetPowerMode(CY_SYS_CLK_WCO_LPM);    /* Switch to the low power mode */
 176              		.loc 1 166 0
 177 008e 3A48     		ldr	r0, .L2+80
 178 0090 FFF7FEFF 		bl	CyDelayCycles
 179              	.LVL4:
 167:Generated_Source\PSoC4/cyfitter_cfg.c **** 
 180              		.loc 1 167 0
 181 0094 0120     		mov	r0, #1
 182 0096 FFF7FEFF 		bl	CySysClkWcoSetPowerMode
 183              	.LVL5:
 170:Generated_Source\PSoC4/cyfitter_cfg.c **** 	/* CYDEV_WDT_CONFIG Starting address: CYDEV_WDT_CONFIG */
 184              		.loc 1 170 0
 185 009a 1020     		mov	r0, #16
 186 009c FFF7FEFF 		bl	CySysClkWriteImoFreq
 187              	.LVL6:
 172:Generated_Source\PSoC4/cyfitter_cfg.c **** 
 188              		.loc 1 172 0
 189 00a0 8023     		mov	r3, #128
 176:Generated_Source\PSoC4/cyfitter_cfg.c **** 	CY_SET_XTND_REG32((void CYFAR *)(CYREG_BLE_BLERD_BB_XO_CAPTRIM), 0x00007171u);
 190              		.loc 1 176 0
 191 00a2 364A     		ldr	r2, .L2+84
 172:Generated_Source\PSoC4/cyfitter_cfg.c **** 
 192              		.loc 1 172 0
 193 00a4 DB05     		lsl	r3, r3, #23
 194 00a6 3B60     		str	r3, [r7]
 176:Generated_Source\PSoC4/cyfitter_cfg.c **** 	CY_SET_XTND_REG32((void CYFAR *)(CYREG_BLE_BLERD_BB_XO_CAPTRIM), 0x00007171u);
 195              		.loc 1 176 0
 196 00a8 1368     		ldr	r3, [r2]
 183:Generated_Source\PSoC4/cyfitter_cfg.c **** 	CyDelayUs(1500u); /* Wait to stabalize */
 197              		.loc 1 183 0
 198 00aa FA20     		mov	r0, #250
 176:Generated_Source\PSoC4/cyfitter_cfg.c **** 	CY_SET_XTND_REG32((void CYFAR *)(CYREG_BLE_BLERD_BB_XO_CAPTRIM), 0x00007171u);
 199              		.loc 1 176 0
 200 00ac 1D43     		orr	r5, r3
 201 00ae 1560     		str	r5, [r2]
 181:Generated_Source\PSoC4/cyfitter_cfg.c **** 	/* Start the ECO and do not check status since it is not needed for HFCLK */
 202              		.loc 1 181 0
 203 00b0 0825     		mov	r5, #8
 177:Generated_Source\PSoC4/cyfitter_cfg.c **** 	/*Set XTAL(ECO) divider*/
 204              		.loc 1 177 0
 205 00b2 334A     		ldr	r2, .L2+88
 206 00b4 334B     		ldr	r3, .L2+92
 183:Generated_Source\PSoC4/cyfitter_cfg.c **** 	CyDelayUs(1500u); /* Wait to stabalize */
 207              		.loc 1 183 0
ARM GAS  C:\Users\Helon\AppData\Local\Temp\ccKeeQys.s 			page 11


 208 00b6 C000     		lsl	r0, r0, #3
 177:Generated_Source\PSoC4/cyfitter_cfg.c **** 	/*Set XTAL(ECO) divider*/
 209              		.loc 1 177 0
 210 00b8 1A60     		str	r2, [r3]
 179:Generated_Source\PSoC4/cyfitter_cfg.c **** 	/* Disable Crystal Stable Interrupt before enabling ECO */
 211              		.loc 1 179 0
 212 00ba 334B     		ldr	r3, .L2+96
 213 00bc 1C60     		str	r4, [r3]
 181:Generated_Source\PSoC4/cyfitter_cfg.c **** 	/* Start the ECO and do not check status since it is not needed for HFCLK */
 214              		.loc 1 181 0
 215 00be 3368     		ldr	r3, [r6]
 216 00c0 AB43     		bic	r3, r5
 217 00c2 3360     		str	r3, [r6]
 183:Generated_Source\PSoC4/cyfitter_cfg.c **** 	CyDelayUs(1500u); /* Wait to stabalize */
 218              		.loc 1 183 0
 219 00c4 FFF7FEFF 		bl	CySysClkEcoStart
 220              	.LVL7:
 184:Generated_Source\PSoC4/cyfitter_cfg.c **** 
 221              		.loc 1 184 0
 222 00c8 3048     		ldr	r0, .L2+100
 223 00ca FFF7FEFF 		bl	CyDelayUs
 224              	.LVL8:
 189:Generated_Source\PSoC4/cyfitter_cfg.c **** 	CY_SET_REG32((void *)CYREG_PERI_DIV_CMD, 0x8000FF40u);
 225              		.loc 1 189 0
 226 00ce 8A21     		mov	r1, #138
 187:Generated_Source\PSoC4/cyfitter_cfg.c **** 	CY_SET_REG32((void *)CYREG_PERI_DIV_CMD, 0x0000FF41u);
 227              		.loc 1 187 0
 228 00d0 2F4A     		ldr	r2, .L2+104
 229 00d2 304B     		ldr	r3, .L2+108
 189:Generated_Source\PSoC4/cyfitter_cfg.c **** 	CY_SET_REG32((void *)CYREG_PERI_DIV_CMD, 0x8000FF40u);
 230              		.loc 1 189 0
 231 00d4 0902     		lsl	r1, r1, #8
 187:Generated_Source\PSoC4/cyfitter_cfg.c **** 	CY_SET_REG32((void *)CYREG_PERI_DIV_CMD, 0x0000FF41u);
 232              		.loc 1 187 0
 233 00d6 1A60     		str	r2, [r3]
 188:Generated_Source\PSoC4/cyfitter_cfg.c **** 	CY_SET_REG32((void *)CYREG_PERI_DIV_16_CTL0, 0x00008A00u);
 234              		.loc 1 188 0
 235 00d8 2F4B     		ldr	r3, .L2+112
 236 00da 304A     		ldr	r2, .L2+116
 204:Generated_Source\PSoC4/cyfitter_cfg.c **** 	CyIntEnable(8u);
 237              		.loc 1 204 0
 238 00dc 281C     		mov	r0, r5
 188:Generated_Source\PSoC4/cyfitter_cfg.c **** 	CY_SET_REG32((void *)CYREG_PERI_DIV_16_CTL0, 0x00008A00u);
 239              		.loc 1 188 0
 240 00de 1A60     		str	r2, [r3]
 189:Generated_Source\PSoC4/cyfitter_cfg.c **** 	CY_SET_REG32((void *)CYREG_PERI_DIV_CMD, 0x8000FF40u);
 241              		.loc 1 189 0
 242 00e0 2F4A     		ldr	r2, .L2+120
 243 00e2 1160     		str	r1, [r2]
 190:Generated_Source\PSoC4/cyfitter_cfg.c **** 
 244              		.loc 1 190 0
 245 00e4 2F4A     		ldr	r2, .L2+124
 204:Generated_Source\PSoC4/cyfitter_cfg.c **** 	CyIntEnable(8u);
 246              		.loc 1 204 0
 247 00e6 3049     		ldr	r1, .L2+128
 190:Generated_Source\PSoC4/cyfitter_cfg.c **** 
 248              		.loc 1 190 0
ARM GAS  C:\Users\Helon\AppData\Local\Temp\ccKeeQys.s 			page 12


 249 00e8 1A60     		str	r2, [r3]
 193:Generated_Source\PSoC4/cyfitter_cfg.c **** 
 250              		.loc 1 193 0
 251 00ea 8022     		mov	r2, #128
 252 00ec 2F4B     		ldr	r3, .L2+132
 253 00ee 1206     		lsl	r2, r2, #24
 254 00f0 1A60     		str	r2, [r3]
 199:Generated_Source\PSoC4/cyfitter_cfg.c **** 
 255              		.loc 1 199 0
 256 00f2 4122     		mov	r2, #65
 196:Generated_Source\PSoC4/cyfitter_cfg.c **** 
 257              		.loc 1 196 0
 258 00f4 2E4B     		ldr	r3, .L2+136
 259 00f6 1C60     		str	r4, [r3]
 199:Generated_Source\PSoC4/cyfitter_cfg.c **** 
 260              		.loc 1 199 0
 261 00f8 2E4B     		ldr	r3, .L2+140
 262 00fa 1A60     		str	r2, [r3]
 202:Generated_Source\PSoC4/cyfitter_cfg.c **** 
 263              		.loc 1 202 0
 264 00fc 2E4B     		ldr	r3, .L2+144
 265 00fe 013A     		sub	r2, r2, #1
 266 0100 1A60     		str	r2, [r3]
 204:Generated_Source\PSoC4/cyfitter_cfg.c **** 	CyIntEnable(8u);
 267              		.loc 1 204 0
 268 0102 FFF7FEFF 		bl	CyIntSetVector
 269              	.LVL9:
 205:Generated_Source\PSoC4/cyfitter_cfg.c **** 	CY_SET_XTND_REG32((void CYFAR *)(CYREG_WDT_CONFIG), 0x40000000u);
 270              		.loc 1 205 0
 271 0106 281C     		mov	r0, r5
 272 0108 FFF7FEFF 		bl	CyIntEnable
 273              	.LVL10:
 206:Generated_Source\PSoC4/cyfitter_cfg.c **** 	/* Set Flash Cycles based on newly configured 16.00MHz HFCLK. */
 274              		.loc 1 206 0
 275 010c 8023     		mov	r3, #128
 276 010e DB05     		lsl	r3, r3, #23
 277 0110 3B60     		str	r3, [r7]
 208:Generated_Source\PSoC4/cyfitter_cfg.c **** }
 278              		.loc 1 208 0
 279 0112 184B     		ldr	r3, .L2+76
 280              	.LBE24:
 281              	.LBE28:
 282              	.LBB29:
 283              	.LBB30:
 233:Generated_Source\PSoC4/cyfitter_cfg.c **** 	CY_SET_XTND_REG32((void CYFAR *)CYREG_CTBM1_DFT_CTRL, 0x00000003u);
 284              		.loc 1 233 0
 285 0114 294A     		ldr	r2, .L2+148
 286              	.LBE30:
 287              	.LBE29:
 288              	.LBB32:
 289              	.LBB25:
 208:Generated_Source\PSoC4/cyfitter_cfg.c **** }
 290              		.loc 1 208 0
 291 0116 1C60     		str	r4, [r3]
 292              	.LBE25:
 293              	.LBE32:
 294              	.LBB33:
ARM GAS  C:\Users\Helon\AppData\Local\Temp\ccKeeQys.s 			page 13


 295              	.LBB31:
 233:Generated_Source\PSoC4/cyfitter_cfg.c **** 	CY_SET_XTND_REG32((void CYFAR *)CYREG_CTBM1_DFT_CTRL, 0x00000003u);
 296              		.loc 1 233 0
 297 0118 0323     		mov	r3, #3
 298 011a 1360     		str	r3, [r2]
 234:Generated_Source\PSoC4/cyfitter_cfg.c **** 	CY_SET_XTND_REG32((void CYFAR *)CYREG_PASS_DSAB_DSAB_CTRL, 0x00000000u);
 299              		.loc 1 234 0
 300 011c 284A     		ldr	r2, .L2+152
 301 011e 1360     		str	r3, [r2]
 235:Generated_Source\PSoC4/cyfitter_cfg.c **** }
 302              		.loc 1 235 0
 303 0120 284B     		ldr	r3, .L2+156
 304 0122 1C60     		str	r4, [r3]
 305              	.LBE31:
 306              	.LBE33:
 307              		.loc 1 328 0
 308 0124 F8BD     		pop	{r3, r4, r5, r6, r7, pc}
 309              	.L3:
 310 0126 C046     		.align	2
 311              	.L2:
 312 0128 6CF02E40 		.word	1076818028
 313 012c 00300F40 		.word	1074737152
 314 0130 00400F40 		.word	1074741248
 315 0134 00030240 		.word	1073873664
 316 0138 00000240 		.word	1073872896
 317 013c 01700F40 		.word	1074753537
 318 0140 08000440 		.word	1074003976
 319 0144 0C020B40 		.word	1074463244
 320 0148 20500F40 		.word	1074745376
 321 014c 30500F40 		.word	1074745392
 322 0150 00700F40 		.word	1074753536
 323 0154 00020440 		.word	1074004480
 324 0158 000C1800 		.word	1575936
 325 015c 08020440 		.word	1074004488
 326 0160 00030440 		.word	1074004736
 327 0164 00101B00 		.word	1773568
 328 0168 08030440 		.word	1074004744
 329 016c 0C030440 		.word	1074004748
 330 0170 18030440 		.word	1074004760
 331 0174 30001040 		.word	1074790448
 332 0178 001BB700 		.word	12000000
 333 017c 78002E40 		.word	1076756600
 334 0180 71710000 		.word	29041
 335 0184 7C002E40 		.word	1076756604
 336 0188 64F02E40 		.word	1076818020
 337 018c DC050000 		.word	1500
 338 0190 007F0C00 		.word	818944
 339 0194 04030140 		.word	1073808132
 340 0198 00000140 		.word	1073807360
 341 019c 41FF0000 		.word	65345
 342 01a0 00030140 		.word	1073808128
 343 01a4 40FF0080 		.word	-2147418304
 344 01a8 00000000 		.word	CySysWdtIsr
 345 01ac 08010B40 		.word	1074462984
 346 01b0 00010B40 		.word	1074462976
 347 01b4 1C010140 		.word	1073807644
 348 01b8 08010140 		.word	1073807624
ARM GAS  C:\Users\Helon\AppData\Local\Temp\ccKeeQys.s 			page 14


 349 01bc 30003040 		.word	1076887600
 350 01c0 30003140 		.word	1076953136
 351 01c4 000E3F40 		.word	1077874176
 352              		.cfi_endproc
 353              	.LFE7:
 354              		.size	cyfitter_cfg, .-cyfitter_cfg
 355              		.text
 356              	.Letext0:
 357              		.file 2 "c:\\program files (x86)\\cypress\\psoc creator\\4.0\\psoc creator\\import\\gnu\\arm\\4.9.
 358              		.file 3 "Generated_Source\\PSoC4\\cytypes.h"
 359              		.file 4 "Generated_Source\\PSoC4\\CyLib.h"
 360              		.file 5 "Generated_Source\\PSoC4\\CyLFClk.h"
 361              		.section	.debug_info,"",%progbits
 362              	.Ldebug_info0:
 363 0000 96030000 		.4byte	0x396
 364 0004 0400     		.2byte	0x4
 365 0006 00000000 		.4byte	.Ldebug_abbrev0
 366 000a 04       		.byte	0x4
 367 000b 01       		.uleb128 0x1
 368 000c 1B000000 		.4byte	.LASF34
 369 0010 01       		.byte	0x1
 370 0011 A6020000 		.4byte	.LASF35
 371 0015 56010000 		.4byte	.LASF36
 372 0019 88000000 		.4byte	.Ldebug_ranges0+0x88
 373 001d 00000000 		.4byte	0
 374 0021 00000000 		.4byte	.Ldebug_line0
 375 0025 02       		.uleb128 0x2
 376 0026 04       		.byte	0x4
 377 0027 05       		.byte	0x5
 378 0028 696E7400 		.ascii	"int\000"
 379 002c 03       		.uleb128 0x3
 380 002d 14000000 		.4byte	.LASF11
 381 0031 02       		.byte	0x2
 382 0032 D4       		.byte	0xd4
 383 0033 37000000 		.4byte	0x37
 384 0037 04       		.uleb128 0x4
 385 0038 04       		.byte	0x4
 386 0039 07       		.byte	0x7
 387 003a D7010000 		.4byte	.LASF0
 388 003e 04       		.uleb128 0x4
 389 003f 01       		.byte	0x1
 390 0040 06       		.byte	0x6
 391 0041 9A020000 		.4byte	.LASF1
 392 0045 04       		.uleb128 0x4
 393 0046 01       		.byte	0x1
 394 0047 08       		.byte	0x8
 395 0048 48010000 		.4byte	.LASF2
 396 004c 04       		.uleb128 0x4
 397 004d 02       		.byte	0x2
 398 004e 05       		.byte	0x5
 399 004f 72020000 		.4byte	.LASF3
 400 0053 04       		.uleb128 0x4
 401 0054 02       		.byte	0x2
 402 0055 07       		.byte	0x7
 403 0056 DA000000 		.4byte	.LASF4
 404 005a 04       		.uleb128 0x4
 405 005b 04       		.byte	0x4
ARM GAS  C:\Users\Helon\AppData\Local\Temp\ccKeeQys.s 			page 15


 406 005c 05       		.byte	0x5
 407 005d 91020000 		.4byte	.LASF5
 408 0061 04       		.uleb128 0x4
 409 0062 04       		.byte	0x4
 410 0063 07       		.byte	0x7
 411 0064 15010000 		.4byte	.LASF6
 412 0068 04       		.uleb128 0x4
 413 0069 08       		.byte	0x8
 414 006a 05       		.byte	0x5
 415 006b 37020000 		.4byte	.LASF7
 416 006f 04       		.uleb128 0x4
 417 0070 08       		.byte	0x8
 418 0071 07       		.byte	0x7
 419 0072 FD010000 		.4byte	.LASF8
 420 0076 04       		.uleb128 0x4
 421 0077 04       		.byte	0x4
 422 0078 07       		.byte	0x7
 423 0079 2E020000 		.4byte	.LASF9
 424 007d 05       		.uleb128 0x5
 425 007e 04       		.byte	0x4
 426 007f 06       		.uleb128 0x6
 427 0080 04       		.byte	0x4
 428 0081 85000000 		.4byte	0x85
 429 0085 07       		.uleb128 0x7
 430 0086 04       		.uleb128 0x4
 431 0087 01       		.byte	0x1
 432 0088 08       		.byte	0x8
 433 0089 4F020000 		.4byte	.LASF10
 434 008d 08       		.uleb128 0x8
 435 008e 27010000 		.4byte	.LASF12
 436 0092 03       		.byte	0x3
 437 0093 3801     		.2byte	0x138
 438 0095 45000000 		.4byte	0x45
 439 0099 08       		.uleb128 0x8
 440 009a C0010000 		.4byte	.LASF13
 441 009e 03       		.byte	0x3
 442 009f 3901     		.2byte	0x139
 443 00a1 53000000 		.4byte	0x53
 444 00a5 08       		.uleb128 0x8
 445 00a6 D0010000 		.4byte	.LASF14
 446 00aa 03       		.byte	0x3
 447 00ab 3A01     		.2byte	0x13a
 448 00ad 61000000 		.4byte	0x61
 449 00b1 04       		.uleb128 0x4
 450 00b2 04       		.byte	0x4
 451 00b3 04       		.byte	0x4
 452 00b4 ED000000 		.4byte	.LASF15
 453 00b8 04       		.uleb128 0x4
 454 00b9 08       		.byte	0x8
 455 00ba 04       		.byte	0x4
 456 00bb AD010000 		.4byte	.LASF16
 457 00bf 08       		.uleb128 0x8
 458 00c0 C7010000 		.4byte	.LASF17
 459 00c4 03       		.byte	0x3
 460 00c5 DA01     		.2byte	0x1da
 461 00c7 61000000 		.4byte	0x61
 462 00cb 08       		.uleb128 0x8
ARM GAS  C:\Users\Helon\AppData\Local\Temp\ccKeeQys.s 			page 16


 463 00cc 10010000 		.4byte	.LASF18
 464 00d0 03       		.byte	0x3
 465 00d1 E201     		.2byte	0x1e2
 466 00d3 D7000000 		.4byte	0xd7
 467 00d7 09       		.uleb128 0x9
 468 00d8 8D000000 		.4byte	0x8d
 469 00dc 08       		.uleb128 0x8
 470 00dd 0E000000 		.4byte	.LASF19
 471 00e1 03       		.byte	0x3
 472 00e2 E401     		.2byte	0x1e4
 473 00e4 E8000000 		.4byte	0xe8
 474 00e8 09       		.uleb128 0x9
 475 00e9 A5000000 		.4byte	0xa5
 476 00ed 08       		.uleb128 0x8
 477 00ee 14020000 		.4byte	.LASF20
 478 00f2 03       		.byte	0x3
 479 00f3 F401     		.2byte	0x1f4
 480 00f5 7F000000 		.4byte	0x7f
 481 00f9 0A       		.uleb128 0xa
 482 00fa 3E010000 		.4byte	.LASF37
 483 00fe 01       		.byte	0x1
 484 00ff 3E       		.byte	0x3e
 485 0100 01       		.byte	0x1
 486 0101 18010000 		.4byte	0x118
 487 0105 0B       		.uleb128 0xb
 488 0106 7300     		.ascii	"s\000"
 489 0108 01       		.byte	0x1
 490 0109 3E       		.byte	0x3e
 491 010a 7D000000 		.4byte	0x7d
 492 010e 0B       		.uleb128 0xb
 493 010f 6E00     		.ascii	"n\000"
 494 0111 01       		.byte	0x1
 495 0112 3E       		.byte	0x3e
 496 0113 2C000000 		.4byte	0x2c
 497 0117 00       		.byte	0
 498 0118 0C       		.uleb128 0xc
 499 0119 C8000000 		.4byte	.LASF21
 500 011d 01       		.byte	0x1
 501 011e 9E       		.byte	0x9e
 502 011f 01       		.byte	0x1
 503 0120 0C       		.uleb128 0xc
 504 0121 E4010000 		.4byte	.LASF22
 505 0125 01       		.byte	0x1
 506 0126 E7       		.byte	0xe7
 507 0127 01       		.byte	0x1
 508 0128 0D       		.uleb128 0xd
 509 0129 65020000 		.4byte	.LASF38
 510 012d 01       		.byte	0x1
 511 012e 0201     		.2byte	0x102
 512 0130 00000000 		.4byte	.LFB7
 513 0134 C8010000 		.4byte	.LFE7-.LFB7
 514 0138 01       		.uleb128 0x1
 515 0139 9C       		.byte	0x9c
 516 013a F1020000 		.4byte	0x2f1
 517 013e 0E       		.uleb128 0xe
 518 013f 00000000 		.4byte	.Ldebug_ranges0+0
 519 0143 37020000 		.4byte	0x237
ARM GAS  C:\Users\Helon\AppData\Local\Temp\ccKeeQys.s 			page 17


 520 0147 0F       		.uleb128 0xf
 521 0148 06       		.byte	0x6
 522 0149 01       		.byte	0x1
 523 014a 0B01     		.2byte	0x10b
 524 014c 6B010000 		.4byte	0x16b
 525 0150 10       		.uleb128 0x10
 526 0151 F5010000 		.4byte	.LASF23
 527 0155 01       		.byte	0x1
 528 0156 0C01     		.2byte	0x10c
 529 0158 7D000000 		.4byte	0x7d
 530 015c 00       		.byte	0
 531 015d 10       		.uleb128 0x10
 532 015e F3000000 		.4byte	.LASF24
 533 0162 01       		.byte	0x1
 534 0163 0D01     		.2byte	0x10d
 535 0165 99000000 		.4byte	0x99
 536 0169 04       		.byte	0x4
 537 016a 00       		.byte	0
 538 016b 08       		.uleb128 0x8
 539 016c 21020000 		.4byte	.LASF25
 540 0170 01       		.byte	0x1
 541 0171 0E01     		.2byte	0x10e
 542 0173 47010000 		.4byte	0x147
 543 0177 11       		.uleb128 0x11
 544 0178 6B010000 		.4byte	0x16b
 545 017c 87010000 		.4byte	0x187
 546 0180 12       		.uleb128 0x12
 547 0181 76000000 		.4byte	0x76
 548 0185 01       		.byte	0x1
 549 0186 00       		.byte	0
 550 0187 13       		.uleb128 0x13
 551 0188 B8000000 		.4byte	.LASF26
 552 018c 01       		.byte	0x1
 553 018d 1001     		.2byte	0x110
 554 018f A0010000 		.4byte	0x1a0
 555 0193 0C       		.byte	0xc
 556 0194 00       		.byte	0
 557 0195 30       		.byte	0x30
 558 0196 0F       		.byte	0xf
 559 0197 40       		.byte	0x40
 560 0198 00       		.byte	0
 561 0199 04       		.byte	0x4
 562 019a 00       		.byte	0
 563 019b 40       		.byte	0x40
 564 019c 0F       		.byte	0xf
 565 019d 40       		.byte	0x40
 566 019e 00       		.byte	0
 567 019f 04       		.byte	0x4
 568 01a0 14       		.uleb128 0x14
 569 01a1 77010000 		.4byte	0x177
 570 01a5 15       		.uleb128 0x15
 571 01a6 6900     		.ascii	"i\000"
 572 01a8 01       		.byte	0x1
 573 01a9 1601     		.2byte	0x116
 574 01ab 8D000000 		.4byte	0x8d
 575 01af 00000000 		.4byte	.LLST0
 576 01b3 16       		.uleb128 0x16
ARM GAS  C:\Users\Helon\AppData\Local\Temp\ccKeeQys.s 			page 18


 577 01b4 30000000 		.4byte	.Ldebug_ranges0+0x30
 578 01b8 15       		.uleb128 0x15
 579 01b9 6D7300   		.ascii	"ms\000"
 580 01bc 01       		.byte	0x1
 581 01bd 1B01     		.2byte	0x11b
 582 01bf C7010000 		.4byte	0x1c7
 583 01c3 2C000000 		.4byte	.LLST1
 584 01c7 06       		.uleb128 0x6
 585 01c8 04       		.byte	0x4
 586 01c9 CD010000 		.4byte	0x1cd
 587 01cd 14       		.uleb128 0x14
 588 01ce 6B010000 		.4byte	0x16b
 589 01d2 17       		.uleb128 0x17
 590 01d3 F9000000 		.4byte	0xf9
 591 01d7 04000000 		.4byte	.LBB12
 592 01db 30000000 		.4byte	.Ldebug_ranges0+0x30
 593 01df 01       		.byte	0x1
 594 01e0 1C01     		.2byte	0x11c
 595 01e2 18       		.uleb128 0x18
 596 01e3 0E010000 		.4byte	0x10e
 597 01e7 0004     		.2byte	0x400
 598 01e9 19       		.uleb128 0x19
 599 01ea 05010000 		.4byte	0x105
 600 01ee 54000000 		.4byte	.LLST2
 601 01f2 1A       		.uleb128 0x1a
 602 01f3 18000000 		.4byte	.LVL1
 603 01f7 F1020000 		.4byte	0x2f1
 604 01fb 15020000 		.4byte	0x215
 605 01ff 1B       		.uleb128 0x1b
 606 0200 01       		.uleb128 0x1
 607 0201 52       		.byte	0x52
 608 0202 02       		.uleb128 0x2
 609 0203 75       		.byte	0x75
 610 0204 00       		.sleb128 0
 611 0205 1B       		.uleb128 0x1b
 612 0206 01       		.uleb128 0x1
 613 0207 51       		.byte	0x51
 614 0208 02       		.uleb128 0x2
 615 0209 74       		.byte	0x74
 616 020a 00       		.sleb128 0
 617 020b 1B       		.uleb128 0x1b
 618 020c 01       		.uleb128 0x1
 619 020d 50       		.byte	0x50
 620 020e 05       		.uleb128 0x5
 621 020f 0C       		.byte	0xc
 622 0210 00300F40 		.4byte	0x400f3000
 623 0214 00       		.byte	0
 624 0215 1C       		.uleb128 0x1c
 625 0216 22000000 		.4byte	.LVL2
 626 021a F1020000 		.4byte	0x2f1
 627 021e 1B       		.uleb128 0x1b
 628 021f 01       		.uleb128 0x1
 629 0220 52       		.byte	0x52
 630 0221 02       		.uleb128 0x2
 631 0222 75       		.byte	0x75
 632 0223 00       		.sleb128 0
 633 0224 1B       		.uleb128 0x1b
ARM GAS  C:\Users\Helon\AppData\Local\Temp\ccKeeQys.s 			page 19


 634 0225 01       		.uleb128 0x1
 635 0226 51       		.byte	0x51
 636 0227 02       		.uleb128 0x2
 637 0228 74       		.byte	0x74
 638 0229 00       		.sleb128 0
 639 022a 1B       		.uleb128 0x1b
 640 022b 01       		.uleb128 0x1
 641 022c 50       		.byte	0x50
 642 022d 05       		.uleb128 0x5
 643 022e 0C       		.byte	0xc
 644 022f 00400F40 		.4byte	0x400f4000
 645 0233 00       		.byte	0
 646 0234 00       		.byte	0
 647 0235 00       		.byte	0
 648 0236 00       		.byte	0
 649 0237 1D       		.uleb128 0x1d
 650 0238 18010000 		.4byte	0x118
 651 023c 36000000 		.4byte	.LBB22
 652 0240 50000000 		.4byte	.Ldebug_ranges0+0x50
 653 0244 01       		.byte	0x1
 654 0245 4301     		.2byte	0x143
 655 0247 E0020000 		.4byte	0x2e0
 656 024b 1E       		.uleb128 0x1e
 657 024c 8E000000 		.4byte	.LVL3
 658 0250 0E030000 		.4byte	0x30e
 659 0254 1A       		.uleb128 0x1a
 660 0255 94000000 		.4byte	.LVL4
 661 0259 15030000 		.4byte	0x315
 662 025d 6B020000 		.4byte	0x26b
 663 0261 1B       		.uleb128 0x1b
 664 0262 01       		.uleb128 0x1
 665 0263 50       		.byte	0x50
 666 0264 05       		.uleb128 0x5
 667 0265 0C       		.byte	0xc
 668 0266 001BB700 		.4byte	0xb71b00
 669 026a 00       		.byte	0
 670 026b 1A       		.uleb128 0x1a
 671 026c 9A000000 		.4byte	.LVL5
 672 0270 26030000 		.4byte	0x326
 673 0274 7E020000 		.4byte	0x27e
 674 0278 1B       		.uleb128 0x1b
 675 0279 01       		.uleb128 0x1
 676 027a 50       		.byte	0x50
 677 027b 01       		.uleb128 0x1
 678 027c 31       		.byte	0x31
 679 027d 00       		.byte	0
 680 027e 1A       		.uleb128 0x1a
 681 027f A0000000 		.4byte	.LVL6
 682 0283 3B030000 		.4byte	0x33b
 683 0287 91020000 		.4byte	0x291
 684 028b 1B       		.uleb128 0x1b
 685 028c 01       		.uleb128 0x1
 686 028d 50       		.byte	0x50
 687 028e 01       		.uleb128 0x1
 688 028f 40       		.byte	0x40
 689 0290 00       		.byte	0
 690 0291 1A       		.uleb128 0x1a
ARM GAS  C:\Users\Helon\AppData\Local\Temp\ccKeeQys.s 			page 20


 691 0292 C8000000 		.4byte	.LVL7
 692 0296 4C030000 		.4byte	0x34c
 693 029a A6020000 		.4byte	0x2a6
 694 029e 1B       		.uleb128 0x1b
 695 029f 01       		.uleb128 0x1
 696 02a0 50       		.byte	0x50
 697 02a1 03       		.uleb128 0x3
 698 02a2 0A       		.byte	0xa
 699 02a3 D007     		.2byte	0x7d0
 700 02a5 00       		.byte	0
 701 02a6 1A       		.uleb128 0x1a
 702 02a7 CE000000 		.4byte	.LVL8
 703 02ab 61030000 		.4byte	0x361
 704 02af BB020000 		.4byte	0x2bb
 705 02b3 1B       		.uleb128 0x1b
 706 02b4 01       		.uleb128 0x1
 707 02b5 50       		.byte	0x50
 708 02b6 03       		.uleb128 0x3
 709 02b7 0A       		.byte	0xa
 710 02b8 DC05     		.2byte	0x5dc
 711 02ba 00       		.byte	0
 712 02bb 1A       		.uleb128 0x1a
 713 02bc 06010000 		.4byte	.LVL9
 714 02c0 72030000 		.4byte	0x372
 715 02c4 CF020000 		.4byte	0x2cf
 716 02c8 1B       		.uleb128 0x1b
 717 02c9 01       		.uleb128 0x1
 718 02ca 50       		.byte	0x50
 719 02cb 02       		.uleb128 0x2
 720 02cc 75       		.byte	0x75
 721 02cd 00       		.sleb128 0
 722 02ce 00       		.byte	0
 723 02cf 1C       		.uleb128 0x1c
 724 02d0 0C010000 		.4byte	.LVL10
 725 02d4 8C030000 		.4byte	0x38c
 726 02d8 1B       		.uleb128 0x1b
 727 02d9 01       		.uleb128 0x1
 728 02da 50       		.byte	0x50
 729 02db 02       		.uleb128 0x2
 730 02dc 75       		.byte	0x75
 731 02dd 00       		.sleb128 0
 732 02de 00       		.byte	0
 733 02df 00       		.byte	0
 734 02e0 1F       		.uleb128 0x1f
 735 02e1 20010000 		.4byte	0x120
 736 02e5 14010000 		.4byte	.LBB29
 737 02e9 70000000 		.4byte	.Ldebug_ranges0+0x70
 738 02ed 01       		.byte	0x1
 739 02ee 4601     		.2byte	0x146
 740 02f0 00       		.byte	0
 741 02f1 20       		.uleb128 0x20
 742 02f2 D3000000 		.4byte	.LASF27
 743 02f6 7D000000 		.4byte	0x7d
 744 02fa 0E030000 		.4byte	0x30e
 745 02fe 21       		.uleb128 0x21
 746 02ff 7D000000 		.4byte	0x7d
 747 0303 21       		.uleb128 0x21
ARM GAS  C:\Users\Helon\AppData\Local\Temp\ccKeeQys.s 			page 21


 748 0304 25000000 		.4byte	0x25
 749 0308 21       		.uleb128 0x21
 750 0309 76000000 		.4byte	0x76
 751 030d 00       		.byte	0
 752 030e 22       		.uleb128 0x22
 753 030f 2D010000 		.4byte	.LASF39
 754 0313 05       		.byte	0x5
 755 0314 25       		.byte	0x25
 756 0315 23       		.uleb128 0x23
 757 0316 00000000 		.4byte	.LASF28
 758 031a 04       		.byte	0x4
 759 031b 5D       		.byte	0x5d
 760 031c 26030000 		.4byte	0x326
 761 0320 21       		.uleb128 0x21
 762 0321 A5000000 		.4byte	0xa5
 763 0325 00       		.byte	0
 764 0326 24       		.uleb128 0x24
 765 0327 F8000000 		.4byte	.LASF30
 766 032b 05       		.byte	0x5
 767 032c 27       		.byte	0x27
 768 032d A5000000 		.4byte	0xa5
 769 0331 3B030000 		.4byte	0x33b
 770 0335 21       		.uleb128 0x21
 771 0336 A5000000 		.4byte	0xa5
 772 033a 00       		.byte	0
 773 033b 23       		.uleb128 0x23
 774 033c 7C020000 		.4byte	.LASF29
 775 0340 04       		.byte	0x4
 776 0341 38       		.byte	0x38
 777 0342 4C030000 		.4byte	0x34c
 778 0346 21       		.uleb128 0x21
 779 0347 A5000000 		.4byte	0xa5
 780 034b 00       		.byte	0
 781 034c 24       		.uleb128 0x24
 782 034d 54020000 		.4byte	.LASF31
 783 0351 04       		.byte	0x4
 784 0352 87       		.byte	0x87
 785 0353 BF000000 		.4byte	0xbf
 786 0357 61030000 		.4byte	0x361
 787 035b 21       		.uleb128 0x21
 788 035c A5000000 		.4byte	0xa5
 789 0360 00       		.byte	0
 790 0361 23       		.uleb128 0x23
 791 0362 45020000 		.4byte	.LASF32
 792 0366 04       		.byte	0x4
 793 0367 5B       		.byte	0x5b
 794 0368 72030000 		.4byte	0x372
 795 036c 21       		.uleb128 0x21
 796 036d 99000000 		.4byte	0x99
 797 0371 00       		.byte	0
 798 0372 24       		.uleb128 0x24
 799 0373 A9000000 		.4byte	.LASF33
 800 0377 04       		.byte	0x4
 801 0378 49       		.byte	0x49
 802 0379 ED000000 		.4byte	0xed
 803 037d 8C030000 		.4byte	0x38c
 804 0381 21       		.uleb128 0x21
ARM GAS  C:\Users\Helon\AppData\Local\Temp\ccKeeQys.s 			page 22


 805 0382 8D000000 		.4byte	0x8d
 806 0386 21       		.uleb128 0x21
 807 0387 ED000000 		.4byte	0xed
 808 038b 00       		.byte	0
 809 038c 25       		.uleb128 0x25
 810 038d B4010000 		.4byte	.LASF40
 811 0391 04       		.byte	0x4
 812 0392 4F       		.byte	0x4f
 813 0393 21       		.uleb128 0x21
 814 0394 8D000000 		.4byte	0x8d
 815 0398 00       		.byte	0
 816 0399 00       		.byte	0
 817              		.section	.debug_abbrev,"",%progbits
 818              	.Ldebug_abbrev0:
 819 0000 01       		.uleb128 0x1
 820 0001 11       		.uleb128 0x11
 821 0002 01       		.byte	0x1
 822 0003 25       		.uleb128 0x25
 823 0004 0E       		.uleb128 0xe
 824 0005 13       		.uleb128 0x13
 825 0006 0B       		.uleb128 0xb
 826 0007 03       		.uleb128 0x3
 827 0008 0E       		.uleb128 0xe
 828 0009 1B       		.uleb128 0x1b
 829 000a 0E       		.uleb128 0xe
 830 000b 55       		.uleb128 0x55
 831 000c 17       		.uleb128 0x17
 832 000d 11       		.uleb128 0x11
 833 000e 01       		.uleb128 0x1
 834 000f 10       		.uleb128 0x10
 835 0010 17       		.uleb128 0x17
 836 0011 00       		.byte	0
 837 0012 00       		.byte	0
 838 0013 02       		.uleb128 0x2
 839 0014 24       		.uleb128 0x24
 840 0015 00       		.byte	0
 841 0016 0B       		.uleb128 0xb
 842 0017 0B       		.uleb128 0xb
 843 0018 3E       		.uleb128 0x3e
 844 0019 0B       		.uleb128 0xb
 845 001a 03       		.uleb128 0x3
 846 001b 08       		.uleb128 0x8
 847 001c 00       		.byte	0
 848 001d 00       		.byte	0
 849 001e 03       		.uleb128 0x3
 850 001f 16       		.uleb128 0x16
 851 0020 00       		.byte	0
 852 0021 03       		.uleb128 0x3
 853 0022 0E       		.uleb128 0xe
 854 0023 3A       		.uleb128 0x3a
 855 0024 0B       		.uleb128 0xb
 856 0025 3B       		.uleb128 0x3b
 857 0026 0B       		.uleb128 0xb
 858 0027 49       		.uleb128 0x49
 859 0028 13       		.uleb128 0x13
 860 0029 00       		.byte	0
 861 002a 00       		.byte	0
ARM GAS  C:\Users\Helon\AppData\Local\Temp\ccKeeQys.s 			page 23


 862 002b 04       		.uleb128 0x4
 863 002c 24       		.uleb128 0x24
 864 002d 00       		.byte	0
 865 002e 0B       		.uleb128 0xb
 866 002f 0B       		.uleb128 0xb
 867 0030 3E       		.uleb128 0x3e
 868 0031 0B       		.uleb128 0xb
 869 0032 03       		.uleb128 0x3
 870 0033 0E       		.uleb128 0xe
 871 0034 00       		.byte	0
 872 0035 00       		.byte	0
 873 0036 05       		.uleb128 0x5
 874 0037 0F       		.uleb128 0xf
 875 0038 00       		.byte	0
 876 0039 0B       		.uleb128 0xb
 877 003a 0B       		.uleb128 0xb
 878 003b 00       		.byte	0
 879 003c 00       		.byte	0
 880 003d 06       		.uleb128 0x6
 881 003e 0F       		.uleb128 0xf
 882 003f 00       		.byte	0
 883 0040 0B       		.uleb128 0xb
 884 0041 0B       		.uleb128 0xb
 885 0042 49       		.uleb128 0x49
 886 0043 13       		.uleb128 0x13
 887 0044 00       		.byte	0
 888 0045 00       		.byte	0
 889 0046 07       		.uleb128 0x7
 890 0047 15       		.uleb128 0x15
 891 0048 00       		.byte	0
 892 0049 27       		.uleb128 0x27
 893 004a 19       		.uleb128 0x19
 894 004b 00       		.byte	0
 895 004c 00       		.byte	0
 896 004d 08       		.uleb128 0x8
 897 004e 16       		.uleb128 0x16
 898 004f 00       		.byte	0
 899 0050 03       		.uleb128 0x3
 900 0051 0E       		.uleb128 0xe
 901 0052 3A       		.uleb128 0x3a
 902 0053 0B       		.uleb128 0xb
 903 0054 3B       		.uleb128 0x3b
 904 0055 05       		.uleb128 0x5
 905 0056 49       		.uleb128 0x49
 906 0057 13       		.uleb128 0x13
 907 0058 00       		.byte	0
 908 0059 00       		.byte	0
 909 005a 09       		.uleb128 0x9
 910 005b 35       		.uleb128 0x35
 911 005c 00       		.byte	0
 912 005d 49       		.uleb128 0x49
 913 005e 13       		.uleb128 0x13
 914 005f 00       		.byte	0
 915 0060 00       		.byte	0
 916 0061 0A       		.uleb128 0xa
 917 0062 2E       		.uleb128 0x2e
 918 0063 01       		.byte	0x1
ARM GAS  C:\Users\Helon\AppData\Local\Temp\ccKeeQys.s 			page 24


 919 0064 03       		.uleb128 0x3
 920 0065 0E       		.uleb128 0xe
 921 0066 3A       		.uleb128 0x3a
 922 0067 0B       		.uleb128 0xb
 923 0068 3B       		.uleb128 0x3b
 924 0069 0B       		.uleb128 0xb
 925 006a 27       		.uleb128 0x27
 926 006b 19       		.uleb128 0x19
 927 006c 20       		.uleb128 0x20
 928 006d 0B       		.uleb128 0xb
 929 006e 01       		.uleb128 0x1
 930 006f 13       		.uleb128 0x13
 931 0070 00       		.byte	0
 932 0071 00       		.byte	0
 933 0072 0B       		.uleb128 0xb
 934 0073 05       		.uleb128 0x5
 935 0074 00       		.byte	0
 936 0075 03       		.uleb128 0x3
 937 0076 08       		.uleb128 0x8
 938 0077 3A       		.uleb128 0x3a
 939 0078 0B       		.uleb128 0xb
 940 0079 3B       		.uleb128 0x3b
 941 007a 0B       		.uleb128 0xb
 942 007b 49       		.uleb128 0x49
 943 007c 13       		.uleb128 0x13
 944 007d 00       		.byte	0
 945 007e 00       		.byte	0
 946 007f 0C       		.uleb128 0xc
 947 0080 2E       		.uleb128 0x2e
 948 0081 00       		.byte	0
 949 0082 03       		.uleb128 0x3
 950 0083 0E       		.uleb128 0xe
 951 0084 3A       		.uleb128 0x3a
 952 0085 0B       		.uleb128 0xb
 953 0086 3B       		.uleb128 0x3b
 954 0087 0B       		.uleb128 0xb
 955 0088 27       		.uleb128 0x27
 956 0089 19       		.uleb128 0x19
 957 008a 20       		.uleb128 0x20
 958 008b 0B       		.uleb128 0xb
 959 008c 00       		.byte	0
 960 008d 00       		.byte	0
 961 008e 0D       		.uleb128 0xd
 962 008f 2E       		.uleb128 0x2e
 963 0090 01       		.byte	0x1
 964 0091 3F       		.uleb128 0x3f
 965 0092 19       		.uleb128 0x19
 966 0093 03       		.uleb128 0x3
 967 0094 0E       		.uleb128 0xe
 968 0095 3A       		.uleb128 0x3a
 969 0096 0B       		.uleb128 0xb
 970 0097 3B       		.uleb128 0x3b
 971 0098 05       		.uleb128 0x5
 972 0099 27       		.uleb128 0x27
 973 009a 19       		.uleb128 0x19
 974 009b 11       		.uleb128 0x11
 975 009c 01       		.uleb128 0x1
ARM GAS  C:\Users\Helon\AppData\Local\Temp\ccKeeQys.s 			page 25


 976 009d 12       		.uleb128 0x12
 977 009e 06       		.uleb128 0x6
 978 009f 40       		.uleb128 0x40
 979 00a0 18       		.uleb128 0x18
 980 00a1 9742     		.uleb128 0x2117
 981 00a3 19       		.uleb128 0x19
 982 00a4 01       		.uleb128 0x1
 983 00a5 13       		.uleb128 0x13
 984 00a6 00       		.byte	0
 985 00a7 00       		.byte	0
 986 00a8 0E       		.uleb128 0xe
 987 00a9 0B       		.uleb128 0xb
 988 00aa 01       		.byte	0x1
 989 00ab 55       		.uleb128 0x55
 990 00ac 17       		.uleb128 0x17
 991 00ad 01       		.uleb128 0x1
 992 00ae 13       		.uleb128 0x13
 993 00af 00       		.byte	0
 994 00b0 00       		.byte	0
 995 00b1 0F       		.uleb128 0xf
 996 00b2 13       		.uleb128 0x13
 997 00b3 01       		.byte	0x1
 998 00b4 0B       		.uleb128 0xb
 999 00b5 0B       		.uleb128 0xb
 1000 00b6 3A       		.uleb128 0x3a
 1001 00b7 0B       		.uleb128 0xb
 1002 00b8 3B       		.uleb128 0x3b
 1003 00b9 05       		.uleb128 0x5
 1004 00ba 01       		.uleb128 0x1
 1005 00bb 13       		.uleb128 0x13
 1006 00bc 00       		.byte	0
 1007 00bd 00       		.byte	0
 1008 00be 10       		.uleb128 0x10
 1009 00bf 0D       		.uleb128 0xd
 1010 00c0 00       		.byte	0
 1011 00c1 03       		.uleb128 0x3
 1012 00c2 0E       		.uleb128 0xe
 1013 00c3 3A       		.uleb128 0x3a
 1014 00c4 0B       		.uleb128 0xb
 1015 00c5 3B       		.uleb128 0x3b
 1016 00c6 05       		.uleb128 0x5
 1017 00c7 49       		.uleb128 0x49
 1018 00c8 13       		.uleb128 0x13
 1019 00c9 38       		.uleb128 0x38
 1020 00ca 0B       		.uleb128 0xb
 1021 00cb 00       		.byte	0
 1022 00cc 00       		.byte	0
 1023 00cd 11       		.uleb128 0x11
 1024 00ce 01       		.uleb128 0x1
 1025 00cf 01       		.byte	0x1
 1026 00d0 49       		.uleb128 0x49
 1027 00d1 13       		.uleb128 0x13
 1028 00d2 01       		.uleb128 0x1
 1029 00d3 13       		.uleb128 0x13
 1030 00d4 00       		.byte	0
 1031 00d5 00       		.byte	0
 1032 00d6 12       		.uleb128 0x12
ARM GAS  C:\Users\Helon\AppData\Local\Temp\ccKeeQys.s 			page 26


 1033 00d7 21       		.uleb128 0x21
 1034 00d8 00       		.byte	0
 1035 00d9 49       		.uleb128 0x49
 1036 00da 13       		.uleb128 0x13
 1037 00db 2F       		.uleb128 0x2f
 1038 00dc 0B       		.uleb128 0xb
 1039 00dd 00       		.byte	0
 1040 00de 00       		.byte	0
 1041 00df 13       		.uleb128 0x13
 1042 00e0 34       		.uleb128 0x34
 1043 00e1 00       		.byte	0
 1044 00e2 03       		.uleb128 0x3
 1045 00e3 0E       		.uleb128 0xe
 1046 00e4 3A       		.uleb128 0x3a
 1047 00e5 0B       		.uleb128 0xb
 1048 00e6 3B       		.uleb128 0x3b
 1049 00e7 05       		.uleb128 0x5
 1050 00e8 49       		.uleb128 0x49
 1051 00e9 13       		.uleb128 0x13
 1052 00ea 1C       		.uleb128 0x1c
 1053 00eb 0A       		.uleb128 0xa
 1054 00ec 00       		.byte	0
 1055 00ed 00       		.byte	0
 1056 00ee 14       		.uleb128 0x14
 1057 00ef 26       		.uleb128 0x26
 1058 00f0 00       		.byte	0
 1059 00f1 49       		.uleb128 0x49
 1060 00f2 13       		.uleb128 0x13
 1061 00f3 00       		.byte	0
 1062 00f4 00       		.byte	0
 1063 00f5 15       		.uleb128 0x15
 1064 00f6 34       		.uleb128 0x34
 1065 00f7 00       		.byte	0
 1066 00f8 03       		.uleb128 0x3
 1067 00f9 08       		.uleb128 0x8
 1068 00fa 3A       		.uleb128 0x3a
 1069 00fb 0B       		.uleb128 0xb
 1070 00fc 3B       		.uleb128 0x3b
 1071 00fd 05       		.uleb128 0x5
 1072 00fe 49       		.uleb128 0x49
 1073 00ff 13       		.uleb128 0x13
 1074 0100 02       		.uleb128 0x2
 1075 0101 17       		.uleb128 0x17
 1076 0102 00       		.byte	0
 1077 0103 00       		.byte	0
 1078 0104 16       		.uleb128 0x16
 1079 0105 0B       		.uleb128 0xb
 1080 0106 01       		.byte	0x1
 1081 0107 55       		.uleb128 0x55
 1082 0108 17       		.uleb128 0x17
 1083 0109 00       		.byte	0
 1084 010a 00       		.byte	0
 1085 010b 17       		.uleb128 0x17
 1086 010c 1D       		.uleb128 0x1d
 1087 010d 01       		.byte	0x1
 1088 010e 31       		.uleb128 0x31
 1089 010f 13       		.uleb128 0x13
ARM GAS  C:\Users\Helon\AppData\Local\Temp\ccKeeQys.s 			page 27


 1090 0110 52       		.uleb128 0x52
 1091 0111 01       		.uleb128 0x1
 1092 0112 55       		.uleb128 0x55
 1093 0113 17       		.uleb128 0x17
 1094 0114 58       		.uleb128 0x58
 1095 0115 0B       		.uleb128 0xb
 1096 0116 59       		.uleb128 0x59
 1097 0117 05       		.uleb128 0x5
 1098 0118 00       		.byte	0
 1099 0119 00       		.byte	0
 1100 011a 18       		.uleb128 0x18
 1101 011b 05       		.uleb128 0x5
 1102 011c 00       		.byte	0
 1103 011d 31       		.uleb128 0x31
 1104 011e 13       		.uleb128 0x13
 1105 011f 1C       		.uleb128 0x1c
 1106 0120 05       		.uleb128 0x5
 1107 0121 00       		.byte	0
 1108 0122 00       		.byte	0
 1109 0123 19       		.uleb128 0x19
 1110 0124 05       		.uleb128 0x5
 1111 0125 00       		.byte	0
 1112 0126 31       		.uleb128 0x31
 1113 0127 13       		.uleb128 0x13
 1114 0128 02       		.uleb128 0x2
 1115 0129 17       		.uleb128 0x17
 1116 012a 00       		.byte	0
 1117 012b 00       		.byte	0
 1118 012c 1A       		.uleb128 0x1a
 1119 012d 898201   		.uleb128 0x4109
 1120 0130 01       		.byte	0x1
 1121 0131 11       		.uleb128 0x11
 1122 0132 01       		.uleb128 0x1
 1123 0133 31       		.uleb128 0x31
 1124 0134 13       		.uleb128 0x13
 1125 0135 01       		.uleb128 0x1
 1126 0136 13       		.uleb128 0x13
 1127 0137 00       		.byte	0
 1128 0138 00       		.byte	0
 1129 0139 1B       		.uleb128 0x1b
 1130 013a 8A8201   		.uleb128 0x410a
 1131 013d 00       		.byte	0
 1132 013e 02       		.uleb128 0x2
 1133 013f 18       		.uleb128 0x18
 1134 0140 9142     		.uleb128 0x2111
 1135 0142 18       		.uleb128 0x18
 1136 0143 00       		.byte	0
 1137 0144 00       		.byte	0
 1138 0145 1C       		.uleb128 0x1c
 1139 0146 898201   		.uleb128 0x4109
 1140 0149 01       		.byte	0x1
 1141 014a 11       		.uleb128 0x11
 1142 014b 01       		.uleb128 0x1
 1143 014c 31       		.uleb128 0x31
 1144 014d 13       		.uleb128 0x13
 1145 014e 00       		.byte	0
 1146 014f 00       		.byte	0
ARM GAS  C:\Users\Helon\AppData\Local\Temp\ccKeeQys.s 			page 28


 1147 0150 1D       		.uleb128 0x1d
 1148 0151 1D       		.uleb128 0x1d
 1149 0152 01       		.byte	0x1
 1150 0153 31       		.uleb128 0x31
 1151 0154 13       		.uleb128 0x13
 1152 0155 52       		.uleb128 0x52
 1153 0156 01       		.uleb128 0x1
 1154 0157 55       		.uleb128 0x55
 1155 0158 17       		.uleb128 0x17
 1156 0159 58       		.uleb128 0x58
 1157 015a 0B       		.uleb128 0xb
 1158 015b 59       		.uleb128 0x59
 1159 015c 05       		.uleb128 0x5
 1160 015d 01       		.uleb128 0x1
 1161 015e 13       		.uleb128 0x13
 1162 015f 00       		.byte	0
 1163 0160 00       		.byte	0
 1164 0161 1E       		.uleb128 0x1e
 1165 0162 898201   		.uleb128 0x4109
 1166 0165 00       		.byte	0
 1167 0166 11       		.uleb128 0x11
 1168 0167 01       		.uleb128 0x1
 1169 0168 31       		.uleb128 0x31
 1170 0169 13       		.uleb128 0x13
 1171 016a 00       		.byte	0
 1172 016b 00       		.byte	0
 1173 016c 1F       		.uleb128 0x1f
 1174 016d 1D       		.uleb128 0x1d
 1175 016e 00       		.byte	0
 1176 016f 31       		.uleb128 0x31
 1177 0170 13       		.uleb128 0x13
 1178 0171 52       		.uleb128 0x52
 1179 0172 01       		.uleb128 0x1
 1180 0173 55       		.uleb128 0x55
 1181 0174 17       		.uleb128 0x17
 1182 0175 58       		.uleb128 0x58
 1183 0176 0B       		.uleb128 0xb
 1184 0177 59       		.uleb128 0x59
 1185 0178 05       		.uleb128 0x5
 1186 0179 00       		.byte	0
 1187 017a 00       		.byte	0
 1188 017b 20       		.uleb128 0x20
 1189 017c 2E       		.uleb128 0x2e
 1190 017d 01       		.byte	0x1
 1191 017e 3F       		.uleb128 0x3f
 1192 017f 19       		.uleb128 0x19
 1193 0180 03       		.uleb128 0x3
 1194 0181 0E       		.uleb128 0xe
 1195 0182 27       		.uleb128 0x27
 1196 0183 19       		.uleb128 0x19
 1197 0184 49       		.uleb128 0x49
 1198 0185 13       		.uleb128 0x13
 1199 0186 34       		.uleb128 0x34
 1200 0187 19       		.uleb128 0x19
 1201 0188 3C       		.uleb128 0x3c
 1202 0189 19       		.uleb128 0x19
 1203 018a 01       		.uleb128 0x1
ARM GAS  C:\Users\Helon\AppData\Local\Temp\ccKeeQys.s 			page 29


 1204 018b 13       		.uleb128 0x13
 1205 018c 00       		.byte	0
 1206 018d 00       		.byte	0
 1207 018e 21       		.uleb128 0x21
 1208 018f 05       		.uleb128 0x5
 1209 0190 00       		.byte	0
 1210 0191 49       		.uleb128 0x49
 1211 0192 13       		.uleb128 0x13
 1212 0193 00       		.byte	0
 1213 0194 00       		.byte	0
 1214 0195 22       		.uleb128 0x22
 1215 0196 2E       		.uleb128 0x2e
 1216 0197 00       		.byte	0
 1217 0198 3F       		.uleb128 0x3f
 1218 0199 19       		.uleb128 0x19
 1219 019a 03       		.uleb128 0x3
 1220 019b 0E       		.uleb128 0xe
 1221 019c 3A       		.uleb128 0x3a
 1222 019d 0B       		.uleb128 0xb
 1223 019e 3B       		.uleb128 0x3b
 1224 019f 0B       		.uleb128 0xb
 1225 01a0 27       		.uleb128 0x27
 1226 01a1 19       		.uleb128 0x19
 1227 01a2 3C       		.uleb128 0x3c
 1228 01a3 19       		.uleb128 0x19
 1229 01a4 00       		.byte	0
 1230 01a5 00       		.byte	0
 1231 01a6 23       		.uleb128 0x23
 1232 01a7 2E       		.uleb128 0x2e
 1233 01a8 01       		.byte	0x1
 1234 01a9 3F       		.uleb128 0x3f
 1235 01aa 19       		.uleb128 0x19
 1236 01ab 03       		.uleb128 0x3
 1237 01ac 0E       		.uleb128 0xe
 1238 01ad 3A       		.uleb128 0x3a
 1239 01ae 0B       		.uleb128 0xb
 1240 01af 3B       		.uleb128 0x3b
 1241 01b0 0B       		.uleb128 0xb
 1242 01b1 27       		.uleb128 0x27
 1243 01b2 19       		.uleb128 0x19
 1244 01b3 3C       		.uleb128 0x3c
 1245 01b4 19       		.uleb128 0x19
 1246 01b5 01       		.uleb128 0x1
 1247 01b6 13       		.uleb128 0x13
 1248 01b7 00       		.byte	0
 1249 01b8 00       		.byte	0
 1250 01b9 24       		.uleb128 0x24
 1251 01ba 2E       		.uleb128 0x2e
 1252 01bb 01       		.byte	0x1
 1253 01bc 3F       		.uleb128 0x3f
 1254 01bd 19       		.uleb128 0x19
 1255 01be 03       		.uleb128 0x3
 1256 01bf 0E       		.uleb128 0xe
 1257 01c0 3A       		.uleb128 0x3a
 1258 01c1 0B       		.uleb128 0xb
 1259 01c2 3B       		.uleb128 0x3b
 1260 01c3 0B       		.uleb128 0xb
ARM GAS  C:\Users\Helon\AppData\Local\Temp\ccKeeQys.s 			page 30


 1261 01c4 27       		.uleb128 0x27
 1262 01c5 19       		.uleb128 0x19
 1263 01c6 49       		.uleb128 0x49
 1264 01c7 13       		.uleb128 0x13
 1265 01c8 3C       		.uleb128 0x3c
 1266 01c9 19       		.uleb128 0x19
 1267 01ca 01       		.uleb128 0x1
 1268 01cb 13       		.uleb128 0x13
 1269 01cc 00       		.byte	0
 1270 01cd 00       		.byte	0
 1271 01ce 25       		.uleb128 0x25
 1272 01cf 2E       		.uleb128 0x2e
 1273 01d0 01       		.byte	0x1
 1274 01d1 3F       		.uleb128 0x3f
 1275 01d2 19       		.uleb128 0x19
 1276 01d3 03       		.uleb128 0x3
 1277 01d4 0E       		.uleb128 0xe
 1278 01d5 3A       		.uleb128 0x3a
 1279 01d6 0B       		.uleb128 0xb
 1280 01d7 3B       		.uleb128 0x3b
 1281 01d8 0B       		.uleb128 0xb
 1282 01d9 27       		.uleb128 0x27
 1283 01da 19       		.uleb128 0x19
 1284 01db 3C       		.uleb128 0x3c
 1285 01dc 19       		.uleb128 0x19
 1286 01dd 00       		.byte	0
 1287 01de 00       		.byte	0
 1288 01df 00       		.byte	0
 1289              		.section	.debug_loc,"",%progbits
 1290              	.Ldebug_loc0:
 1291              	.LLST0:
 1292 0000 0E000000 		.4byte	.LVL0
 1293 0004 18000000 		.4byte	.LVL1
 1294 0008 0200     		.2byte	0x2
 1295 000a 30       		.byte	0x30
 1296 000b 9F       		.byte	0x9f
 1297 000c 18000000 		.4byte	.LVL1
 1298 0010 22000000 		.4byte	.LVL2
 1299 0014 0200     		.2byte	0x2
 1300 0016 31       		.byte	0x31
 1301 0017 9F       		.byte	0x9f
 1302 0018 22000000 		.4byte	.LVL2
 1303 001c C8010000 		.4byte	.LFE7
 1304 0020 0200     		.2byte	0x2
 1305 0022 32       		.byte	0x32
 1306 0023 9F       		.byte	0x9f
 1307 0024 00000000 		.4byte	0
 1308 0028 00000000 		.4byte	0
 1309              	.LLST1:
 1310 002c 0E000000 		.4byte	.LVL0
 1311 0030 18000000 		.4byte	.LVL1
 1312 0034 0600     		.2byte	0x6
 1313 0036 F2       		.byte	0xf2
 1314 0037 87010000 		.4byte	.Ldebug_info0+391
 1315 003b 00       		.sleb128 0
 1316 003c 18000000 		.4byte	.LVL1
 1317 0040 C8010000 		.4byte	.LFE7
ARM GAS  C:\Users\Helon\AppData\Local\Temp\ccKeeQys.s 			page 31


 1318 0044 0600     		.2byte	0x6
 1319 0046 F2       		.byte	0xf2
 1320 0047 87010000 		.4byte	.Ldebug_info0+391
 1321 004b 06       		.sleb128 6
 1322 004c 00000000 		.4byte	0
 1323 0050 00000000 		.4byte	0
 1324              	.LLST2:
 1325 0054 0E000000 		.4byte	.LVL0
 1326 0058 18000000 		.4byte	.LVL1
 1327 005c 0600     		.2byte	0x6
 1328 005e 0C       		.byte	0xc
 1329 005f 00300F40 		.4byte	0x400f3000
 1330 0063 9F       		.byte	0x9f
 1331 0064 18000000 		.4byte	.LVL1
 1332 0068 C8010000 		.4byte	.LFE7
 1333 006c 0600     		.2byte	0x6
 1334 006e 0C       		.byte	0xc
 1335 006f 00400F40 		.4byte	0x400f4000
 1336 0073 9F       		.byte	0x9f
 1337 0074 00000000 		.4byte	0
 1338 0078 00000000 		.4byte	0
 1339              		.section	.debug_aranges,"",%progbits
 1340 0000 1C000000 		.4byte	0x1c
 1341 0004 0200     		.2byte	0x2
 1342 0006 00000000 		.4byte	.Ldebug_info0
 1343 000a 04       		.byte	0x4
 1344 000b 00       		.byte	0
 1345 000c 0000     		.2byte	0
 1346 000e 0000     		.2byte	0
 1347 0010 00000000 		.4byte	.LFB7
 1348 0014 C8010000 		.4byte	.LFE7-.LFB7
 1349 0018 00000000 		.4byte	0
 1350 001c 00000000 		.4byte	0
 1351              		.section	.debug_ranges,"",%progbits
 1352              	.Ldebug_ranges0:
 1353 0000 04000000 		.4byte	.LBB10
 1354 0004 06000000 		.4byte	.LBE10
 1355 0008 0A000000 		.4byte	.LBB20
 1356 000c 0C000000 		.4byte	.LBE20
 1357 0010 0E000000 		.4byte	.LBB21
 1358 0014 36000000 		.4byte	.LBE21
 1359 0018 38000000 		.4byte	.LBB26
 1360 001c 3C000000 		.4byte	.LBE26
 1361 0020 3C000000 		.4byte	.LBB27
 1362 0024 5C000000 		.4byte	.LBE27
 1363 0028 00000000 		.4byte	0
 1364 002c 00000000 		.4byte	0
 1365 0030 04000000 		.4byte	.LBB11
 1366 0034 06000000 		.4byte	.LBE11
 1367 0038 0A000000 		.4byte	.LBB18
 1368 003c 0C000000 		.4byte	.LBE18
 1369 0040 0E000000 		.4byte	.LBB19
 1370 0044 22000000 		.4byte	.LBE19
 1371 0048 00000000 		.4byte	0
 1372 004c 00000000 		.4byte	0
 1373 0050 36000000 		.4byte	.LBB22
 1374 0054 38000000 		.4byte	.LBE22
ARM GAS  C:\Users\Helon\AppData\Local\Temp\ccKeeQys.s 			page 32


 1375 0058 84000000 		.4byte	.LBB28
 1376 005c 14010000 		.4byte	.LBE28
 1377 0060 16010000 		.4byte	.LBB32
 1378 0064 18010000 		.4byte	.LBE32
 1379 0068 00000000 		.4byte	0
 1380 006c 00000000 		.4byte	0
 1381 0070 14010000 		.4byte	.LBB29
 1382 0074 16010000 		.4byte	.LBE29
 1383 0078 18010000 		.4byte	.LBB33
 1384 007c 24010000 		.4byte	.LBE33
 1385 0080 00000000 		.4byte	0
 1386 0084 00000000 		.4byte	0
 1387 0088 00000000 		.4byte	.LFB7
 1388 008c C8010000 		.4byte	.LFE7
 1389 0090 00000000 		.4byte	0
 1390 0094 00000000 		.4byte	0
 1391              		.section	.debug_line,"",%progbits
 1392              	.Ldebug_line0:
 1393 0000 7F010000 		.section	.debug_str,"MS",%progbits,1
 1393      0200E300 
 1393      00000201 
 1393      FB0E0D00 
 1393      01010101 
 1394              	.LASF28:
 1395 0000 43794465 		.ascii	"CyDelayCycles\000"
 1395      6C617943 
 1395      79636C65 
 1395      7300
 1396              	.LASF19:
 1397 000e 72656733 		.ascii	"reg32\000"
 1397      3200
 1398              	.LASF11:
 1399 0014 73697A65 		.ascii	"size_t\000"
 1399      5F7400
 1400              	.LASF34:
 1401 001b 474E5520 		.ascii	"GNU C 4.9.3 20150303 (release) [ARM/embedded-4_9-br"
 1401      4320342E 
 1401      392E3320 
 1401      32303135 
 1401      30333033 
 1402 004e 616E6368 		.ascii	"anch revision 221220] -mcpu=cortex-m0 -mthumb -g -O"
 1402      20726576 
 1402      6973696F 
 1402      6E203232 
 1402      31323230 
 1403 0081 73202D66 		.ascii	"s -ffunction-sections -ffat-lto-objects\000"
 1403      66756E63 
 1403      74696F6E 
 1403      2D736563 
 1403      74696F6E 
 1404              	.LASF33:
 1405 00a9 4379496E 		.ascii	"CyIntSetVector\000"
 1405      74536574 
 1405      56656374 
 1405      6F7200
 1406              	.LASF26:
 1407 00b8 6366675F 		.ascii	"cfg_memset_list\000"
ARM GAS  C:\Users\Helon\AppData\Local\Temp\ccKeeQys.s 			page 33


 1407      6D656D73 
 1407      65745F6C 
 1407      69737400 
 1408              	.LASF21:
 1409 00c8 436C6F63 		.ascii	"ClockSetup\000"
 1409      6B536574 
 1409      757000
 1410              	.LASF27:
 1411 00d3 6D656D73 		.ascii	"memset\000"
 1411      657400
 1412              	.LASF4:
 1413 00da 73686F72 		.ascii	"short unsigned int\000"
 1413      7420756E 
 1413      7369676E 
 1413      65642069 
 1413      6E7400
 1414              	.LASF15:
 1415 00ed 666C6F61 		.ascii	"float\000"
 1415      7400
 1416              	.LASF24:
 1417 00f3 73697A65 		.ascii	"size\000"
 1417      00
 1418              	.LASF30:
 1419 00f8 43795379 		.ascii	"CySysClkWcoSetPowerMode\000"
 1419      73436C6B 
 1419      57636F53 
 1419      6574506F 
 1419      7765724D 
 1420              	.LASF18:
 1421 0110 72656738 		.ascii	"reg8\000"
 1421      00
 1422              	.LASF6:
 1423 0115 6C6F6E67 		.ascii	"long unsigned int\000"
 1423      20756E73 
 1423      69676E65 
 1423      6420696E 
 1423      7400
 1424              	.LASF12:
 1425 0127 75696E74 		.ascii	"uint8\000"
 1425      3800
 1426              	.LASF39:
 1427 012d 43795379 		.ascii	"CySysClkWcoStart\000"
 1427      73436C6B 
 1427      57636F53 
 1427      74617274 
 1427      00
 1428              	.LASF37:
 1429 013e 43594D45 		.ascii	"CYMEMZERO\000"
 1429      4D5A4552 
 1429      4F00
 1430              	.LASF2:
 1431 0148 756E7369 		.ascii	"unsigned char\000"
 1431      676E6564 
 1431      20636861 
 1431      7200
 1432              	.LASF36:
 1433 0156 433A5C55 		.ascii	"C:\\Users\\Helon\\Desktop\\Troughpur_Central_Periph"
ARM GAS  C:\Users\Helon\AppData\Local\Temp\ccKeeQys.s 			page 34


 1433      73657273 
 1433      5C48656C 
 1433      6F6E5C44 
 1433      65736B74 
 1434 0185 6572616C 		.ascii	"eral\\Troughput_Central_Peripheral.cydsn\000"
 1434      5C54726F 
 1434      75676870 
 1434      75745F43 
 1434      656E7472 
 1435              	.LASF16:
 1436 01ad 646F7562 		.ascii	"double\000"
 1436      6C6500
 1437              	.LASF40:
 1438 01b4 4379496E 		.ascii	"CyIntEnable\000"
 1438      74456E61 
 1438      626C6500 
 1439              	.LASF13:
 1440 01c0 75696E74 		.ascii	"uint16\000"
 1440      313600
 1441              	.LASF17:
 1442 01c7 63797374 		.ascii	"cystatus\000"
 1442      61747573 
 1442      00
 1443              	.LASF14:
 1444 01d0 75696E74 		.ascii	"uint32\000"
 1444      333200
 1445              	.LASF0:
 1446 01d7 756E7369 		.ascii	"unsigned int\000"
 1446      676E6564 
 1446      20696E74 
 1446      00
 1447              	.LASF22:
 1448 01e4 416E616C 		.ascii	"AnalogSetDefault\000"
 1448      6F675365 
 1448      74446566 
 1448      61756C74 
 1448      00
 1449              	.LASF23:
 1450 01f5 61646472 		.ascii	"address\000"
 1450      65737300 
 1451              	.LASF8:
 1452 01fd 6C6F6E67 		.ascii	"long long unsigned int\000"
 1452      206C6F6E 
 1452      6720756E 
 1452      7369676E 
 1452      65642069 
 1453              	.LASF20:
 1454 0214 63796973 		.ascii	"cyisraddress\000"
 1454      72616464 
 1454      72657373 
 1454      00
 1455              	.LASF25:
 1456 0221 6366675F 		.ascii	"cfg_memset_t\000"
 1456      6D656D73 
 1456      65745F74 
 1456      00
 1457              	.LASF9:
ARM GAS  C:\Users\Helon\AppData\Local\Temp\ccKeeQys.s 			page 35


 1458 022e 73697A65 		.ascii	"sizetype\000"
 1458      74797065 
 1458      00
 1459              	.LASF7:
 1460 0237 6C6F6E67 		.ascii	"long long int\000"
 1460      206C6F6E 
 1460      6720696E 
 1460      7400
 1461              	.LASF32:
 1462 0245 43794465 		.ascii	"CyDelayUs\000"
 1462      6C617955 
 1462      7300
 1463              	.LASF10:
 1464 024f 63686172 		.ascii	"char\000"
 1464      00
 1465              	.LASF31:
 1466 0254 43795379 		.ascii	"CySysClkEcoStart\000"
 1466      73436C6B 
 1466      45636F53 
 1466      74617274 
 1466      00
 1467              	.LASF38:
 1468 0265 63796669 		.ascii	"cyfitter_cfg\000"
 1468      74746572 
 1468      5F636667 
 1468      00
 1469              	.LASF3:
 1470 0272 73686F72 		.ascii	"short int\000"
 1470      7420696E 
 1470      7400
 1471              	.LASF29:
 1472 027c 43795379 		.ascii	"CySysClkWriteImoFreq\000"
 1472      73436C6B 
 1472      57726974 
 1472      65496D6F 
 1472      46726571 
 1473              	.LASF5:
 1474 0291 6C6F6E67 		.ascii	"long int\000"
 1474      20696E74 
 1474      00
 1475              	.LASF1:
 1476 029a 7369676E 		.ascii	"signed char\000"
 1476      65642063 
 1476      68617200 
 1477              	.LASF35:
 1478 02a6 47656E65 		.ascii	"Generated_Source\\PSoC4\\cyfitter_cfg.c\000"
 1478      72617465 
 1478      645F536F 
 1478      75726365 
 1478      5C50536F 
 1479              		.ident	"GCC: (GNU Tools for ARM Embedded Processors) 4.9.3 20150303 (release) [ARM/embedded-4_9-br
